Ensure that all dependencies are up to date...  If this is the first time you have run Etherpad please be patient.
Ensure jQuery is downloaded and up to date...
Clear minfified cache...
ensure custom css/js files are created...
start...
[33m[2013-12-12 00:21:13.988] [WARN] console - [39mYou need to set a sessionKey value in settings.json, this will allow your users to reconnect to your Etherpad Instance if your instance restarts
[33m[2013-12-12 00:21:13.989] [WARN] console - [39mDirtyDB is used. This is fine for testing but not recommended for production.
[33m[2013-12-12 00:21:16.785] [WARN] pluginfw - [39m/home/jose/etherpad-lite/node_modules/ep_etherpad-lite/node_modules/connect requires formidable@'1.0.14' but will load
/home/jose/etherpad-lite/node_modules/ep_etherpad-lite/node_modules/formidable,
which is version 1.0.9 'unmet dependency'
[32m[2013-12-12 00:21:17.175] [INFO] console - [39mInstalled plugins: ep_aa_file_menu_toolbar, ep_align, ep_define, ep_etherpad-lite, ep_font_color, ep_font_family, ep_font_size, ep_header_and_footer, ep_headings, ep_hide_line_numbers, ep_line_height, ep_mammoth, ep_page_ruler, ep_page_view, ep_print, ep_set_title_on_pad, ep_spellcheck, ep_stats, ep_sticky_attributes, ep_subscript, ep_superscript, ep_table_of_contents
[32m[2013-12-12 00:21:17.232] [INFO] console - [39mYour Etherpad git version is 58cd71d
[32m[2013-12-12 00:21:17.232] [INFO] console - [39mReport bugs at https://github.com/ether/etherpad-lite/issues
[32m[2013-12-12 00:21:17.262] [INFO] console - [39minfo: 'socket.io started'
[32m[2013-12-12 00:21:17.300] [INFO] console - [39mYou can access your Etherpad instance at http://0.0.0.0:9001/
[33m[2013-12-12 00:21:17.300] [WARN] console - [39mAdmin username and password not set in settings.json.  To access admin please uncomment and edit 'users' in settings.json
[32m[2013-12-12 00:21:19.542] [INFO] socket.io - [39mhandshake authorized 'Q0D57Kksxf_4f7pYLdFP'
[32m[2013-12-12 00:21:19.685] [INFO] access - [39m[ENTER] Pad "URZdDp09KE": Client Q0D57Kksxf_4f7pYLdFP with IP "127.0.0.1" entered the pad
[32m[2013-12-12 00:21:27.902] [INFO] console - [39mthis { cc: 
   { incrementFlag: [Function],
     decrementFlag: [Function],
     incrementAttrib: [Function],
     decrementAttrib: [Function],
     startNewLine: [Function],
     notifySelection: [Function],
     doAttrib: [Function],
     collectContent: [Function],
     notifyNextNode: [Function],
     getLines: [Function],
     finish: [Function] },
  state: 
   { flags: {},
     localAttribs: null,
     attribs: {},
     attribString: '',
     lineAttributes: {} },
  tname: 'body',
  styl: '',
  cls: '' }
[32m[2013-12-12 00:21:27.903] [INFO] console - [39mthis { cc: 
   { incrementFlag: [Function],
     decrementFlag: [Function],
     incrementAttrib: [Function],
     decrementAttrib: [Function],
     startNewLine: [Function],
     notifySelection: [Function],
     doAttrib: [Function],
     collectContent: [Function],
     notifyNextNode: [Function],
     getLines: [Function],
     finish: [Function] },
  state: 
   { flags: {},
     localAttribs: null,
     attribs: {},
     attribString: '',
     lineAttributes: {} },
  tname: 'p',
  styl: '',
  cls: '' }
[32m[2013-12-12 00:21:27.904] [INFO] console - [39mthis2 { cc: 
   { incrementFlag: [Function],
     decrementFlag: [Function],
     incrementAttrib: [Function],
     decrementAttrib: [Function],
     startNewLine: [Function],
     notifySelection: [Function],
     doAttrib: [Function],
     collectContent: [Function],
     notifyNextNode: [Function],
     getLines: [Function],
     finish: [Function] },
  state: 
   { flags: {},
     localAttribs: null,
     attribs: {},
     attribString: '',
     lineAttributes: {} },
  tname: 'p',
  styl: '',
  cls: '' }
[32m[2013-12-12 00:21:27.904] [INFO] console - [39mthis { cc: 
   { incrementFlag: [Function],
     decrementFlag: [Function],
     incrementAttrib: [Function],
     decrementAttrib: [Function],
     startNewLine: [Function],
     notifySelection: [Function],
     doAttrib: [Function],
     collectContent: [Function],
     notifyNextNode: [Function],
     getLines: [Function],
     finish: [Function] },
  state: 
   { flags: {},
     localAttribs: null,
     attribs: {},
     attribString: '',
     lineAttributes: {} },
  tname: 'p',
  styl: '',
  cls: '' }
[32m[2013-12-12 00:21:27.910] [INFO] console - [39mthis2 { cc: 
   { incrementFlag: [Function],
     decrementFlag: [Function],
     incrementAttrib: [Function],
     decrementAttrib: [Function],
     startNewLine: [Function],
     notifySelection: [Function],
     doAttrib: [Function],
     collectContent: [Function],
     notifyNextNode: [Function],
     getLines: [Function],
     finish: [Function] },
  state: 
   { flags: {},
     localAttribs: null,
     attribs: {},
     attribString: '',
     lineAttributes: {} },
  tname: 'p',
  styl: '',
  cls: '' }
[32m[2013-12-12 00:21:27.911] [INFO] console - [39mthis { cc: 
   { incrementFlag: [Function],
     decrementFlag: [Function],
     incrementAttrib: [Function],
     decrementAttrib: [Function],
     startNewLine: [Function],
     notifySelection: [Function],
     doAttrib: [Function],
     collectContent: [Function],
     notifyNextNode: [Function],
     getLines: [Function],
     finish: [Function] },
  state: 
   { flags: {},
     localAttribs: null,
     attribs: {},
     attribString: '',
     lineAttributes: {} },
  tname: 'p',
  styl: '',
  cls: '' }
[32m[2013-12-12 00:21:27.913] [INFO] console - [39mthis2 { cc: 
   { incrementFlag: [Function],
     decrementFlag: [Function],
     incrementAttrib: [Function],
     decrementAttrib: [Function],
     startNewLine: [Function],
     notifySelection: [Function],
     doAttrib: [Function],
     collectContent: [Function],
     notifyNextNode: [Function],
     getLines: [Function],
     finish: [Function] },
  state: 
   { flags: {},
     localAttribs: null,
     attribs: {},
     attribString: '',
     lineAttributes: {} },
  tname: 'p',
  styl: '',
  cls: '' }
[32m[2013-12-12 00:21:27.913] [INFO] console - [39mthis { cc: 
   { incrementFlag: [Function],
     decrementFlag: [Function],
     incrementAttrib: [Function],
     decrementAttrib: [Function],
     startNewLine: [Function],
     notifySelection: [Function],
     doAttrib: [Function],
     collectContent: [Function],
     notifyNextNode: [Function],
     getLines: [Function],
     finish: [Function] },
  state: 
   { flags: {},
     localAttribs: null,
     attribs: {},
     attribString: '',
     lineAttributes: {} },
  tname: 'p',
  styl: '',
  cls: '' }
[32m[2013-12-12 00:21:27.914] [INFO] console - [39mthis2 { cc: 
   { incrementFlag: [Function],
     decrementFlag: [Function],
     incrementAttrib: [Function],
     decrementAttrib: [Function],
     startNewLine: [Function],
     notifySelection: [Function],
     doAttrib: [Function],
     collectContent: [Function],
     notifyNextNode: [Function],
     getLines: [Function],
     finish: [Function] },
  state: 
   { flags: {},
     localAttribs: null,
     attribs: {},
     attribString: '',
     lineAttributes: {} },
  tname: 'p',
  styl: '',
  cls: '' }
[32m[2013-12-12 00:21:27.914] [INFO] console - [39mthis { cc: 
   { incrementFlag: [Function],
     decrementFlag: [Function],
     incrementAttrib: [Function],
     decrementAttrib: [Function],
     startNewLine: [Function],
     notifySelection: [Function],
     doAttrib: [Function],
     collectContent: [Function],
     notifyNextNode: [Function],
     getLines: [Function],
     finish: [Function] },
  state: 
   { flags: {},
     localAttribs: null,
     attribs: {},
     attribString: '',
     lineAttributes: {} },
  tname: 'p',
  styl: '',
  cls: '' }
[32m[2013-12-12 00:21:27.915] [INFO] console - [39mthis2 { cc: 
   { incrementFlag: [Function],
     decrementFlag: [Function],
     incrementAttrib: [Function],
     decrementAttrib: [Function],
     startNewLine: [Function],
     notifySelection: [Function],
     doAttrib: [Function],
     collectContent: [Function],
     notifyNextNode: [Function],
     getLines: [Function],
     finish: [Function] },
  state: 
   { flags: {},
     localAttribs: null,
     attribs: {},
     attribString: '',
     lineAttributes: {} },
  tname: 'p',
  styl: '',
  cls: '' }
[32m[2013-12-12 00:21:27.915] [INFO] console - [39mthis { cc: 
   { incrementFlag: [Function],
     decrementFlag: [Function],
     incrementAttrib: [Function],
     decrementAttrib: [Function],
     startNewLine: [Function],
     notifySelection: [Function],
     doAttrib: [Function],
     collectContent: [Function],
     notifyNextNode: [Function],
     getLines: [Function],
     finish: [Function] },
  state: 
   { flags: {},
     localAttribs: null,
     attribs: {},
     attribString: '',
     lineAttributes: {} },
  tname: 'p',
  styl: '',
  cls: '' }
[32m[2013-12-12 00:21:27.915] [INFO] console - [39mthis2 { cc: 
   { incrementFlag: [Function],
     decrementFlag: [Function],
     incrementAttrib: [Function],
     decrementAttrib: [Function],
     startNewLine: [Function],
     notifySelection: [Function],
     doAttrib: [Function],
     collectContent: [Function],
     notifyNextNode: [Function],
     getLines: [Function],
     finish: [Function] },
  state: 
   { flags: {},
     localAttribs: null,
     attribs: {},
     attribString: '',
     lineAttributes: {} },
  tname: 'p',
  styl: '',
  cls: '' }
[32m[2013-12-12 00:21:27.916] [INFO] console - [39mthis { cc: 
   { incrementFlag: [Function],
     decrementFlag: [Function],
     incrementAttrib: [Function],
     decrementAttrib: [Function],
     startNewLine: [Function],
     notifySelection: [Function],
     doAttrib: [Function],
     collectContent: [Function],
     notifyNextNode: [Function],
     getLines: [Function],
     finish: [Function] },
  state: 
   { flags: {},
     localAttribs: null,
     attribs: {},
     attribString: '',
     lineAttributes: {} },
  tname: 'p',
  styl: '',
  cls: '' }
[32m[2013-12-12 00:21:27.916] [INFO] console - [39mthis2 { cc: 
   { incrementFlag: [Function],
     decrementFlag: [Function],
     incrementAttrib: [Function],
     decrementAttrib: [Function],
     startNewLine: [Function],
     notifySelection: [Function],
     doAttrib: [Function],
     collectContent: [Function],
     notifyNextNode: [Function],
     getLines: [Function],
     finish: [Function] },
  state: 
   { flags: {},
     localAttribs: null,
     attribs: {},
     attribString: '',
     lineAttributes: {} },
  tname: 'p',
  styl: '',
  cls: '' }
[32m[2013-12-12 00:21:27.917] [INFO] console - [39mthis { cc: 
   { incrementFlag: [Function],
     decrementFlag: [Function],
     incrementAttrib: [Function],
     decrementAttrib: [Function],
     startNewLine: [Function],
     notifySelection: [Function],
     doAttrib: [Function],
     collectContent: [Function],
     notifyNextNode: [Function],
     getLines: [Function],
     finish: [Function] },
  state: 
   { flags: {},
     localAttribs: null,
     attribs: {},
     attribString: '',
     lineAttributes: {} },
  tname: 'p',
  styl: '',
  cls: '' }
[32m[2013-12-12 00:21:27.917] [INFO] console - [39mthis2 { cc: 
   { incrementFlag: [Function],
     decrementFlag: [Function],
     incrementAttrib: [Function],
     decrementAttrib: [Function],
     startNewLine: [Function],
     notifySelection: [Function],
     doAttrib: [Function],
     collectContent: [Function],
     notifyNextNode: [Function],
     getLines: [Function],
     finish: [Function] },
  state: 
   { flags: {},
     localAttribs: null,
     attribs: {},
     attribString: '',
     lineAttributes: {} },
  tname: 'p',
  styl: '',
  cls: '' }
[32m[2013-12-12 00:21:27.917] [INFO] console - [39mthis { cc: 
   { incrementFlag: [Function],
     decrementFlag: [Function],
     incrementAttrib: [Function],
     decrementAttrib: [Function],
     startNewLine: [Function],
     notifySelection: [Function],
     doAttrib: [Function],
     collectContent: [Function],
     notifyNextNode: [Function],
     getLines: [Function],
     finish: [Function] },
  state: 
   { flags: {},
     localAttribs: null,
     attribs: {},
     attribString: '',
     lineAttributes: {} },
  tname: 'p',
  styl: '',
  cls: '' }
[32m[2013-12-12 00:21:27.919] [INFO] console - [39mthis2 { cc: 
   { incrementFlag: [Function],
     decrementFlag: [Function],
     incrementAttrib: [Function],
     decrementAttrib: [Function],
     startNewLine: [Function],
     notifySelection: [Function],
     doAttrib: [Function],
     collectContent: [Function],
     notifyNextNode: [Function],
     getLines: [Function],
     finish: [Function] },
  state: 
   { flags: {},
     localAttribs: null,
     attribs: {},
     attribString: '',
     lineAttributes: {} },
  tname: 'p',
  styl: '',
  cls: '' }
[32m[2013-12-12 00:21:27.920] [INFO] console - [39mthis { cc: 
   { incrementFlag: [Function],
     decrementFlag: [Function],
     incrementAttrib: [Function],
     decrementAttrib: [Function],
     startNewLine: [Function],
     notifySelection: [Function],
     doAttrib: [Function],
     collectContent: [Function],
     notifyNextNode: [Function],
     getLines: [Function],
     finish: [Function] },
  state: 
   { flags: {},
     localAttribs: null,
     attribs: {},
     attribString: '',
     lineAttributes: {} },
  tname: 'p',
  styl: '',
  cls: '' }
[32m[2013-12-12 00:21:27.921] [INFO] console - [39mthis2 { cc: 
   { incrementFlag: [Function],
     decrementFlag: [Function],
     incrementAttrib: [Function],
     decrementAttrib: [Function],
     startNewLine: [Function],
     notifySelection: [Function],
     doAttrib: [Function],
     collectContent: [Function],
     notifyNextNode: [Function],
     getLines: [Function],
     finish: [Function] },
  state: 
   { flags: {},
     localAttribs: null,
     attribs: {},
     attribString: '',
     lineAttributes: {} },
  tname: 'p',
  styl: '',
  cls: '' }
[32m[2013-12-12 00:21:27.921] [INFO] console - [39mthis { cc: 
   { incrementFlag: [Function],
     decrementFlag: [Function],
     incrementAttrib: [Function],
     decrementAttrib: [Function],
     startNewLine: [Function],
     notifySelection: [Function],
     doAttrib: [Function],
     collectContent: [Function],
     notifyNextNode: [Function],
     getLines: [Function],
     finish: [Function] },
  state: 
   { flags: {},
     localAttribs: null,
     attribs: {},
     attribString: '',
     lineAttributes: {} },
  tname: 'p',
  styl: '',
  cls: '' }
[32m[2013-12-12 00:21:27.921] [INFO] console - [39mthis2 { cc: 
   { incrementFlag: [Function],
     decrementFlag: [Function],
     incrementAttrib: [Function],
     decrementAttrib: [Function],
     startNewLine: [Function],
     notifySelection: [Function],
     doAttrib: [Function],
     collectContent: [Function],
     notifyNextNode: [Function],
     getLines: [Function],
     finish: [Function] },
  state: 
   { flags: {},
     localAttribs: null,
     attribs: {},
     attribString: '',
     lineAttributes: {} },
  tname: 'p',
  styl: '',
  cls: '' }
[32m[2013-12-12 00:21:27.922] [INFO] console - [39mthis { cc: 
   { incrementFlag: [Function],
     decrementFlag: [Function],
     incrementAttrib: [Function],
     decrementAttrib: [Function],
     startNewLine: [Function],
     notifySelection: [Function],
     doAttrib: [Function],
     collectContent: [Function],
     notifyNextNode: [Function],
     getLines: [Function],
     finish: [Function] },
  state: 
   { flags: {},
     localAttribs: null,
     attribs: {},
     attribString: '',
     lineAttributes: {} },
  tname: 'p',
  styl: '',
  cls: '' }
[32m[2013-12-12 00:21:27.922] [INFO] console - [39mthis2 { cc: 
   { incrementFlag: [Function],
     decrementFlag: [Function],
     incrementAttrib: [Function],
     decrementAttrib: [Function],
     startNewLine: [Function],
     notifySelection: [Function],
     doAttrib: [Function],
     collectContent: [Function],
     notifyNextNode: [Function],
     getLines: [Function],
     finish: [Function] },
  state: 
   { flags: {},
     localAttribs: null,
     attribs: {},
     attribString: '',
     lineAttributes: {} },
  tname: 'p',
  styl: '',
  cls: '' }
[32m[2013-12-12 00:21:27.922] [INFO] console - [39mthis { cc: 
   { incrementFlag: [Function],
     decrementFlag: [Function],
     incrementAttrib: [Function],
     decrementAttrib: [Function],
     startNewLine: [Function],
     notifySelection: [Function],
     doAttrib: [Function],
     collectContent: [Function],
     notifyNextNode: [Function],
     getLines: [Function],
     finish: [Function] },
  state: 
   { flags: {},
     localAttribs: null,
     attribs: {},
     attribString: '',
     lineAttributes: {} },
  tname: 'p',
  styl: '',
  cls: '' }
[32m[2013-12-12 00:21:27.922] [INFO] console - [39mthis2 { cc: 
   { incrementFlag: [Function],
     decrementFlag: [Function],
     incrementAttrib: [Function],
     decrementAttrib: [Function],
     startNewLine: [Function],
     notifySelection: [Function],
     doAttrib: [Function],
     collectContent: [Function],
     notifyNextNode: [Function],
     getLines: [Function],
     finish: [Function] },
  state: 
   { flags: {},
     localAttribs: null,
     attribs: {},
     attribString: '',
     lineAttributes: {} },
  tname: 'p',
  styl: '',
  cls: '' }
[32m[2013-12-12 00:21:27.923] [INFO] console - [39mthis { cc: 
   { incrementFlag: [Function],
     decrementFlag: [Function],
     incrementAttrib: [Function],
     decrementAttrib: [Function],
     startNewLine: [Function],
     notifySelection: [Function],
     doAttrib: [Function],
     collectContent: [Function],
     notifyNextNode: [Function],
     getLines: [Function],
     finish: [Function] },
  state: 
   { flags: {},
     localAttribs: null,
     attribs: {},
     attribString: '',
     lineAttributes: {} },
  tname: 'p',
  styl: '',
  cls: '' }
[32m[2013-12-12 00:21:27.923] [INFO] console - [39mthis2 { cc: 
   { incrementFlag: [Function],
     decrementFlag: [Function],
     incrementAttrib: [Function],
     decrementAttrib: [Function],
     startNewLine: [Function],
     notifySelection: [Function],
     doAttrib: [Function],
     collectContent: [Function],
     notifyNextNode: [Function],
     getLines: [Function],
     finish: [Function] },
  state: 
   { flags: {},
     localAttribs: null,
     attribs: {},
     attribString: '',
     lineAttributes: {} },
  tname: 'p',
  styl: '',
  cls: '' }
[32m[2013-12-12 00:21:27.924] [INFO] console - [39mthis { cc: 
   { incrementFlag: [Function],
     decrementFlag: [Function],
     incrementAttrib: [Function],
     decrementAttrib: [Function],
     startNewLine: [Function],
     notifySelection: [Function],
     doAttrib: [Function],
     collectContent: [Function],
     notifyNextNode: [Function],
     getLines: [Function],
     finish: [Function] },
  state: 
   { flags: {},
     localAttribs: null,
     attribs: {},
     attribString: '',
     lineAttributes: {} },
  tname: 'p',
  styl: '',
  cls: '' }
[32m[2013-12-12 00:21:27.924] [INFO] console - [39mthis2 { cc: 
   { incrementFlag: [Function],
     decrementFlag: [Function],
     incrementAttrib: [Function],
     decrementAttrib: [Function],
     startNewLine: [Function],
     notifySelection: [Function],
     doAttrib: [Function],
     collectContent: [Function],
     notifyNextNode: [Function],
     getLines: [Function],
     finish: [Function] },
  state: 
   { flags: {},
     localAttribs: null,
     attribs: {},
     attribString: '',
     lineAttributes: {} },
  tname: 'p',
  styl: '',
  cls: '' }
[32m[2013-12-12 00:21:27.924] [INFO] console - [39mthis { cc: 
   { incrementFlag: [Function],
     decrementFlag: [Function],
     incrementAttrib: [Function],
     decrementAttrib: [Function],
     startNewLine: [Function],
     notifySelection: [Function],
     doAttrib: [Function],
     collectContent: [Function],
     notifyNextNode: [Function],
     getLines: [Function],
     finish: [Function] },
  state: 
   { flags: {},
     localAttribs: null,
     attribs: {},
     attribString: '',
     lineAttributes: {} },
  tname: 'p',
  styl: '',
  cls: '' }
[32m[2013-12-12 00:21:27.924] [INFO] console - [39mthis2 { cc: 
   { incrementFlag: [Function],
     decrementFlag: [Function],
     incrementAttrib: [Function],
     decrementAttrib: [Function],
     startNewLine: [Function],
     notifySelection: [Function],
     doAttrib: [Function],
     collectContent: [Function],
     notifyNextNode: [Function],
     getLines: [Function],
     finish: [Function] },
  state: 
   { flags: {},
     localAttribs: null,
     attribs: {},
     attribString: '',
     lineAttributes: {} },
  tname: 'p',
  styl: '',
  cls: '' }
[32m[2013-12-12 00:21:27.925] [INFO] console - [39mthis { cc: 
   { incrementFlag: [Function],
     decrementFlag: [Function],
     incrementAttrib: [Function],
     decrementAttrib: [Function],
     startNewLine: [Function],
     notifySelection: [Function],
     doAttrib: [Function],
     collectContent: [Function],
     notifyNextNode: [Function],
     getLines: [Function],
     finish: [Function] },
  state: 
   { flags: {},
     localAttribs: null,
     attribs: {},
     attribString: '',
     lineAttributes: {} },
  tname: 'p',
  styl: '',
  cls: '' }
[32m[2013-12-12 00:21:27.925] [INFO] console - [39mthis2 { cc: 
   { incrementFlag: [Function],
     decrementFlag: [Function],
     incrementAttrib: [Function],
     decrementAttrib: [Function],
     startNewLine: [Function],
     notifySelection: [Function],
     doAttrib: [Function],
     collectContent: [Function],
     notifyNextNode: [Function],
     getLines: [Function],
     finish: [Function] },
  state: 
   { flags: {},
     localAttribs: null,
     attribs: {},
     attribString: '',
     lineAttributes: {} },
  tname: 'p',
  styl: '',
  cls: '' }
[32m[2013-12-12 00:21:27.925] [INFO] console - [39mthis { cc: 
   { incrementFlag: [Function],
     decrementFlag: [Function],
     incrementAttrib: [Function],
     decrementAttrib: [Function],
     startNewLine: [Function],
     notifySelection: [Function],
     doAttrib: [Function],
     collectContent: [Function],
     notifyNextNode: [Function],
     getLines: [Function],
     finish: [Function] },
  state: 
   { flags: {},
     localAttribs: null,
     attribs: {},
     attribString: '',
     lineAttributes: {} },
  tname: 'p',
  styl: '',
  cls: '' }
[32m[2013-12-12 00:21:27.927] [INFO] console - [39mthis2 { cc: 
   { incrementFlag: [Function],
     decrementFlag: [Function],
     incrementAttrib: [Function],
     decrementAttrib: [Function],
     startNewLine: [Function],
     notifySelection: [Function],
     doAttrib: [Function],
     collectContent: [Function],
     notifyNextNode: [Function],
     getLines: [Function],
     finish: [Function] },
  state: 
   { flags: {},
     localAttribs: null,
     attribs: {},
     attribString: '',
     lineAttributes: {} },
  tname: 'p',
  styl: '',
  cls: '' }
[32m[2013-12-12 00:21:27.927] [INFO] console - [39mthis { cc: 
   { incrementFlag: [Function],
     decrementFlag: [Function],
     incrementAttrib: [Function],
     decrementAttrib: [Function],
     startNewLine: [Function],
     notifySelection: [Function],
     doAttrib: [Function],
     collectContent: [Function],
     notifyNextNode: [Function],
     getLines: [Function],
     finish: [Function] },
  state: 
   { flags: {},
     localAttribs: null,
     attribs: {},
     attribString: '',
     lineAttributes: {} },
  tname: 'p',
  styl: '',
  cls: '' }
[32m[2013-12-12 00:21:27.927] [INFO] console - [39mthis2 { cc: 
   { incrementFlag: [Function],
     decrementFlag: [Function],
     incrementAttrib: [Function],
     decrementAttrib: [Function],
     startNewLine: [Function],
     notifySelection: [Function],
     doAttrib: [Function],
     collectContent: [Function],
     notifyNextNode: [Function],
     getLines: [Function],
     finish: [Function] },
  state: 
   { flags: {},
     localAttribs: null,
     attribs: {},
     attribString: '',
     lineAttributes: {} },
  tname: 'p',
  styl: '',
  cls: '' }
[32m[2013-12-12 00:21:27.927] [INFO] console - [39mthis { cc: 
   { incrementFlag: [Function],
     decrementFlag: [Function],
     incrementAttrib: [Function],
     decrementAttrib: [Function],
     startNewLine: [Function],
     notifySelection: [Function],
     doAttrib: [Function],
     collectContent: [Function],
     notifyNextNode: [Function],
     getLines: [Function],
     finish: [Function] },
  state: 
   { flags: {},
     localAttribs: null,
     attribs: {},
     attribString: '',
     lineAttributes: {} },
  tname: 'p',
  styl: '',
  cls: '' }
[32m[2013-12-12 00:21:27.928] [INFO] console - [39mthis2 { cc: 
   { incrementFlag: [Function],
     decrementFlag: [Function],
     incrementAttrib: [Function],
     decrementAttrib: [Function],
     startNewLine: [Function],
     notifySelection: [Function],
     doAttrib: [Function],
     collectContent: [Function],
     notifyNextNode: [Function],
     getLines: [Function],
     finish: [Function] },
  state: 
   { flags: {},
     localAttribs: null,
     attribs: {},
     attribString: '',
     lineAttributes: {} },
  tname: 'p',
  styl: '',
  cls: '' }
[32m[2013-12-12 00:21:27.928] [INFO] console - [39mthis { cc: 
   { incrementFlag: [Function],
     decrementFlag: [Function],
     incrementAttrib: [Function],
     decrementAttrib: [Function],
     startNewLine: [Function],
     notifySelection: [Function],
     doAttrib: [Function],
     collectContent: [Function],
     notifyNextNode: [Function],
     getLines: [Function],
     finish: [Function] },
  state: 
   { flags: {},
     localAttribs: null,
     attribs: {},
     attribString: '',
     lineAttributes: {} },
  tname: 'p',
  styl: '',
  cls: '' }
[32m[2013-12-12 00:21:27.928] [INFO] console - [39mthis2 { cc: 
   { incrementFlag: [Function],
     decrementFlag: [Function],
     incrementAttrib: [Function],
     decrementAttrib: [Function],
     startNewLine: [Function],
     notifySelection: [Function],
     doAttrib: [Function],
     collectContent: [Function],
     notifyNextNode: [Function],
     getLines: [Function],
     finish: [Function] },
  state: 
   { flags: {},
     localAttribs: null,
     attribs: {},
     attribString: '',
     lineAttributes: {} },
  tname: 'p',
  styl: '',
  cls: '' }
[32m[2013-12-12 00:21:27.928] [INFO] console - [39mthis { cc: 
   { incrementFlag: [Function],
     decrementFlag: [Function],
     incrementAttrib: [Function],
     decrementAttrib: [Function],
     startNewLine: [Function],
     notifySelection: [Function],
     doAttrib: [Function],
     collectContent: [Function],
     notifyNextNode: [Function],
     getLines: [Function],
     finish: [Function] },
  state: 
   { flags: {},
     localAttribs: null,
     attribs: {},
     attribString: '',
     lineAttributes: {} },
  tname: 'p',
  styl: '',
  cls: '' }
[32m[2013-12-12 00:21:27.929] [INFO] console - [39mthis2 { cc: 
   { incrementFlag: [Function],
     decrementFlag: [Function],
     incrementAttrib: [Function],
     decrementAttrib: [Function],
     startNewLine: [Function],
     notifySelection: [Function],
     doAttrib: [Function],
     collectContent: [Function],
     notifyNextNode: [Function],
     getLines: [Function],
     finish: [Function] },
  state: 
   { flags: {},
     localAttribs: null,
     attribs: {},
     attribString: '',
     lineAttributes: {} },
  tname: 'p',
  styl: '',
  cls: '' }
[32m[2013-12-12 00:21:27.929] [INFO] console - [39mthis { cc: 
   { incrementFlag: [Function],
     decrementFlag: [Function],
     incrementAttrib: [Function],
     decrementAttrib: [Function],
     startNewLine: [Function],
     notifySelection: [Function],
     doAttrib: [Function],
     collectContent: [Function],
     notifyNextNode: [Function],
     getLines: [Function],
     finish: [Function] },
  state: 
   { flags: {},
     localAttribs: null,
     attribs: {},
     attribString: '',
     lineAttributes: {} },
  tname: 'p',
  styl: '',
  cls: '' }
[32m[2013-12-12 00:21:27.929] [INFO] console - [39mthis2 { cc: 
   { incrementFlag: [Function],
     decrementFlag: [Function],
     incrementAttrib: [Function],
     decrementAttrib: [Function],
     startNewLine: [Function],
     notifySelection: [Function],
     doAttrib: [Function],
     collectContent: [Function],
     notifyNextNode: [Function],
     getLines: [Function],
     finish: [Function] },
  state: 
   { flags: {},
     localAttribs: null,
     attribs: {},
     attribString: '',
     lineAttributes: {} },
  tname: 'p',
  styl: '',
  cls: '' }
[32m[2013-12-12 00:21:27.930] [INFO] console - [39mthis { cc: 
   { incrementFlag: [Function],
     decrementFlag: [Function],
     incrementAttrib: [Function],
     decrementAttrib: [Function],
     startNewLine: [Function],
     notifySelection: [Function],
     doAttrib: [Function],
     collectContent: [Function],
     notifyNextNode: [Function],
     getLines: [Function],
     finish: [Function] },
  state: 
   { flags: {},
     localAttribs: null,
     attribs: {},
     attribString: '',
     lineAttributes: {} },
  tname: 'p',
  styl: '',
  cls: '' }
[32m[2013-12-12 00:21:27.931] [INFO] console - [39mthis2 { cc: 
   { incrementFlag: [Function],
     decrementFlag: [Function],
     incrementAttrib: [Function],
     decrementAttrib: [Function],
     startNewLine: [Function],
     notifySelection: [Function],
     doAttrib: [Function],
     collectContent: [Function],
     notifyNextNode: [Function],
     getLines: [Function],
     finish: [Function] },
  state: 
   { flags: {},
     localAttribs: null,
     attribs: {},
     attribString: '',
     lineAttributes: {} },
  tname: 'p',
  styl: '',
  cls: '' }
[32m[2013-12-12 00:21:27.931] [INFO] console - [39mthis { cc: 
   { incrementFlag: [Function],
     decrementFlag: [Function],
     incrementAttrib: [Function],
     decrementAttrib: [Function],
     startNewLine: [Function],
     notifySelection: [Function],
     doAttrib: [Function],
     collectContent: [Function],
     notifyNextNode: [Function],
     getLines: [Function],
     finish: [Function] },
  state: 
   { flags: {},
     localAttribs: null,
     attribs: {},
     attribString: '',
     lineAttributes: {} },
  tname: 'p',
  styl: '',
  cls: '' }
[32m[2013-12-12 00:21:27.931] [INFO] console - [39mthis2 { cc: 
   { incrementFlag: [Function],
     decrementFlag: [Function],
     incrementAttrib: [Function],
     decrementAttrib: [Function],
     startNewLine: [Function],
     notifySelection: [Function],
     doAttrib: [Function],
     collectContent: [Function],
     notifyNextNode: [Function],
     getLines: [Function],
     finish: [Function] },
  state: 
   { flags: {},
     localAttribs: null,
     attribs: {},
     attribString: '',
     lineAttributes: {} },
  tname: 'p',
  styl: '',
  cls: '' }
[32m[2013-12-12 00:21:27.931] [INFO] console - [39mthis { cc: 
   { incrementFlag: [Function],
     decrementFlag: [Function],
     incrementAttrib: [Function],
     decrementAttrib: [Function],
     startNewLine: [Function],
     notifySelection: [Function],
     doAttrib: [Function],
     collectContent: [Function],
     notifyNextNode: [Function],
     getLines: [Function],
     finish: [Function] },
  state: 
   { flags: {},
     localAttribs: null,
     attribs: {},
     attribString: '',
     lineAttributes: {} },
  tname: 'p',
  styl: '',
  cls: '' }
[32m[2013-12-12 00:21:27.932] [INFO] console - [39mthis2 { cc: 
   { incrementFlag: [Function],
     decrementFlag: [Function],
     incrementAttrib: [Function],
     decrementAttrib: [Function],
     startNewLine: [Function],
     notifySelection: [Function],
     doAttrib: [Function],
     collectContent: [Function],
     notifyNextNode: [Function],
     getLines: [Function],
     finish: [Function] },
  state: 
   { flags: {},
     localAttribs: null,
     attribs: {},
     attribString: '',
     lineAttributes: {} },
  tname: 'p',
  styl: '',
  cls: '' }
[32m[2013-12-12 00:21:27.936] [INFO] console - [39mthis { cc: 
   { incrementFlag: [Function],
     decrementFlag: [Function],
     incrementAttrib: [Function],
     decrementAttrib: [Function],
     startNewLine: [Function],
     notifySelection: [Function],
     doAttrib: [Function],
     collectContent: [Function],
     notifyNextNode: [Function],
     getLines: [Function],
     finish: [Function] },
  state: 
   { flags: {},
     localAttribs: null,
     attribs: {},
     attribString: '',
     lineAttributes: {} },
  tname: 'p',
  styl: '',
  cls: '' }
[32m[2013-12-12 00:21:27.938] [INFO] console - [39mthis2 { cc: 
   { incrementFlag: [Function],
     decrementFlag: [Function],
     incrementAttrib: [Function],
     decrementAttrib: [Function],
     startNewLine: [Function],
     notifySelection: [Function],
     doAttrib: [Function],
     collectContent: [Function],
     notifyNextNode: [Function],
     getLines: [Function],
     finish: [Function] },
  state: 
   { flags: {},
     localAttribs: null,
     attribs: {},
     attribString: '',
     lineAttributes: {} },
  tname: 'p',
  styl: '',
  cls: '' }
[32m[2013-12-12 00:21:27.938] [INFO] console - [39mthis { cc: 
   { incrementFlag: [Function],
     decrementFlag: [Function],
     incrementAttrib: [Function],
     decrementAttrib: [Function],
     startNewLine: [Function],
     notifySelection: [Function],
     doAttrib: [Function],
     collectContent: [Function],
     notifyNextNode: [Function],
     getLines: [Function],
     finish: [Function] },
  state: 
   { flags: {},
     localAttribs: null,
     attribs: {},
     attribString: '',
     lineAttributes: {} },
  tname: 'p',
  styl: '',
  cls: '' }
[32m[2013-12-12 00:21:27.938] [INFO] console - [39mthis2 { cc: 
   { incrementFlag: [Function],
     decrementFlag: [Function],
     incrementAttrib: [Function],
     decrementAttrib: [Function],
     startNewLine: [Function],
     notifySelection: [Function],
     doAttrib: [Function],
     collectContent: [Function],
     notifyNextNode: [Function],
     getLines: [Function],
     finish: [Function] },
  state: 
   { flags: {},
     localAttribs: null,
     attribs: {},
     attribString: '',
     lineAttributes: {} },
  tname: 'p',
  styl: '',
  cls: '' }
[32m[2013-12-12 00:21:27.938] [INFO] console - [39mthis { cc: 
   { incrementFlag: [Function],
     decrementFlag: [Function],
     incrementAttrib: [Function],
     decrementAttrib: [Function],
     startNewLine: [Function],
     notifySelection: [Function],
     doAttrib: [Function],
     collectContent: [Function],
     notifyNextNode: [Function],
     getLines: [Function],
     finish: [Function] },
  state: 
   { flags: {},
     localAttribs: null,
     attribs: {},
     attribString: '',
     lineAttributes: {} },
  tname: 'p',
  styl: '',
  cls: '' }
[32m[2013-12-12 00:21:27.939] [INFO] console - [39mthis2 { cc: 
   { incrementFlag: [Function],
     decrementFlag: [Function],
     incrementAttrib: [Function],
     decrementAttrib: [Function],
     startNewLine: [Function],
     notifySelection: [Function],
     doAttrib: [Function],
     collectContent: [Function],
     notifyNextNode: [Function],
     getLines: [Function],
     finish: [Function] },
  state: 
   { flags: {},
     localAttribs: null,
     attribs: {},
     attribString: '',
     lineAttributes: {} },
  tname: 'p',
  styl: '',
  cls: '' }
[32m[2013-12-12 00:21:27.939] [INFO] console - [39mthis { cc: 
   { incrementFlag: [Function],
     decrementFlag: [Function],
     incrementAttrib: [Function],
     decrementAttrib: [Function],
     startNewLine: [Function],
     notifySelection: [Function],
     doAttrib: [Function],
     collectContent: [Function],
     notifyNextNode: [Function],
     getLines: [Function],
     finish: [Function] },
  state: 
   { flags: {},
     localAttribs: null,
     attribs: {},
     attribString: '',
     lineAttributes: {} },
  tname: 'p',
  styl: '',
  cls: '' }
[32m[2013-12-12 00:21:27.939] [INFO] console - [39mthis2 { cc: 
   { incrementFlag: [Function],
     decrementFlag: [Function],
     incrementAttrib: [Function],
     decrementAttrib: [Function],
     startNewLine: [Function],
     notifySelection: [Function],
     doAttrib: [Function],
     collectContent: [Function],
     notifyNextNode: [Function],
     getLines: [Function],
     finish: [Function] },
  state: 
   { flags: {},
     localAttribs: null,
     attribs: {},
     attribString: '',
     lineAttributes: {} },
  tname: 'p',
  styl: '',
  cls: '' }
[32m[2013-12-12 00:21:27.939] [INFO] console - [39mthis { cc: 
   { incrementFlag: [Function],
     decrementFlag: [Function],
     incrementAttrib: [Function],
     decrementAttrib: [Function],
     startNewLine: [Function],
     notifySelection: [Function],
     doAttrib: [Function],
     collectContent: [Function],
     notifyNextNode: [Function],
     getLines: [Function],
     finish: [Function] },
  state: 
   { flags: {},
     localAttribs: null,
     attribs: {},
     attribString: '',
     lineAttributes: {} },
  tname: 'p',
  styl: '',
  cls: '' }
[32m[2013-12-12 00:21:27.940] [INFO] console - [39mthis2 { cc: 
   { incrementFlag: [Function],
     decrementFlag: [Function],
     incrementAttrib: [Function],
     decrementAttrib: [Function],
     startNewLine: [Function],
     notifySelection: [Function],
     doAttrib: [Function],
     collectContent: [Function],
     notifyNextNode: [Function],
     getLines: [Function],
     finish: [Function] },
  state: 
   { flags: {},
     localAttribs: null,
     attribs: {},
     attribString: '',
     lineAttributes: {} },
  tname: 'p',
  styl: '',
  cls: '' }
[32m[2013-12-12 00:21:27.940] [INFO] console - [39mthis { cc: 
   { incrementFlag: [Function],
     decrementFlag: [Function],
     incrementAttrib: [Function],
     decrementAttrib: [Function],
     startNewLine: [Function],
     notifySelection: [Function],
     doAttrib: [Function],
     collectContent: [Function],
     notifyNextNode: [Function],
     getLines: [Function],
     finish: [Function] },
  state: 
   { flags: {},
     localAttribs: null,
     attribs: {},
     attribString: '',
     lineAttributes: {} },
  tname: 'p',
  styl: '',
  cls: '' }
[32m[2013-12-12 00:21:27.940] [INFO] console - [39mthis2 { cc: 
   { incrementFlag: [Function],
     decrementFlag: [Function],
     incrementAttrib: [Function],
     decrementAttrib: [Function],
     startNewLine: [Function],
     notifySelection: [Function],
     doAttrib: [Function],
     collectContent: [Function],
     notifyNextNode: [Function],
     getLines: [Function],
     finish: [Function] },
  state: 
   { flags: {},
     localAttribs: null,
     attribs: {},
     attribString: '',
     lineAttributes: {} },
  tname: 'p',
  styl: '',
  cls: '' }
[32m[2013-12-12 00:21:27.940] [INFO] console - [39mthis { cc: 
   { incrementFlag: [Function],
     decrementFlag: [Function],
     incrementAttrib: [Function],
     decrementAttrib: [Function],
     startNewLine: [Function],
     notifySelection: [Function],
     doAttrib: [Function],
     collectContent: [Function],
     notifyNextNode: [Function],
     getLines: [Function],
     finish: [Function] },
  state: 
   { flags: {},
     localAttribs: null,
     attribs: {},
     attribString: '',
     lineAttributes: {} },
  tname: 'p',
  styl: '',
  cls: '' }
[32m[2013-12-12 00:21:27.941] [INFO] console - [39mthis2 { cc: 
   { incrementFlag: [Function],
     decrementFlag: [Function],
     incrementAttrib: [Function],
     decrementAttrib: [Function],
     startNewLine: [Function],
     notifySelection: [Function],
     doAttrib: [Function],
     collectContent: [Function],
     notifyNextNode: [Function],
     getLines: [Function],
     finish: [Function] },
  state: 
   { flags: {},
     localAttribs: null,
     attribs: {},
     attribString: '',
     lineAttributes: {} },
  tname: 'p',
  styl: '',
  cls: '' }
[32m[2013-12-12 00:21:27.941] [INFO] console - [39mthis { cc: 
   { incrementFlag: [Function],
     decrementFlag: [Function],
     incrementAttrib: [Function],
     decrementAttrib: [Function],
     startNewLine: [Function],
     notifySelection: [Function],
     doAttrib: [Function],
     collectContent: [Function],
     notifyNextNode: [Function],
     getLines: [Function],
     finish: [Function] },
  state: 
   { flags: {},
     localAttribs: null,
     attribs: {},
     attribString: '',
     lineAttributes: {} },
  tname: 'p',
  styl: '',
  cls: '' }
[32m[2013-12-12 00:21:27.941] [INFO] console - [39mthis2 { cc: 
   { incrementFlag: [Function],
     decrementFlag: [Function],
     incrementAttrib: [Function],
     decrementAttrib: [Function],
     startNewLine: [Function],
     notifySelection: [Function],
     doAttrib: [Function],
     collectContent: [Function],
     notifyNextNode: [Function],
     getLines: [Function],
     finish: [Function] },
  state: 
   { flags: {},
     localAttribs: null,
     attribs: {},
     attribString: '',
     lineAttributes: {} },
  tname: 'p',
  styl: '',
  cls: '' }
[32m[2013-12-12 00:21:27.941] [INFO] console - [39mthis { cc: 
   { incrementFlag: [Function],
     decrementFlag: [Function],
     incrementAttrib: [Function],
     decrementAttrib: [Function],
     startNewLine: [Function],
     notifySelection: [Function],
     doAttrib: [Function],
     collectContent: [Function],
     notifyNextNode: [Function],
     getLines: [Function],
     finish: [Function] },
  state: 
   { flags: {},
     localAttribs: null,
     attribs: {},
     attribString: '',
     lineAttributes: {} },
  tname: 'p',
  styl: '',
  cls: '' }
[32m[2013-12-12 00:21:27.942] [INFO] console - [39mthis2 { cc: 
   { incrementFlag: [Function],
     decrementFlag: [Function],
     incrementAttrib: [Function],
     decrementAttrib: [Function],
     startNewLine: [Function],
     notifySelection: [Function],
     doAttrib: [Function],
     collectContent: [Function],
     notifyNextNode: [Function],
     getLines: [Function],
     finish: [Function] },
  state: 
   { flags: {},
     localAttribs: null,
     attribs: {},
     attribString: '',
     lineAttributes: {} },
  tname: 'p',
  styl: '',
  cls: '' }
[32m[2013-12-12 00:21:27.942] [INFO] console - [39mthis { cc: 
   { incrementFlag: [Function],
     decrementFlag: [Function],
     incrementAttrib: [Function],
     decrementAttrib: [Function],
     startNewLine: [Function],
     notifySelection: [Function],
     doAttrib: [Function],
     collectContent: [Function],
     notifyNextNode: [Function],
     getLines: [Function],
     finish: [Function] },
  state: 
   { flags: {},
     localAttribs: null,
     attribs: {},
     attribString: '',
     lineAttributes: {} },
  tname: 'p',
  styl: '',
  cls: '' }
[32m[2013-12-12 00:21:27.943] [INFO] console - [39mthis2 { cc: 
   { incrementFlag: [Function],
     decrementFlag: [Function],
     incrementAttrib: [Function],
     decrementAttrib: [Function],
     startNewLine: [Function],
     notifySelection: [Function],
     doAttrib: [Function],
     collectContent: [Function],
     notifyNextNode: [Function],
     getLines: [Function],
     finish: [Function] },
  state: 
   { flags: {},
     localAttribs: null,
     attribs: {},
     attribString: '',
     lineAttributes: {} },
  tname: 'p',
  styl: '',
  cls: '' }
[32m[2013-12-12 00:21:27.944] [INFO] console - [39mthis { cc: 
   { incrementFlag: [Function],
     decrementFlag: [Function],
     incrementAttrib: [Function],
     decrementAttrib: [Function],
     startNewLine: [Function],
     notifySelection: [Function],
     doAttrib: [Function],
     collectContent: [Function],
     notifyNextNode: [Function],
     getLines: [Function],
     finish: [Function] },
  state: 
   { flags: {},
     localAttribs: null,
     attribs: {},
     attribString: '',
     lineAttributes: {} },
  tname: 'p',
  styl: '',
  cls: '' }
[32m[2013-12-12 00:21:27.944] [INFO] console - [39mthis2 { cc: 
   { incrementFlag: [Function],
     decrementFlag: [Function],
     incrementAttrib: [Function],
     decrementAttrib: [Function],
     startNewLine: [Function],
     notifySelection: [Function],
     doAttrib: [Function],
     collectContent: [Function],
     notifyNextNode: [Function],
     getLines: [Function],
     finish: [Function] },
  state: 
   { flags: {},
     localAttribs: null,
     attribs: {},
     attribString: '',
     lineAttributes: {} },
  tname: 'p',
  styl: '',
  cls: '' }
[32m[2013-12-12 00:21:27.944] [INFO] console - [39mthis { cc: 
   { incrementFlag: [Function],
     decrementFlag: [Function],
     incrementAttrib: [Function],
     decrementAttrib: [Function],
     startNewLine: [Function],
     notifySelection: [Function],
     doAttrib: [Function],
     collectContent: [Function],
     notifyNextNode: [Function],
     getLines: [Function],
     finish: [Function] },
  state: 
   { flags: {},
     localAttribs: null,
     attribs: {},
     attribString: '',
     lineAttributes: {} },
  tname: 'h1',
  styl: '',
  cls: '' }
[32m[2013-12-12 00:21:27.944] [INFO] console - [39mthis { cc: 
   { incrementFlag: [Function],
     decrementFlag: [Function],
     incrementAttrib: [Function],
     decrementAttrib: [Function],
     startNewLine: [Function],
     notifySelection: [Function],
     doAttrib: [Function],
     collectContent: [Function],
     notifyNextNode: [Function],
     getLines: [Function],
     finish: [Function] },
  state: 
   { flags: {},
     localAttribs: null,
     attribs: {},
     attribString: '',
     lineAttributes: { heading: 'h1' } },
  tname: 'strong',
  styl: '',
  cls: '' }
[32m[2013-12-12 00:21:27.945] [INFO] console - [39mthis2 { cc: 
   { incrementFlag: [Function],
     decrementFlag: [Function],
     incrementAttrib: [Function],
     decrementAttrib: [Function],
     startNewLine: [Function],
     notifySelection: [Function],
     doAttrib: [Function],
     collectContent: [Function],
     notifyNextNode: [Function],
     getLines: [Function],
     finish: [Function] },
  state: 
   { flags: {},
     localAttribs: [ 'bold' ],
     attribs: { bold: 1 },
     attribString: '*7',
     lineAttributes: { heading: 'h1' } },
  tname: 'strong',
  styl: '',
  cls: '' }
[32m[2013-12-12 00:21:27.945] [INFO] console - [39mthis2 { cc: 
   { incrementFlag: [Function],
     decrementFlag: [Function],
     incrementAttrib: [Function],
     decrementAttrib: [Function],
     startNewLine: [Function],
     notifySelection: [Function],
     doAttrib: [Function],
     collectContent: [Function],
     notifyNextNode: [Function],
     getLines: [Function],
     finish: [Function] },
  state: 
   { flags: {},
     localAttribs: null,
     attribs: { bold: 0 },
     attribString: undefined,
     lineAttributes: { heading: 'h1' } },
  tname: 'h1',
  styl: '',
  cls: '' }
[32m[2013-12-12 00:21:27.946] [INFO] console - [39mthis { cc: 
   { incrementFlag: [Function],
     decrementFlag: [Function],
     incrementAttrib: [Function],
     decrementAttrib: [Function],
     startNewLine: [Function],
     notifySelection: [Function],
     doAttrib: [Function],
     collectContent: [Function],
     notifyNextNode: [Function],
     getLines: [Function],
     finish: [Function] },
  state: 
   { flags: {},
     localAttribs: null,
     attribs: { bold: 0 },
     attribString: undefined,
     lineAttributes: {} },
  tname: 'p',
  styl: '',
  cls: '' }
[32m[2013-12-12 00:21:27.947] [INFO] console - [39mthis2 { cc: 
   { incrementFlag: [Function],
     decrementFlag: [Function],
     incrementAttrib: [Function],
     decrementAttrib: [Function],
     startNewLine: [Function],
     notifySelection: [Function],
     doAttrib: [Function],
     collectContent: [Function],
     notifyNextNode: [Function],
     getLines: [Function],
     finish: [Function] },
  state: 
   { flags: {},
     localAttribs: null,
     attribs: { bold: 0 },
     attribString: undefined,
     lineAttributes: {} },
  tname: 'p',
  styl: '',
  cls: '' }
[32m[2013-12-12 00:21:27.947] [INFO] console - [39mthis { cc: 
   { incrementFlag: [Function],
     decrementFlag: [Function],
     incrementAttrib: [Function],
     decrementAttrib: [Function],
     startNewLine: [Function],
     notifySelection: [Function],
     doAttrib: [Function],
     collectContent: [Function],
     notifyNextNode: [Function],
     getLines: [Function],
     finish: [Function] },
  state: 
   { flags: {},
     localAttribs: null,
     attribs: { bold: 0 },
     attribString: undefined,
     lineAttributes: {} },
  tname: 'p',
  styl: '',
  cls: '' }
[32m[2013-12-12 00:21:27.948] [INFO] console - [39mthis2 { cc: 
   { incrementFlag: [Function],
     decrementFlag: [Function],
     incrementAttrib: [Function],
     decrementAttrib: [Function],
     startNewLine: [Function],
     notifySelection: [Function],
     doAttrib: [Function],
     collectContent: [Function],
     notifyNextNode: [Function],
     getLines: [Function],
     finish: [Function] },
  state: 
   { flags: {},
     localAttribs: null,
     attribs: { bold: 0 },
     attribString: undefined,
     lineAttributes: {} },
  tname: 'p',
  styl: '',
  cls: '' }
[32m[2013-12-12 00:21:27.948] [INFO] console - [39mthis { cc: 
   { incrementFlag: [Function],
     decrementFlag: [Function],
     incrementAttrib: [Function],
     decrementAttrib: [Function],
     startNewLine: [Function],
     notifySelection: [Function],
     doAttrib: [Function],
     collectContent: [Function],
     notifyNextNode: [Function],
     getLines: [Function],
     finish: [Function] },
  state: 
   { flags: {},
     localAttribs: null,
     attribs: { bold: 0 },
     attribString: undefined,
     lineAttributes: {} },
  tname: 'ul',
  styl: '',
  cls: '' }
[32m[2013-12-12 00:21:27.948] [INFO] console - [39mthis { cc: 
   { incrementFlag: [Function],
     decrementFlag: [Function],
     incrementAttrib: [Function],
     decrementAttrib: [Function],
     startNewLine: [Function],
     notifySelection: [Function],
     doAttrib: [Function],
     collectContent: [Function],
     notifyNextNode: [Function],
     getLines: [Function],
     finish: [Function] },
  state: 
   { flags: {},
     localAttribs: null,
     attribs: { bold: 0 },
     attribString: undefined,
     lineAttributes: { list: 'bullet1' },
     listNesting: 1 },
  tname: 'li',
  styl: '',
  cls: '' }
[32m[2013-12-12 00:21:27.948] [INFO] console - [39mthis2 { cc: 
   { incrementFlag: [Function],
     decrementFlag: [Function],
     incrementAttrib: [Function],
     decrementAttrib: [Function],
     startNewLine: [Function],
     notifySelection: [Function],
     doAttrib: [Function],
     collectContent: [Function],
     notifyNextNode: [Function],
     getLines: [Function],
     finish: [Function] },
  state: 
   { flags: {},
     localAttribs: null,
     attribs: { bold: 0 },
     attribString: undefined,
     lineAttributes: { list: 'bullet1' },
     listNesting: 1 },
  tname: 'li',
  styl: '',
  cls: '' }
[32m[2013-12-12 00:21:27.949] [INFO] console - [39mthis { cc: 
   { incrementFlag: [Function],
     decrementFlag: [Function],
     incrementAttrib: [Function],
     decrementAttrib: [Function],
     startNewLine: [Function],
     notifySelection: [Function],
     doAttrib: [Function],
     collectContent: [Function],
     notifyNextNode: [Function],
     getLines: [Function],
     finish: [Function] },
  state: 
   { flags: {},
     localAttribs: null,
     attribs: { bold: 0 },
     attribString: undefined,
     lineAttributes: { list: 'bullet1' },
     listNesting: 1 },
  tname: 'li',
  styl: '',
  cls: '' }
[32m[2013-12-12 00:21:27.949] [INFO] console - [39mthis2 { cc: 
   { incrementFlag: [Function],
     decrementFlag: [Function],
     incrementAttrib: [Function],
     decrementAttrib: [Function],
     startNewLine: [Function],
     notifySelection: [Function],
     doAttrib: [Function],
     collectContent: [Function],
     notifyNextNode: [Function],
     getLines: [Function],
     finish: [Function] },
  state: 
   { flags: {},
     localAttribs: null,
     attribs: { bold: 0 },
     attribString: undefined,
     lineAttributes: { list: 'bullet1' },
     listNesting: 1 },
  tname: 'li',
  styl: '',
  cls: '' }
[32m[2013-12-12 00:21:27.949] [INFO] console - [39mthis { cc: 
   { incrementFlag: [Function],
     decrementFlag: [Function],
     incrementAttrib: [Function],
     decrementAttrib: [Function],
     startNewLine: [Function],
     notifySelection: [Function],
     doAttrib: [Function],
     collectContent: [Function],
     notifyNextNode: [Function],
     getLines: [Function],
     finish: [Function] },
  state: 
   { flags: {},
     localAttribs: null,
     attribs: { bold: 0 },
     attribString: undefined,
     lineAttributes: { list: 'bullet1' },
     listNesting: 1 },
  tname: 'li',
  styl: '',
  cls: '' }
[32m[2013-12-12 00:21:27.950] [INFO] console - [39mthis2 { cc: 
   { incrementFlag: [Function],
     decrementFlag: [Function],
     incrementAttrib: [Function],
     decrementAttrib: [Function],
     startNewLine: [Function],
     notifySelection: [Function],
     doAttrib: [Function],
     collectContent: [Function],
     notifyNextNode: [Function],
     getLines: [Function],
     finish: [Function] },
  state: 
   { flags: {},
     localAttribs: null,
     attribs: { bold: 0 },
     attribString: undefined,
     lineAttributes: { list: 'bullet1' },
     listNesting: 1 },
  tname: 'li',
  styl: '',
  cls: '' }
[32m[2013-12-12 00:21:27.950] [INFO] console - [39mthis { cc: 
   { incrementFlag: [Function],
     decrementFlag: [Function],
     incrementAttrib: [Function],
     decrementAttrib: [Function],
     startNewLine: [Function],
     notifySelection: [Function],
     doAttrib: [Function],
     collectContent: [Function],
     notifyNextNode: [Function],
     getLines: [Function],
     finish: [Function] },
  state: 
   { flags: {},
     localAttribs: null,
     attribs: { bold: 0 },
     attribString: undefined,
     lineAttributes: { list: 'bullet1' },
     listNesting: 1 },
  tname: 'li',
  styl: '',
  cls: '' }
[32m[2013-12-12 00:21:27.950] [INFO] console - [39mthis2 { cc: 
   { incrementFlag: [Function],
     decrementFlag: [Function],
     incrementAttrib: [Function],
     decrementAttrib: [Function],
     startNewLine: [Function],
     notifySelection: [Function],
     doAttrib: [Function],
     collectContent: [Function],
     notifyNextNode: [Function],
     getLines: [Function],
     finish: [Function] },
  state: 
   { flags: {},
     localAttribs: null,
     attribs: { bold: 0 },
     attribString: undefined,
     lineAttributes: { list: 'bullet1' },
     listNesting: 1 },
  tname: 'li',
  styl: '',
  cls: '' }
[32m[2013-12-12 00:21:27.950] [INFO] console - [39mthis { cc: 
   { incrementFlag: [Function],
     decrementFlag: [Function],
     incrementAttrib: [Function],
     decrementAttrib: [Function],
     startNewLine: [Function],
     notifySelection: [Function],
     doAttrib: [Function],
     collectContent: [Function],
     notifyNextNode: [Function],
     getLines: [Function],
     finish: [Function] },
  state: 
   { flags: {},
     localAttribs: null,
     attribs: { bold: 0 },
     attribString: undefined,
     lineAttributes: { list: 'bullet1' },
     listNesting: 1 },
  tname: 'li',
  styl: '',
  cls: '' }
[32m[2013-12-12 00:21:27.951] [INFO] console - [39mthis2 { cc: 
   { incrementFlag: [Function],
     decrementFlag: [Function],
     incrementAttrib: [Function],
     decrementAttrib: [Function],
     startNewLine: [Function],
     notifySelection: [Function],
     doAttrib: [Function],
     collectContent: [Function],
     notifyNextNode: [Function],
     getLines: [Function],
     finish: [Function] },
  state: 
   { flags: {},
     localAttribs: null,
     attribs: { bold: 0 },
     attribString: undefined,
     lineAttributes: { list: 'bullet1' },
     listNesting: 1 },
  tname: 'li',
  styl: '',
  cls: '' }
[32m[2013-12-12 00:21:27.952] [INFO] console - [39mthis2 { cc: 
   { incrementFlag: [Function],
     decrementFlag: [Function],
     incrementAttrib: [Function],
     decrementAttrib: [Function],
     startNewLine: [Function],
     notifySelection: [Function],
     doAttrib: [Function],
     collectContent: [Function],
     notifyNextNode: [Function],
     getLines: [Function],
     finish: [Function] },
  state: 
   { flags: {},
     localAttribs: null,
     attribs: { bold: 0 },
     attribString: undefined,
     lineAttributes: { list: 'bullet1' },
     listNesting: 1 },
  tname: 'ul',
  styl: '',
  cls: '' }
[32m[2013-12-12 00:21:27.953] [INFO] console - [39mthis { cc: 
   { incrementFlag: [Function],
     decrementFlag: [Function],
     incrementAttrib: [Function],
     decrementAttrib: [Function],
     startNewLine: [Function],
     notifySelection: [Function],
     doAttrib: [Function],
     collectContent: [Function],
     notifyNextNode: [Function],
     getLines: [Function],
     finish: [Function] },
  state: 
   { flags: {},
     localAttribs: null,
     attribs: { bold: 0 },
     attribString: undefined,
     lineAttributes: {},
     listNesting: 0 },
  tname: 'p',
  styl: '',
  cls: '' }
[32m[2013-12-12 00:21:27.954] [INFO] console - [39mthis2 { cc: 
   { incrementFlag: [Function],
     decrementFlag: [Function],
     incrementAttrib: [Function],
     decrementAttrib: [Function],
     startNewLine: [Function],
     notifySelection: [Function],
     doAttrib: [Function],
     collectContent: [Function],
     notifyNextNode: [Function],
     getLines: [Function],
     finish: [Function] },
  state: 
   { flags: {},
     localAttribs: null,
     attribs: { bold: 0 },
     attribString: undefined,
     lineAttributes: {},
     listNesting: 0 },
  tname: 'p',
  styl: '',
  cls: '' }
[32m[2013-12-12 00:21:27.954] [INFO] console - [39mthis { cc: 
   { incrementFlag: [Function],
     decrementFlag: [Function],
     incrementAttrib: [Function],
     decrementAttrib: [Function],
     startNewLine: [Function],
     notifySelection: [Function],
     doAttrib: [Function],
     collectContent: [Function],
     notifyNextNode: [Function],
     getLines: [Function],
     finish: [Function] },
  state: 
   { flags: {},
     localAttribs: null,
     attribs: { bold: 0 },
     attribString: undefined,
     lineAttributes: {},
     listNesting: 0 },
  tname: 'p',
  styl: '',
  cls: '' }
[32m[2013-12-12 00:21:27.955] [INFO] console - [39mthis2 { cc: 
   { incrementFlag: [Function],
     decrementFlag: [Function],
     incrementAttrib: [Function],
     decrementAttrib: [Function],
     startNewLine: [Function],
     notifySelection: [Function],
     doAttrib: [Function],
     collectContent: [Function],
     notifyNextNode: [Function],
     getLines: [Function],
     finish: [Function] },
  state: 
   { flags: {},
     localAttribs: null,
     attribs: { bold: 0 },
     attribString: undefined,
     lineAttributes: {},
     listNesting: 0 },
  tname: 'p',
  styl: '',
  cls: '' }
[32m[2013-12-12 00:21:27.955] [INFO] console - [39mthis { cc: 
   { incrementFlag: [Function],
     decrementFlag: [Function],
     incrementAttrib: [Function],
     decrementAttrib: [Function],
     startNewLine: [Function],
     notifySelection: [Function],
     doAttrib: [Function],
     collectContent: [Function],
     notifyNextNode: [Function],
     getLines: [Function],
     finish: [Function] },
  state: 
   { flags: {},
     localAttribs: null,
     attribs: { bold: 0 },
     attribString: undefined,
     lineAttributes: {},
     listNesting: 0 },
  tname: 'p',
  styl: '',
  cls: '' }
[32m[2013-12-12 00:21:27.956] [INFO] console - [39mthis2 { cc: 
   { incrementFlag: [Function],
     decrementFlag: [Function],
     incrementAttrib: [Function],
     decrementAttrib: [Function],
     startNewLine: [Function],
     notifySelection: [Function],
     doAttrib: [Function],
     collectContent: [Function],
     notifyNextNode: [Function],
     getLines: [Function],
     finish: [Function] },
  state: 
   { flags: {},
     localAttribs: null,
     attribs: { bold: 0 },
     attribString: undefined,
     lineAttributes: {},
     listNesting: 0 },
  tname: 'p',
  styl: '',
  cls: '' }
[32m[2013-12-12 00:21:27.956] [INFO] console - [39mthis { cc: 
   { incrementFlag: [Function],
     decrementFlag: [Function],
     incrementAttrib: [Function],
     decrementAttrib: [Function],
     startNewLine: [Function],
     notifySelection: [Function],
     doAttrib: [Function],
     collectContent: [Function],
     notifyNextNode: [Function],
     getLines: [Function],
     finish: [Function] },
  state: 
   { flags: {},
     localAttribs: null,
     attribs: { bold: 0 },
     attribString: undefined,
     lineAttributes: {},
     listNesting: 0 },
  tname: 'h1',
  styl: '',
  cls: '' }
[32m[2013-12-12 00:21:27.956] [INFO] console - [39mthis { cc: 
   { incrementFlag: [Function],
     decrementFlag: [Function],
     incrementAttrib: [Function],
     decrementAttrib: [Function],
     startNewLine: [Function],
     notifySelection: [Function],
     doAttrib: [Function],
     collectContent: [Function],
     notifyNextNode: [Function],
     getLines: [Function],
     finish: [Function] },
  state: 
   { flags: {},
     localAttribs: null,
     attribs: { bold: 0 },
     attribString: undefined,
     lineAttributes: { heading: 'h1' },
     listNesting: 0 },
  tname: 'strong',
  styl: '',
  cls: '' }
[32m[2013-12-12 00:21:27.956] [INFO] console - [39mthis2 { cc: 
   { incrementFlag: [Function],
     decrementFlag: [Function],
     incrementAttrib: [Function],
     decrementAttrib: [Function],
     startNewLine: [Function],
     notifySelection: [Function],
     doAttrib: [Function],
     collectContent: [Function],
     notifyNextNode: [Function],
     getLines: [Function],
     finish: [Function] },
  state: 
   { flags: {},
     localAttribs: [ 'bold' ],
     attribs: { bold: 1 },
     attribString: '*7',
     lineAttributes: { heading: 'h1' },
     listNesting: 0 },
  tname: 'strong',
  styl: '',
  cls: '' }
[32m[2013-12-12 00:21:27.957] [INFO] console - [39mthis { cc: 
   { incrementFlag: [Function],
     decrementFlag: [Function],
     incrementAttrib: [Function],
     decrementAttrib: [Function],
     startNewLine: [Function],
     notifySelection: [Function],
     doAttrib: [Function],
     collectContent: [Function],
     notifyNextNode: [Function],
     getLines: [Function],
     finish: [Function] },
  state: 
   { flags: {},
     localAttribs: null,
     attribs: { bold: 0 },
     attribString: undefined,
     lineAttributes: { heading: 'h1' },
     listNesting: 0 },
  tname: 'strong',
  styl: '',
  cls: '' }
[32m[2013-12-12 00:21:27.957] [INFO] console - [39mthis2 { cc: 
   { incrementFlag: [Function],
     decrementFlag: [Function],
     incrementAttrib: [Function],
     decrementAttrib: [Function],
     startNewLine: [Function],
     notifySelection: [Function],
     doAttrib: [Function],
     collectContent: [Function],
     notifyNextNode: [Function],
     getLines: [Function],
     finish: [Function] },
  state: 
   { flags: {},
     localAttribs: [ 'bold' ],
     attribs: { bold: 1 },
     attribString: '*7',
     lineAttributes: { heading: 'h1' },
     listNesting: 0 },
  tname: 'strong',
  styl: '',
  cls: '' }
[32m[2013-12-12 00:21:27.958] [INFO] console - [39mthis { cc: 
   { incrementFlag: [Function],
     decrementFlag: [Function],
     incrementAttrib: [Function],
     decrementAttrib: [Function],
     startNewLine: [Function],
     notifySelection: [Function],
     doAttrib: [Function],
     collectContent: [Function],
     notifyNextNode: [Function],
     getLines: [Function],
     finish: [Function] },
  state: 
   { flags: {},
     localAttribs: null,
     attribs: { bold: 0 },
     attribString: undefined,
     lineAttributes: { heading: 'h1' },
     listNesting: 0 },
  tname: 'strong',
  styl: '',
  cls: '' }
[32m[2013-12-12 00:21:27.958] [INFO] console - [39mthis2 { cc: 
   { incrementFlag: [Function],
     decrementFlag: [Function],
     incrementAttrib: [Function],
     decrementAttrib: [Function],
     startNewLine: [Function],
     notifySelection: [Function],
     doAttrib: [Function],
     collectContent: [Function],
     notifyNextNode: [Function],
     getLines: [Function],
     finish: [Function] },
  state: 
   { flags: {},
     localAttribs: [ 'bold' ],
     attribs: { bold: 1 },
     attribString: '*7',
     lineAttributes: { heading: 'h1' },
     listNesting: 0 },
  tname: 'strong',
  styl: '',
  cls: '' }
[32m[2013-12-12 00:21:27.958] [INFO] console - [39mthis { cc: 
   { incrementFlag: [Function],
     decrementFlag: [Function],
     incrementAttrib: [Function],
     decrementAttrib: [Function],
     startNewLine: [Function],
     notifySelection: [Function],
     doAttrib: [Function],
     collectContent: [Function],
     notifyNextNode: [Function],
     getLines: [Function],
     finish: [Function] },
  state: 
   { flags: {},
     localAttribs: null,
     attribs: { bold: 0 },
     attribString: undefined,
     lineAttributes: { heading: 'h1' },
     listNesting: 0 },
  tname: 'strong',
  styl: '',
  cls: '' }
[32m[2013-12-12 00:21:27.958] [INFO] console - [39mthis2 { cc: 
   { incrementFlag: [Function],
     decrementFlag: [Function],
     incrementAttrib: [Function],
     decrementAttrib: [Function],
     startNewLine: [Function],
     notifySelection: [Function],
     doAttrib: [Function],
     collectContent: [Function],
     notifyNextNode: [Function],
     getLines: [Function],
     finish: [Function] },
  state: 
   { flags: {},
     localAttribs: [ 'bold' ],
     attribs: { bold: 1 },
     attribString: '*7',
     lineAttributes: { heading: 'h1' },
     listNesting: 0 },
  tname: 'strong',
  styl: '',
  cls: '' }
[32m[2013-12-12 00:21:27.960] [INFO] console - [39mthis2 { cc: 
   { incrementFlag: [Function],
     decrementFlag: [Function],
     incrementAttrib: [Function],
     decrementAttrib: [Function],
     startNewLine: [Function],
     notifySelection: [Function],
     doAttrib: [Function],
     collectContent: [Function],
     notifyNextNode: [Function],
     getLines: [Function],
     finish: [Function] },
  state: 
   { flags: {},
     localAttribs: null,
     attribs: { bold: 0 },
     attribString: undefined,
     lineAttributes: { heading: 'h1' },
     listNesting: 0 },
  tname: 'h1',
  styl: '',
  cls: '' }
[32m[2013-12-12 00:21:27.960] [INFO] console - [39mthis { cc: 
   { incrementFlag: [Function],
     decrementFlag: [Function],
     incrementAttrib: [Function],
     decrementAttrib: [Function],
     startNewLine: [Function],
     notifySelection: [Function],
     doAttrib: [Function],
     collectContent: [Function],
     notifyNextNode: [Function],
     getLines: [Function],
     finish: [Function] },
  state: 
   { flags: {},
     localAttribs: null,
     attribs: { bold: 0 },
     attribString: undefined,
     lineAttributes: {},
     listNesting: 0 },
  tname: 'p',
  styl: '',
  cls: '' }
[32m[2013-12-12 00:21:27.961] [INFO] console - [39mthis2 { cc: 
   { incrementFlag: [Function],
     decrementFlag: [Function],
     incrementAttrib: [Function],
     decrementAttrib: [Function],
     startNewLine: [Function],
     notifySelection: [Function],
     doAttrib: [Function],
     collectContent: [Function],
     notifyNextNode: [Function],
     getLines: [Function],
     finish: [Function] },
  state: 
   { flags: {},
     localAttribs: null,
     attribs: { bold: 0 },
     attribString: undefined,
     lineAttributes: {},
     listNesting: 0 },
  tname: 'p',
  styl: '',
  cls: '' }
[32m[2013-12-12 00:21:27.961] [INFO] console - [39mthis { cc: 
   { incrementFlag: [Function],
     decrementFlag: [Function],
     incrementAttrib: [Function],
     decrementAttrib: [Function],
     startNewLine: [Function],
     notifySelection: [Function],
     doAttrib: [Function],
     collectContent: [Function],
     notifyNextNode: [Function],
     getLines: [Function],
     finish: [Function] },
  state: 
   { flags: {},
     localAttribs: null,
     attribs: { bold: 0 },
     attribString: undefined,
     lineAttributes: {},
     listNesting: 0 },
  tname: 'ul',
  styl: '',
  cls: '' }
[32m[2013-12-12 00:21:27.961] [INFO] console - [39mthis { cc: 
   { incrementFlag: [Function],
     decrementFlag: [Function],
     incrementAttrib: [Function],
     decrementAttrib: [Function],
     startNewLine: [Function],
     notifySelection: [Function],
     doAttrib: [Function],
     collectContent: [Function],
     notifyNextNode: [Function],
     getLines: [Function],
     finish: [Function] },
  state: 
   { flags: {},
     localAttribs: null,
     attribs: { bold: 0 },
     attribString: undefined,
     lineAttributes: { list: 'bullet1' },
     listNesting: 1 },
  tname: 'li',
  styl: '',
  cls: '' }
[32m[2013-12-12 00:21:27.961] [INFO] console - [39mthis2 { cc: 
   { incrementFlag: [Function],
     decrementFlag: [Function],
     incrementAttrib: [Function],
     decrementAttrib: [Function],
     startNewLine: [Function],
     notifySelection: [Function],
     doAttrib: [Function],
     collectContent: [Function],
     notifyNextNode: [Function],
     getLines: [Function],
     finish: [Function] },
  state: 
   { flags: {},
     localAttribs: null,
     attribs: { bold: 0 },
     attribString: undefined,
     lineAttributes: { list: 'bullet1' },
     listNesting: 1 },
  tname: 'li',
  styl: '',
  cls: '' }
[32m[2013-12-12 00:21:27.961] [INFO] console - [39mthis { cc: 
   { incrementFlag: [Function],
     decrementFlag: [Function],
     incrementAttrib: [Function],
     decrementAttrib: [Function],
     startNewLine: [Function],
     notifySelection: [Function],
     doAttrib: [Function],
     collectContent: [Function],
     notifyNextNode: [Function],
     getLines: [Function],
     finish: [Function] },
  state: 
   { flags: {},
     localAttribs: null,
     attribs: { bold: 0 },
     attribString: undefined,
     lineAttributes: { list: 'bullet1' },
     listNesting: 1 },
  tname: 'li',
  styl: '',
  cls: '' }
[32m[2013-12-12 00:21:27.962] [INFO] console - [39mthis2 { cc: 
   { incrementFlag: [Function],
     decrementFlag: [Function],
     incrementAttrib: [Function],
     decrementAttrib: [Function],
     startNewLine: [Function],
     notifySelection: [Function],
     doAttrib: [Function],
     collectContent: [Function],
     notifyNextNode: [Function],
     getLines: [Function],
     finish: [Function] },
  state: 
   { flags: {},
     localAttribs: null,
     attribs: { bold: 0 },
     attribString: undefined,
     lineAttributes: { list: 'bullet1' },
     listNesting: 1 },
  tname: 'li',
  styl: '',
  cls: '' }
[32m[2013-12-12 00:21:27.962] [INFO] console - [39mthis { cc: 
   { incrementFlag: [Function],
     decrementFlag: [Function],
     incrementAttrib: [Function],
     decrementAttrib: [Function],
     startNewLine: [Function],
     notifySelection: [Function],
     doAttrib: [Function],
     collectContent: [Function],
     notifyNextNode: [Function],
     getLines: [Function],
     finish: [Function] },
  state: 
   { flags: {},
     localAttribs: null,
     attribs: { bold: 0 },
     attribString: undefined,
     lineAttributes: { list: 'bullet1' },
     listNesting: 1 },
  tname: 'li',
  styl: '',
  cls: '' }
[32m[2013-12-12 00:21:27.962] [INFO] console - [39mthis2 { cc: 
   { incrementFlag: [Function],
     decrementFlag: [Function],
     incrementAttrib: [Function],
     decrementAttrib: [Function],
     startNewLine: [Function],
     notifySelection: [Function],
     doAttrib: [Function],
     collectContent: [Function],
     notifyNextNode: [Function],
     getLines: [Function],
     finish: [Function] },
  state: 
   { flags: {},
     localAttribs: null,
     attribs: { bold: 0 },
     attribString: undefined,
     lineAttributes: { list: 'bullet1' },
     listNesting: 1 },
  tname: 'li',
  styl: '',
  cls: '' }
[32m[2013-12-12 00:21:27.963] [INFO] console - [39mthis2 { cc: 
   { incrementFlag: [Function],
     decrementFlag: [Function],
     incrementAttrib: [Function],
     decrementAttrib: [Function],
     startNewLine: [Function],
     notifySelection: [Function],
     doAttrib: [Function],
     collectContent: [Function],
     notifyNextNode: [Function],
     getLines: [Function],
     finish: [Function] },
  state: 
   { flags: {},
     localAttribs: null,
     attribs: { bold: 0 },
     attribString: undefined,
     lineAttributes: { list: 'bullet1' },
     listNesting: 1 },
  tname: 'ul',
  styl: '',
  cls: '' }
[32m[2013-12-12 00:21:27.964] [INFO] console - [39mthis { cc: 
   { incrementFlag: [Function],
     decrementFlag: [Function],
     incrementAttrib: [Function],
     decrementAttrib: [Function],
     startNewLine: [Function],
     notifySelection: [Function],
     doAttrib: [Function],
     collectContent: [Function],
     notifyNextNode: [Function],
     getLines: [Function],
     finish: [Function] },
  state: 
   { flags: {},
     localAttribs: null,
     attribs: { bold: 0 },
     attribString: undefined,
     lineAttributes: {},
     listNesting: 0 },
  tname: 'p',
  styl: '',
  cls: '' }
[32m[2013-12-12 00:21:27.965] [INFO] console - [39mthis2 { cc: 
   { incrementFlag: [Function],
     decrementFlag: [Function],
     incrementAttrib: [Function],
     decrementAttrib: [Function],
     startNewLine: [Function],
     notifySelection: [Function],
     doAttrib: [Function],
     collectContent: [Function],
     notifyNextNode: [Function],
     getLines: [Function],
     finish: [Function] },
  state: 
   { flags: {},
     localAttribs: null,
     attribs: { bold: 0 },
     attribString: undefined,
     lineAttributes: {},
     listNesting: 0 },
  tname: 'p',
  styl: '',
  cls: '' }
[32m[2013-12-12 00:21:27.965] [INFO] console - [39mthis { cc: 
   { incrementFlag: [Function],
     decrementFlag: [Function],
     incrementAttrib: [Function],
     decrementAttrib: [Function],
     startNewLine: [Function],
     notifySelection: [Function],
     doAttrib: [Function],
     collectContent: [Function],
     notifyNextNode: [Function],
     getLines: [Function],
     finish: [Function] },
  state: 
   { flags: {},
     localAttribs: null,
     attribs: { bold: 0 },
     attribString: undefined,
     lineAttributes: {},
     listNesting: 0 },
  tname: 'p',
  styl: '',
  cls: '' }
[32m[2013-12-12 00:21:27.966] [INFO] console - [39mthis2 { cc: 
   { incrementFlag: [Function],
     decrementFlag: [Function],
     incrementAttrib: [Function],
     decrementAttrib: [Function],
     startNewLine: [Function],
     notifySelection: [Function],
     doAttrib: [Function],
     collectContent: [Function],
     notifyNextNode: [Function],
     getLines: [Function],
     finish: [Function] },
  state: 
   { flags: {},
     localAttribs: null,
     attribs: { bold: 0 },
     attribString: undefined,
     lineAttributes: {},
     listNesting: 0 },
  tname: 'p',
  styl: '',
  cls: '' }
[32m[2013-12-12 00:21:27.966] [INFO] console - [39mthis { cc: 
   { incrementFlag: [Function],
     decrementFlag: [Function],
     incrementAttrib: [Function],
     decrementAttrib: [Function],
     startNewLine: [Function],
     notifySelection: [Function],
     doAttrib: [Function],
     collectContent: [Function],
     notifyNextNode: [Function],
     getLines: [Function],
     finish: [Function] },
  state: 
   { flags: {},
     localAttribs: null,
     attribs: { bold: 0 },
     attribString: undefined,
     lineAttributes: {},
     listNesting: 0 },
  tname: 'p',
  styl: '',
  cls: '' }
[32m[2013-12-12 00:21:27.968] [INFO] console - [39mthis2 { cc: 
   { incrementFlag: [Function],
     decrementFlag: [Function],
     incrementAttrib: [Function],
     decrementAttrib: [Function],
     startNewLine: [Function],
     notifySelection: [Function],
     doAttrib: [Function],
     collectContent: [Function],
     notifyNextNode: [Function],
     getLines: [Function],
     finish: [Function] },
  state: 
   { flags: {},
     localAttribs: null,
     attribs: { bold: 0 },
     attribString: undefined,
     lineAttributes: {},
     listNesting: 0 },
  tname: 'p',
  styl: '',
  cls: '' }
[32m[2013-12-12 00:21:27.968] [INFO] console - [39mthis { cc: 
   { incrementFlag: [Function],
     decrementFlag: [Function],
     incrementAttrib: [Function],
     decrementAttrib: [Function],
     startNewLine: [Function],
     notifySelection: [Function],
     doAttrib: [Function],
     collectContent: [Function],
     notifyNextNode: [Function],
     getLines: [Function],
     finish: [Function] },
  state: 
   { flags: {},
     localAttribs: null,
     attribs: { bold: 0 },
     attribString: undefined,
     lineAttributes: {},
     listNesting: 0 },
  tname: 'p',
  styl: '',
  cls: '' }
[32m[2013-12-12 00:21:27.969] [INFO] console - [39mthis2 { cc: 
   { incrementFlag: [Function],
     decrementFlag: [Function],
     incrementAttrib: [Function],
     decrementAttrib: [Function],
     startNewLine: [Function],
     notifySelection: [Function],
     doAttrib: [Function],
     collectContent: [Function],
     notifyNextNode: [Function],
     getLines: [Function],
     finish: [Function] },
  state: 
   { flags: {},
     localAttribs: null,
     attribs: { bold: 0 },
     attribString: undefined,
     lineAttributes: {},
     listNesting: 0 },
  tname: 'p',
  styl: '',
  cls: '' }
[32m[2013-12-12 00:21:27.969] [INFO] console - [39mthis { cc: 
   { incrementFlag: [Function],
     decrementFlag: [Function],
     incrementAttrib: [Function],
     decrementAttrib: [Function],
     startNewLine: [Function],
     notifySelection: [Function],
     doAttrib: [Function],
     collectContent: [Function],
     notifyNextNode: [Function],
     getLines: [Function],
     finish: [Function] },
  state: 
   { flags: {},
     localAttribs: null,
     attribs: { bold: 0 },
     attribString: undefined,
     lineAttributes: {},
     listNesting: 0 },
  tname: 'h1',
  styl: '',
  cls: '' }
[32m[2013-12-12 00:21:27.969] [INFO] console - [39mthis { cc: 
   { incrementFlag: [Function],
     decrementFlag: [Function],
     incrementAttrib: [Function],
     decrementAttrib: [Function],
     startNewLine: [Function],
     notifySelection: [Function],
     doAttrib: [Function],
     collectContent: [Function],
     notifyNextNode: [Function],
     getLines: [Function],
     finish: [Function] },
  state: 
   { flags: {},
     localAttribs: null,
     attribs: { bold: 0 },
     attribString: undefined,
     lineAttributes: { heading: 'h1' },
     listNesting: 0 },
  tname: 'strong',
  styl: '',
  cls: '' }
[32m[2013-12-12 00:21:27.969] [INFO] console - [39mthis2 { cc: 
   { incrementFlag: [Function],
     decrementFlag: [Function],
     incrementAttrib: [Function],
     decrementAttrib: [Function],
     startNewLine: [Function],
     notifySelection: [Function],
     doAttrib: [Function],
     collectContent: [Function],
     notifyNextNode: [Function],
     getLines: [Function],
     finish: [Function] },
  state: 
   { flags: {},
     localAttribs: [ 'bold' ],
     attribs: { bold: 1 },
     attribString: '*7',
     lineAttributes: { heading: 'h1' },
     listNesting: 0 },
  tname: 'strong',
  styl: '',
  cls: '' }
[32m[2013-12-12 00:21:27.970] [INFO] console - [39mthis { cc: 
   { incrementFlag: [Function],
     decrementFlag: [Function],
     incrementAttrib: [Function],
     decrementAttrib: [Function],
     startNewLine: [Function],
     notifySelection: [Function],
     doAttrib: [Function],
     collectContent: [Function],
     notifyNextNode: [Function],
     getLines: [Function],
     finish: [Function] },
  state: 
   { flags: {},
     localAttribs: null,
     attribs: { bold: 0 },
     attribString: undefined,
     lineAttributes: { heading: 'h1' },
     listNesting: 0 },
  tname: 'strong',
  styl: '',
  cls: '' }
[32m[2013-12-12 00:21:27.970] [INFO] console - [39mthis2 { cc: 
   { incrementFlag: [Function],
     decrementFlag: [Function],
     incrementAttrib: [Function],
     decrementAttrib: [Function],
     startNewLine: [Function],
     notifySelection: [Function],
     doAttrib: [Function],
     collectContent: [Function],
     notifyNextNode: [Function],
     getLines: [Function],
     finish: [Function] },
  state: 
   { flags: {},
     localAttribs: [ 'bold' ],
     attribs: { bold: 1 },
     attribString: '*7',
     lineAttributes: { heading: 'h1' },
     listNesting: 0 },
  tname: 'strong',
  styl: '',
  cls: '' }
[32m[2013-12-12 00:21:27.970] [INFO] console - [39mthis { cc: 
   { incrementFlag: [Function],
     decrementFlag: [Function],
     incrementAttrib: [Function],
     decrementAttrib: [Function],
     startNewLine: [Function],
     notifySelection: [Function],
     doAttrib: [Function],
     collectContent: [Function],
     notifyNextNode: [Function],
     getLines: [Function],
     finish: [Function] },
  state: 
   { flags: {},
     localAttribs: null,
     attribs: { bold: 0 },
     attribString: undefined,
     lineAttributes: { heading: 'h1' },
     listNesting: 0 },
  tname: 'strong',
  styl: '',
  cls: '' }
[32m[2013-12-12 00:21:27.971] [INFO] console - [39mthis2 { cc: 
   { incrementFlag: [Function],
     decrementFlag: [Function],
     incrementAttrib: [Function],
     decrementAttrib: [Function],
     startNewLine: [Function],
     notifySelection: [Function],
     doAttrib: [Function],
     collectContent: [Function],
     notifyNextNode: [Function],
     getLines: [Function],
     finish: [Function] },
  state: 
   { flags: {},
     localAttribs: [ 'bold' ],
     attribs: { bold: 1 },
     attribString: '*7',
     lineAttributes: { heading: 'h1' },
     listNesting: 0 },
  tname: 'strong',
  styl: '',
  cls: '' }
[32m[2013-12-12 00:21:27.971] [INFO] console - [39mthis { cc: 
   { incrementFlag: [Function],
     decrementFlag: [Function],
     incrementAttrib: [Function],
     decrementAttrib: [Function],
     startNewLine: [Function],
     notifySelection: [Function],
     doAttrib: [Function],
     collectContent: [Function],
     notifyNextNode: [Function],
     getLines: [Function],
     finish: [Function] },
  state: 
   { flags: {},
     localAttribs: null,
     attribs: { bold: 0 },
     attribString: undefined,
     lineAttributes: { heading: 'h1' },
     listNesting: 0 },
  tname: 'strong',
  styl: '',
  cls: '' }
[32m[2013-12-12 00:21:27.972] [INFO] console - [39mthis2 { cc: 
   { incrementFlag: [Function],
     decrementFlag: [Function],
     incrementAttrib: [Function],
     decrementAttrib: [Function],
     startNewLine: [Function],
     notifySelection: [Function],
     doAttrib: [Function],
     collectContent: [Function],
     notifyNextNode: [Function],
     getLines: [Function],
     finish: [Function] },
  state: 
   { flags: {},
     localAttribs: [ 'bold' ],
     attribs: { bold: 1 },
     attribString: '*7',
     lineAttributes: { heading: 'h1' },
     listNesting: 0 },
  tname: 'strong',
  styl: '',
  cls: '' }
[32m[2013-12-12 00:21:27.972] [INFO] console - [39mthis { cc: 
   { incrementFlag: [Function],
     decrementFlag: [Function],
     incrementAttrib: [Function],
     decrementAttrib: [Function],
     startNewLine: [Function],
     notifySelection: [Function],
     doAttrib: [Function],
     collectContent: [Function],
     notifyNextNode: [Function],
     getLines: [Function],
     finish: [Function] },
  state: 
   { flags: {},
     localAttribs: null,
     attribs: { bold: 0 },
     attribString: undefined,
     lineAttributes: { heading: 'h1' },
     listNesting: 0 },
  tname: 'strong',
  styl: '',
  cls: '' }
[32m[2013-12-12 00:21:27.972] [INFO] console - [39mthis2 { cc: 
   { incrementFlag: [Function],
     decrementFlag: [Function],
     incrementAttrib: [Function],
     decrementAttrib: [Function],
     startNewLine: [Function],
     notifySelection: [Function],
     doAttrib: [Function],
     collectContent: [Function],
     notifyNextNode: [Function],
     getLines: [Function],
     finish: [Function] },
  state: 
   { flags: {},
     localAttribs: [ 'bold' ],
     attribs: { bold: 1 },
     attribString: '*7',
     lineAttributes: { heading: 'h1' },
     listNesting: 0 },
  tname: 'strong',
  styl: '',
  cls: '' }
[32m[2013-12-12 00:21:27.972] [INFO] console - [39mthis { cc: 
   { incrementFlag: [Function],
     decrementFlag: [Function],
     incrementAttrib: [Function],
     decrementAttrib: [Function],
     startNewLine: [Function],
     notifySelection: [Function],
     doAttrib: [Function],
     collectContent: [Function],
     notifyNextNode: [Function],
     getLines: [Function],
     finish: [Function] },
  state: 
   { flags: {},
     localAttribs: null,
     attribs: { bold: 0 },
     attribString: undefined,
     lineAttributes: { heading: 'h1' },
     listNesting: 0 },
  tname: 'strong',
  styl: '',
  cls: '' }
[32m[2013-12-12 00:21:27.973] [INFO] console - [39mthis2 { cc: 
   { incrementFlag: [Function],
     decrementFlag: [Function],
     incrementAttrib: [Function],
     decrementAttrib: [Function],
     startNewLine: [Function],
     notifySelection: [Function],
     doAttrib: [Function],
     collectContent: [Function],
     notifyNextNode: [Function],
     getLines: [Function],
     finish: [Function] },
  state: 
   { flags: {},
     localAttribs: [ 'bold' ],
     attribs: { bold: 1 },
     attribString: '*7',
     lineAttributes: { heading: 'h1' },
     listNesting: 0 },
  tname: 'strong',
  styl: '',
  cls: '' }
[32m[2013-12-12 00:21:27.975] [INFO] console - [39mthis2 { cc: 
   { incrementFlag: [Function],
     decrementFlag: [Function],
     incrementAttrib: [Function],
     decrementAttrib: [Function],
     startNewLine: [Function],
     notifySelection: [Function],
     doAttrib: [Function],
     collectContent: [Function],
     notifyNextNode: [Function],
     getLines: [Function],
     finish: [Function] },
  state: 
   { flags: {},
     localAttribs: null,
     attribs: { bold: 0 },
     attribString: undefined,
     lineAttributes: { heading: 'h1' },
     listNesting: 0 },
  tname: 'h1',
  styl: '',
  cls: '' }
[32m[2013-12-12 00:21:27.975] [INFO] console - [39mthis { cc: 
   { incrementFlag: [Function],
     decrementFlag: [Function],
     incrementAttrib: [Function],
     decrementAttrib: [Function],
     startNewLine: [Function],
     notifySelection: [Function],
     doAttrib: [Function],
     collectContent: [Function],
     notifyNextNode: [Function],
     getLines: [Function],
     finish: [Function] },
  state: 
   { flags: {},
     localAttribs: null,
     attribs: { bold: 0 },
     attribString: undefined,
     lineAttributes: {},
     listNesting: 0 },
  tname: 'h2',
  styl: '',
  cls: '' }
[32m[2013-12-12 00:21:27.975] [INFO] console - [39mthis2 { cc: 
   { incrementFlag: [Function],
     decrementFlag: [Function],
     incrementAttrib: [Function],
     decrementAttrib: [Function],
     startNewLine: [Function],
     notifySelection: [Function],
     doAttrib: [Function],
     collectContent: [Function],
     notifyNextNode: [Function],
     getLines: [Function],
     finish: [Function] },
  state: 
   { flags: {},
     localAttribs: null,
     attribs: { bold: 0 },
     attribString: undefined,
     lineAttributes: { heading: 'h2' },
     listNesting: 0 },
  tname: 'h2',
  styl: '',
  cls: '' }
[32m[2013-12-12 00:21:27.976] [INFO] console - [39mthis { cc: 
   { incrementFlag: [Function],
     decrementFlag: [Function],
     incrementAttrib: [Function],
     decrementAttrib: [Function],
     startNewLine: [Function],
     notifySelection: [Function],
     doAttrib: [Function],
     collectContent: [Function],
     notifyNextNode: [Function],
     getLines: [Function],
     finish: [Function] },
  state: 
   { flags: {},
     localAttribs: null,
     attribs: { bold: 0 },
     attribString: undefined,
     lineAttributes: {},
     listNesting: 0 },
  tname: 'p',
  styl: '',
  cls: '' }
[32m[2013-12-12 00:21:27.977] [INFO] console - [39mthis2 { cc: 
   { incrementFlag: [Function],
     decrementFlag: [Function],
     incrementAttrib: [Function],
     decrementAttrib: [Function],
     startNewLine: [Function],
     notifySelection: [Function],
     doAttrib: [Function],
     collectContent: [Function],
     notifyNextNode: [Function],
     getLines: [Function],
     finish: [Function] },
  state: 
   { flags: {},
     localAttribs: null,
     attribs: { bold: 0 },
     attribString: undefined,
     lineAttributes: {},
     listNesting: 0 },
  tname: 'p',
  styl: '',
  cls: '' }
[32m[2013-12-12 00:21:27.977] [INFO] console - [39mthis { cc: 
   { incrementFlag: [Function],
     decrementFlag: [Function],
     incrementAttrib: [Function],
     decrementAttrib: [Function],
     startNewLine: [Function],
     notifySelection: [Function],
     doAttrib: [Function],
     collectContent: [Function],
     notifyNextNode: [Function],
     getLines: [Function],
     finish: [Function] },
  state: 
   { flags: {},
     localAttribs: null,
     attribs: { bold: 0 },
     attribString: undefined,
     lineAttributes: {},
     listNesting: 0 },
  tname: 'h2',
  styl: '',
  cls: '' }
[32m[2013-12-12 00:21:27.978] [INFO] console - [39mthis2 { cc: 
   { incrementFlag: [Function],
     decrementFlag: [Function],
     incrementAttrib: [Function],
     decrementAttrib: [Function],
     startNewLine: [Function],
     notifySelection: [Function],
     doAttrib: [Function],
     collectContent: [Function],
     notifyNextNode: [Function],
     getLines: [Function],
     finish: [Function] },
  state: 
   { flags: {},
     localAttribs: null,
     attribs: { bold: 0 },
     attribString: undefined,
     lineAttributes: { heading: 'h2' },
     listNesting: 0 },
  tname: 'h2',
  styl: '',
  cls: '' }
[32m[2013-12-12 00:21:27.978] [INFO] console - [39mthis { cc: 
   { incrementFlag: [Function],
     decrementFlag: [Function],
     incrementAttrib: [Function],
     decrementAttrib: [Function],
     startNewLine: [Function],
     notifySelection: [Function],
     doAttrib: [Function],
     collectContent: [Function],
     notifyNextNode: [Function],
     getLines: [Function],
     finish: [Function] },
  state: 
   { flags: {},
     localAttribs: null,
     attribs: { bold: 0 },
     attribString: undefined,
     lineAttributes: {},
     listNesting: 0 },
  tname: 'p',
  styl: '',
  cls: '' }
[32m[2013-12-12 00:21:27.980] [INFO] console - [39mthis2 { cc: 
   { incrementFlag: [Function],
     decrementFlag: [Function],
     incrementAttrib: [Function],
     decrementAttrib: [Function],
     startNewLine: [Function],
     notifySelection: [Function],
     doAttrib: [Function],
     collectContent: [Function],
     notifyNextNode: [Function],
     getLines: [Function],
     finish: [Function] },
  state: 
   { flags: {},
     localAttribs: null,
     attribs: { bold: 0 },
     attribString: undefined,
     lineAttributes: {},
     listNesting: 0 },
  tname: 'p',
  styl: '',
  cls: '' }
[32m[2013-12-12 00:21:27.980] [INFO] console - [39mthis { cc: 
   { incrementFlag: [Function],
     decrementFlag: [Function],
     incrementAttrib: [Function],
     decrementAttrib: [Function],
     startNewLine: [Function],
     notifySelection: [Function],
     doAttrib: [Function],
     collectContent: [Function],
     notifyNextNode: [Function],
     getLines: [Function],
     finish: [Function] },
  state: 
   { flags: {},
     localAttribs: null,
     attribs: { bold: 0 },
     attribString: undefined,
     lineAttributes: {},
     listNesting: 0 },
  tname: 'h2',
  styl: '',
  cls: '' }
[32m[2013-12-12 00:21:27.980] [INFO] console - [39mthis2 { cc: 
   { incrementFlag: [Function],
     decrementFlag: [Function],
     incrementAttrib: [Function],
     decrementAttrib: [Function],
     startNewLine: [Function],
     notifySelection: [Function],
     doAttrib: [Function],
     collectContent: [Function],
     notifyNextNode: [Function],
     getLines: [Function],
     finish: [Function] },
  state: 
   { flags: {},
     localAttribs: null,
     attribs: { bold: 0 },
     attribString: undefined,
     lineAttributes: { heading: 'h2' },
     listNesting: 0 },
  tname: 'h2',
  styl: '',
  cls: '' }
[32m[2013-12-12 00:21:27.980] [INFO] console - [39mthis { cc: 
   { incrementFlag: [Function],
     decrementFlag: [Function],
     incrementAttrib: [Function],
     decrementAttrib: [Function],
     startNewLine: [Function],
     notifySelection: [Function],
     doAttrib: [Function],
     collectContent: [Function],
     notifyNextNode: [Function],
     getLines: [Function],
     finish: [Function] },
  state: 
   { flags: {},
     localAttribs: null,
     attribs: { bold: 0 },
     attribString: undefined,
     lineAttributes: {},
     listNesting: 0 },
  tname: 'p',
  styl: '',
  cls: '' }
[32m[2013-12-12 00:21:27.981] [INFO] console - [39mthis { cc: 
   { incrementFlag: [Function],
     decrementFlag: [Function],
     incrementAttrib: [Function],
     decrementAttrib: [Function],
     startNewLine: [Function],
     notifySelection: [Function],
     doAttrib: [Function],
     collectContent: [Function],
     notifyNextNode: [Function],
     getLines: [Function],
     finish: [Function] },
  state: 
   { flags: {},
     localAttribs: null,
     attribs: { bold: 0 },
     attribString: undefined,
     lineAttributes: {},
     listNesting: 0 },
  tname: 'a',
  styl: '',
  cls: '' }
[32m[2013-12-12 00:21:27.981] [INFO] console - [39mthis2 { cc: 
   { incrementFlag: [Function],
     decrementFlag: [Function],
     incrementAttrib: [Function],
     decrementAttrib: [Function],
     startNewLine: [Function],
     notifySelection: [Function],
     doAttrib: [Function],
     collectContent: [Function],
     notifyNextNode: [Function],
     getLines: [Function],
     finish: [Function] },
  state: 
   { flags: {},
     localAttribs: null,
     attribs: { bold: 0 },
     attribString: undefined,
     lineAttributes: {},
     listNesting: 0 },
  tname: 'a',
  styl: '',
  cls: '' }
[32m[2013-12-12 00:21:27.982] [INFO] console - [39mthis2 { cc: 
   { incrementFlag: [Function],
     decrementFlag: [Function],
     incrementAttrib: [Function],
     decrementAttrib: [Function],
     startNewLine: [Function],
     notifySelection: [Function],
     doAttrib: [Function],
     collectContent: [Function],
     notifyNextNode: [Function],
     getLines: [Function],
     finish: [Function] },
  state: 
   { flags: {},
     localAttribs: null,
     attribs: { bold: 0 },
     attribString: undefined,
     lineAttributes: {},
     listNesting: 0 },
  tname: 'p',
  styl: '',
  cls: '' }
[32m[2013-12-12 00:21:27.982] [INFO] console - [39mthis { cc: 
   { incrementFlag: [Function],
     decrementFlag: [Function],
     incrementAttrib: [Function],
     decrementAttrib: [Function],
     startNewLine: [Function],
     notifySelection: [Function],
     doAttrib: [Function],
     collectContent: [Function],
     notifyNextNode: [Function],
     getLines: [Function],
     finish: [Function] },
  state: 
   { flags: {},
     localAttribs: null,
     attribs: { bold: 0 },
     attribString: undefined,
     lineAttributes: {},
     listNesting: 0 },
  tname: 'h2',
  styl: '',
  cls: '' }
[32m[2013-12-12 00:21:27.984] [INFO] console - [39mthis2 { cc: 
   { incrementFlag: [Function],
     decrementFlag: [Function],
     incrementAttrib: [Function],
     decrementAttrib: [Function],
     startNewLine: [Function],
     notifySelection: [Function],
     doAttrib: [Function],
     collectContent: [Function],
     notifyNextNode: [Function],
     getLines: [Function],
     finish: [Function] },
  state: 
   { flags: {},
     localAttribs: null,
     attribs: { bold: 0 },
     attribString: undefined,
     lineAttributes: { heading: 'h2' },
     listNesting: 0 },
  tname: 'h2',
  styl: '',
  cls: '' }
[32m[2013-12-12 00:21:27.984] [INFO] console - [39mthis { cc: 
   { incrementFlag: [Function],
     decrementFlag: [Function],
     incrementAttrib: [Function],
     decrementAttrib: [Function],
     startNewLine: [Function],
     notifySelection: [Function],
     doAttrib: [Function],
     collectContent: [Function],
     notifyNextNode: [Function],
     getLines: [Function],
     finish: [Function] },
  state: 
   { flags: {},
     localAttribs: null,
     attribs: { bold: 0 },
     attribString: undefined,
     lineAttributes: {},
     listNesting: 0 },
  tname: 'p',
  styl: '',
  cls: '' }
[32m[2013-12-12 00:21:27.989] [INFO] console - [39mthis2 { cc: 
   { incrementFlag: [Function],
     decrementFlag: [Function],
     incrementAttrib: [Function],
     decrementAttrib: [Function],
     startNewLine: [Function],
     notifySelection: [Function],
     doAttrib: [Function],
     collectContent: [Function],
     notifyNextNode: [Function],
     getLines: [Function],
     finish: [Function] },
  state: 
   { flags: {},
     localAttribs: null,
     attribs: { bold: 0 },
     attribString: undefined,
     lineAttributes: {},
     listNesting: 0 },
  tname: 'p',
  styl: '',
  cls: '' }
[32m[2013-12-12 00:21:27.989] [INFO] console - [39mthis { cc: 
   { incrementFlag: [Function],
     decrementFlag: [Function],
     incrementAttrib: [Function],
     decrementAttrib: [Function],
     startNewLine: [Function],
     notifySelection: [Function],
     doAttrib: [Function],
     collectContent: [Function],
     notifyNextNode: [Function],
     getLines: [Function],
     finish: [Function] },
  state: 
   { flags: {},
     localAttribs: null,
     attribs: { bold: 0 },
     attribString: undefined,
     lineAttributes: {},
     listNesting: 0 },
  tname: 'h2',
  styl: '',
  cls: '' }
[32m[2013-12-12 00:21:27.990] [INFO] console - [39mthis2 { cc: 
   { incrementFlag: [Function],
     decrementFlag: [Function],
     incrementAttrib: [Function],
     decrementAttrib: [Function],
     startNewLine: [Function],
     notifySelection: [Function],
     doAttrib: [Function],
     collectContent: [Function],
     notifyNextNode: [Function],
     getLines: [Function],
     finish: [Function] },
  state: 
   { flags: {},
     localAttribs: null,
     attribs: { bold: 0 },
     attribString: undefined,
     lineAttributes: { heading: 'h2' },
     listNesting: 0 },
  tname: 'h2',
  styl: '',
  cls: '' }
[32m[2013-12-12 00:21:27.990] [INFO] console - [39mthis { cc: 
   { incrementFlag: [Function],
     decrementFlag: [Function],
     incrementAttrib: [Function],
     decrementAttrib: [Function],
     startNewLine: [Function],
     notifySelection: [Function],
     doAttrib: [Function],
     collectContent: [Function],
     notifyNextNode: [Function],
     getLines: [Function],
     finish: [Function] },
  state: 
   { flags: {},
     localAttribs: null,
     attribs: { bold: 0 },
     attribString: undefined,
     lineAttributes: {},
     listNesting: 0 },
  tname: 'p',
  styl: '',
  cls: '' }
[32m[2013-12-12 00:21:27.990] [INFO] console - [39mthis2 { cc: 
   { incrementFlag: [Function],
     decrementFlag: [Function],
     incrementAttrib: [Function],
     decrementAttrib: [Function],
     startNewLine: [Function],
     notifySelection: [Function],
     doAttrib: [Function],
     collectContent: [Function],
     notifyNextNode: [Function],
     getLines: [Function],
     finish: [Function] },
  state: 
   { flags: {},
     localAttribs: null,
     attribs: { bold: 0 },
     attribString: undefined,
     lineAttributes: {},
     listNesting: 0 },
  tname: 'p',
  styl: '',
  cls: '' }
[32m[2013-12-12 00:21:27.990] [INFO] console - [39mthis { cc: 
   { incrementFlag: [Function],
     decrementFlag: [Function],
     incrementAttrib: [Function],
     decrementAttrib: [Function],
     startNewLine: [Function],
     notifySelection: [Function],
     doAttrib: [Function],
     collectContent: [Function],
     notifyNextNode: [Function],
     getLines: [Function],
     finish: [Function] },
  state: 
   { flags: {},
     localAttribs: null,
     attribs: { bold: 0 },
     attribString: undefined,
     lineAttributes: {},
     listNesting: 0 },
  tname: 'ul',
  styl: '',
  cls: '' }
[32m[2013-12-12 00:21:27.991] [INFO] console - [39mthis { cc: 
   { incrementFlag: [Function],
     decrementFlag: [Function],
     incrementAttrib: [Function],
     decrementAttrib: [Function],
     startNewLine: [Function],
     notifySelection: [Function],
     doAttrib: [Function],
     collectContent: [Function],
     notifyNextNode: [Function],
     getLines: [Function],
     finish: [Function] },
  state: 
   { flags: {},
     localAttribs: null,
     attribs: { bold: 0 },
     attribString: undefined,
     lineAttributes: { list: 'bullet1' },
     listNesting: 1 },
  tname: 'li',
  styl: '',
  cls: '' }
[32m[2013-12-12 00:21:27.991] [INFO] console - [39mthis2 { cc: 
   { incrementFlag: [Function],
     decrementFlag: [Function],
     incrementAttrib: [Function],
     decrementAttrib: [Function],
     startNewLine: [Function],
     notifySelection: [Function],
     doAttrib: [Function],
     collectContent: [Function],
     notifyNextNode: [Function],
     getLines: [Function],
     finish: [Function] },
  state: 
   { flags: {},
     localAttribs: null,
     attribs: { bold: 0 },
     attribString: undefined,
     lineAttributes: { list: 'bullet1' },
     listNesting: 1 },
  tname: 'li',
  styl: '',
  cls: '' }
[32m[2013-12-12 00:21:27.991] [INFO] console - [39mthis { cc: 
   { incrementFlag: [Function],
     decrementFlag: [Function],
     incrementAttrib: [Function],
     decrementAttrib: [Function],
     startNewLine: [Function],
     notifySelection: [Function],
     doAttrib: [Function],
     collectContent: [Function],
     notifyNextNode: [Function],
     getLines: [Function],
     finish: [Function] },
  state: 
   { flags: {},
     localAttribs: null,
     attribs: { bold: 0 },
     attribString: undefined,
     lineAttributes: { list: 'bullet1' },
     listNesting: 1 },
  tname: 'li',
  styl: '',
  cls: '' }
[32m[2013-12-12 00:21:27.991] [INFO] console - [39mthis2 { cc: 
   { incrementFlag: [Function],
     decrementFlag: [Function],
     incrementAttrib: [Function],
     decrementAttrib: [Function],
     startNewLine: [Function],
     notifySelection: [Function],
     doAttrib: [Function],
     collectContent: [Function],
     notifyNextNode: [Function],
     getLines: [Function],
     finish: [Function] },
  state: 
   { flags: {},
     localAttribs: null,
     attribs: { bold: 0 },
     attribString: undefined,
     lineAttributes: { list: 'bullet1' },
     listNesting: 1 },
  tname: 'li',
  styl: '',
  cls: '' }
[32m[2013-12-12 00:21:27.992] [INFO] console - [39mthis2 { cc: 
   { incrementFlag: [Function],
     decrementFlag: [Function],
     incrementAttrib: [Function],
     decrementAttrib: [Function],
     startNewLine: [Function],
     notifySelection: [Function],
     doAttrib: [Function],
     collectContent: [Function],
     notifyNextNode: [Function],
     getLines: [Function],
     finish: [Function] },
  state: 
   { flags: {},
     localAttribs: null,
     attribs: { bold: 0 },
     attribString: undefined,
     lineAttributes: { list: 'bullet1' },
     listNesting: 1 },
  tname: 'ul',
  styl: '',
  cls: '' }
[32m[2013-12-12 00:21:27.992] [INFO] console - [39mthis { cc: 
   { incrementFlag: [Function],
     decrementFlag: [Function],
     incrementAttrib: [Function],
     decrementAttrib: [Function],
     startNewLine: [Function],
     notifySelection: [Function],
     doAttrib: [Function],
     collectContent: [Function],
     notifyNextNode: [Function],
     getLines: [Function],
     finish: [Function] },
  state: 
   { flags: {},
     localAttribs: null,
     attribs: { bold: 0 },
     attribString: undefined,
     lineAttributes: {},
     listNesting: 0 },
  tname: 'p',
  styl: '',
  cls: '' }
[32m[2013-12-12 00:21:27.993] [INFO] console - [39mthis2 { cc: 
   { incrementFlag: [Function],
     decrementFlag: [Function],
     incrementAttrib: [Function],
     decrementAttrib: [Function],
     startNewLine: [Function],
     notifySelection: [Function],
     doAttrib: [Function],
     collectContent: [Function],
     notifyNextNode: [Function],
     getLines: [Function],
     finish: [Function] },
  state: 
   { flags: {},
     localAttribs: null,
     attribs: { bold: 0 },
     attribString: undefined,
     lineAttributes: {},
     listNesting: 0 },
  tname: 'p',
  styl: '',
  cls: '' }
[32m[2013-12-12 00:21:27.993] [INFO] console - [39mthis { cc: 
   { incrementFlag: [Function],
     decrementFlag: [Function],
     incrementAttrib: [Function],
     decrementAttrib: [Function],
     startNewLine: [Function],
     notifySelection: [Function],
     doAttrib: [Function],
     collectContent: [Function],
     notifyNextNode: [Function],
     getLines: [Function],
     finish: [Function] },
  state: 
   { flags: {},
     localAttribs: null,
     attribs: { bold: 0 },
     attribString: undefined,
     lineAttributes: {},
     listNesting: 0 },
  tname: 'p',
  styl: '',
  cls: '' }
[32m[2013-12-12 00:21:27.995] [INFO] console - [39mthis2 { cc: 
   { incrementFlag: [Function],
     decrementFlag: [Function],
     incrementAttrib: [Function],
     decrementAttrib: [Function],
     startNewLine: [Function],
     notifySelection: [Function],
     doAttrib: [Function],
     collectContent: [Function],
     notifyNextNode: [Function],
     getLines: [Function],
     finish: [Function] },
  state: 
   { flags: {},
     localAttribs: null,
     attribs: { bold: 0 },
     attribString: undefined,
     lineAttributes: {},
     listNesting: 0 },
  tname: 'p',
  styl: '',
  cls: '' }
[32m[2013-12-12 00:21:27.995] [INFO] console - [39mthis { cc: 
   { incrementFlag: [Function],
     decrementFlag: [Function],
     incrementAttrib: [Function],
     decrementAttrib: [Function],
     startNewLine: [Function],
     notifySelection: [Function],
     doAttrib: [Function],
     collectContent: [Function],
     notifyNextNode: [Function],
     getLines: [Function],
     finish: [Function] },
  state: 
   { flags: {},
     localAttribs: null,
     attribs: { bold: 0 },
     attribString: undefined,
     lineAttributes: {},
     listNesting: 0 },
  tname: 'h1',
  styl: '',
  cls: '' }
[32m[2013-12-12 00:21:27.995] [INFO] console - [39mthis { cc: 
   { incrementFlag: [Function],
     decrementFlag: [Function],
     incrementAttrib: [Function],
     decrementAttrib: [Function],
     startNewLine: [Function],
     notifySelection: [Function],
     doAttrib: [Function],
     collectContent: [Function],
     notifyNextNode: [Function],
     getLines: [Function],
     finish: [Function] },
  state: 
   { flags: {},
     localAttribs: null,
     attribs: { bold: 0 },
     attribString: undefined,
     lineAttributes: { heading: 'h1' },
     listNesting: 0 },
  tname: 'strong',
  styl: '',
  cls: '' }
[32m[2013-12-12 00:21:27.995] [INFO] console - [39mthis2 { cc: 
   { incrementFlag: [Function],
     decrementFlag: [Function],
     incrementAttrib: [Function],
     decrementAttrib: [Function],
     startNewLine: [Function],
     notifySelection: [Function],
     doAttrib: [Function],
     collectContent: [Function],
     notifyNextNode: [Function],
     getLines: [Function],
     finish: [Function] },
  state: 
   { flags: {},
     localAttribs: [ 'bold' ],
     attribs: { bold: 1 },
     attribString: '*7',
     lineAttributes: { heading: 'h1' },
     listNesting: 0 },
  tname: 'strong',
  styl: '',
  cls: '' }
[32m[2013-12-12 00:21:27.996] [INFO] console - [39mthis { cc: 
   { incrementFlag: [Function],
     decrementFlag: [Function],
     incrementAttrib: [Function],
     decrementAttrib: [Function],
     startNewLine: [Function],
     notifySelection: [Function],
     doAttrib: [Function],
     collectContent: [Function],
     notifyNextNode: [Function],
     getLines: [Function],
     finish: [Function] },
  state: 
   { flags: {},
     localAttribs: null,
     attribs: { bold: 0 },
     attribString: undefined,
     lineAttributes: { heading: 'h1' },
     listNesting: 0 },
  tname: 'strong',
  styl: '',
  cls: '' }
[32m[2013-12-12 00:21:27.996] [INFO] console - [39mthis2 { cc: 
   { incrementFlag: [Function],
     decrementFlag: [Function],
     incrementAttrib: [Function],
     decrementAttrib: [Function],
     startNewLine: [Function],
     notifySelection: [Function],
     doAttrib: [Function],
     collectContent: [Function],
     notifyNextNode: [Function],
     getLines: [Function],
     finish: [Function] },
  state: 
   { flags: {},
     localAttribs: [ 'bold' ],
     attribs: { bold: 1 },
     attribString: '*7',
     lineAttributes: { heading: 'h1' },
     listNesting: 0 },
  tname: 'strong',
  styl: '',
  cls: '' }
[32m[2013-12-12 00:21:27.996] [INFO] console - [39mthis { cc: 
   { incrementFlag: [Function],
     decrementFlag: [Function],
     incrementAttrib: [Function],
     decrementAttrib: [Function],
     startNewLine: [Function],
     notifySelection: [Function],
     doAttrib: [Function],
     collectContent: [Function],
     notifyNextNode: [Function],
     getLines: [Function],
     finish: [Function] },
  state: 
   { flags: {},
     localAttribs: null,
     attribs: { bold: 0 },
     attribString: undefined,
     lineAttributes: { heading: 'h1' },
     listNesting: 0 },
  tname: 'strong',
  styl: '',
  cls: '' }
[32m[2013-12-12 00:21:27.996] [INFO] console - [39mthis2 { cc: 
   { incrementFlag: [Function],
     decrementFlag: [Function],
     incrementAttrib: [Function],
     decrementAttrib: [Function],
     startNewLine: [Function],
     notifySelection: [Function],
     doAttrib: [Function],
     collectContent: [Function],
     notifyNextNode: [Function],
     getLines: [Function],
     finish: [Function] },
  state: 
   { flags: {},
     localAttribs: [ 'bold' ],
     attribs: { bold: 1 },
     attribString: '*7',
     lineAttributes: { heading: 'h1' },
     listNesting: 0 },
  tname: 'strong',
  styl: '',
  cls: '' }
[32m[2013-12-12 00:21:27.997] [INFO] console - [39mthis { cc: 
   { incrementFlag: [Function],
     decrementFlag: [Function],
     incrementAttrib: [Function],
     decrementAttrib: [Function],
     startNewLine: [Function],
     notifySelection: [Function],
     doAttrib: [Function],
     collectContent: [Function],
     notifyNextNode: [Function],
     getLines: [Function],
     finish: [Function] },
  state: 
   { flags: {},
     localAttribs: null,
     attribs: { bold: 0 },
     attribString: undefined,
     lineAttributes: { heading: 'h1' },
     listNesting: 0 },
  tname: 'strong',
  styl: '',
  cls: '' }
[32m[2013-12-12 00:21:27.997] [INFO] console - [39mthis2 { cc: 
   { incrementFlag: [Function],
     decrementFlag: [Function],
     incrementAttrib: [Function],
     decrementAttrib: [Function],
     startNewLine: [Function],
     notifySelection: [Function],
     doAttrib: [Function],
     collectContent: [Function],
     notifyNextNode: [Function],
     getLines: [Function],
     finish: [Function] },
  state: 
   { flags: {},
     localAttribs: [ 'bold' ],
     attribs: { bold: 1 },
     attribString: '*7',
     lineAttributes: { heading: 'h1' },
     listNesting: 0 },
  tname: 'strong',
  styl: '',
  cls: '' }
[32m[2013-12-12 00:21:27.997] [INFO] console - [39mthis { cc: 
   { incrementFlag: [Function],
     decrementFlag: [Function],
     incrementAttrib: [Function],
     decrementAttrib: [Function],
     startNewLine: [Function],
     notifySelection: [Function],
     doAttrib: [Function],
     collectContent: [Function],
     notifyNextNode: [Function],
     getLines: [Function],
     finish: [Function] },
  state: 
   { flags: {},
     localAttribs: null,
     attribs: { bold: 0 },
     attribString: undefined,
     lineAttributes: { heading: 'h1' },
     listNesting: 0 },
  tname: 'strong',
  styl: '',
  cls: '' }
[32m[2013-12-12 00:21:27.997] [INFO] console - [39mthis2 { cc: 
   { incrementFlag: [Function],
     decrementFlag: [Function],
     incrementAttrib: [Function],
     decrementAttrib: [Function],
     startNewLine: [Function],
     notifySelection: [Function],
     doAttrib: [Function],
     collectContent: [Function],
     notifyNextNode: [Function],
     getLines: [Function],
     finish: [Function] },
  state: 
   { flags: {},
     localAttribs: [ 'bold' ],
     attribs: { bold: 1 },
     attribString: '*7',
     lineAttributes: { heading: 'h1' },
     listNesting: 0 },
  tname: 'strong',
  styl: '',
  cls: '' }
[32m[2013-12-12 00:21:27.998] [INFO] console - [39mthis { cc: 
   { incrementFlag: [Function],
     decrementFlag: [Function],
     incrementAttrib: [Function],
     decrementAttrib: [Function],
     startNewLine: [Function],
     notifySelection: [Function],
     doAttrib: [Function],
     collectContent: [Function],
     notifyNextNode: [Function],
     getLines: [Function],
     finish: [Function] },
  state: 
   { flags: {},
     localAttribs: null,
     attribs: { bold: 0 },
     attribString: undefined,
     lineAttributes: { heading: 'h1' },
     listNesting: 0 },
  tname: 'strong',
  styl: '',
  cls: '' }
[32m[2013-12-12 00:21:27.998] [INFO] console - [39mthis2 { cc: 
   { incrementFlag: [Function],
     decrementFlag: [Function],
     incrementAttrib: [Function],
     decrementAttrib: [Function],
     startNewLine: [Function],
     notifySelection: [Function],
     doAttrib: [Function],
     collectContent: [Function],
     notifyNextNode: [Function],
     getLines: [Function],
     finish: [Function] },
  state: 
   { flags: {},
     localAttribs: [ 'bold' ],
     attribs: { bold: 1 },
     attribString: '*7',
     lineAttributes: { heading: 'h1' },
     listNesting: 0 },
  tname: 'strong',
  styl: '',
  cls: '' }
[32m[2013-12-12 00:21:27.998] [INFO] console - [39mthis { cc: 
   { incrementFlag: [Function],
     decrementFlag: [Function],
     incrementAttrib: [Function],
     decrementAttrib: [Function],
     startNewLine: [Function],
     notifySelection: [Function],
     doAttrib: [Function],
     collectContent: [Function],
     notifyNextNode: [Function],
     getLines: [Function],
     finish: [Function] },
  state: 
   { flags: {},
     localAttribs: null,
     attribs: { bold: 0 },
     attribString: undefined,
     lineAttributes: { heading: 'h1' },
     listNesting: 0 },
  tname: 'strong',
  styl: '',
  cls: '' }
[32m[2013-12-12 00:21:27.998] [INFO] console - [39mthis2 { cc: 
   { incrementFlag: [Function],
     decrementFlag: [Function],
     incrementAttrib: [Function],
     decrementAttrib: [Function],
     startNewLine: [Function],
     notifySelection: [Function],
     doAttrib: [Function],
     collectContent: [Function],
     notifyNextNode: [Function],
     getLines: [Function],
     finish: [Function] },
  state: 
   { flags: {},
     localAttribs: [ 'bold' ],
     attribs: { bold: 1 },
     attribString: '*7',
     lineAttributes: { heading: 'h1' },
     listNesting: 0 },
  tname: 'strong',
  styl: '',
  cls: '' }
[32m[2013-12-12 00:21:28.000] [INFO] console - [39mthis2 { cc: 
   { incrementFlag: [Function],
     decrementFlag: [Function],
     incrementAttrib: [Function],
     decrementAttrib: [Function],
     startNewLine: [Function],
     notifySelection: [Function],
     doAttrib: [Function],
     collectContent: [Function],
     notifyNextNode: [Function],
     getLines: [Function],
     finish: [Function] },
  state: 
   { flags: {},
     localAttribs: null,
     attribs: { bold: 0 },
     attribString: undefined,
     lineAttributes: { heading: 'h1' },
     listNesting: 0 },
  tname: 'h1',
  styl: '',
  cls: '' }
[32m[2013-12-12 00:21:28.001] [INFO] console - [39mthis { cc: 
   { incrementFlag: [Function],
     decrementFlag: [Function],
     incrementAttrib: [Function],
     decrementAttrib: [Function],
     startNewLine: [Function],
     notifySelection: [Function],
     doAttrib: [Function],
     collectContent: [Function],
     notifyNextNode: [Function],
     getLines: [Function],
     finish: [Function] },
  state: 
   { flags: {},
     localAttribs: null,
     attribs: { bold: 0 },
     attribString: undefined,
     lineAttributes: {},
     listNesting: 0 },
  tname: 'p',
  styl: '',
  cls: '' }
[32m[2013-12-12 00:21:28.002] [INFO] console - [39mthis2 { cc: 
   { incrementFlag: [Function],
     decrementFlag: [Function],
     incrementAttrib: [Function],
     decrementAttrib: [Function],
     startNewLine: [Function],
     notifySelection: [Function],
     doAttrib: [Function],
     collectContent: [Function],
     notifyNextNode: [Function],
     getLines: [Function],
     finish: [Function] },
  state: 
   { flags: {},
     localAttribs: null,
     attribs: { bold: 0 },
     attribString: undefined,
     lineAttributes: {},
     listNesting: 0 },
  tname: 'p',
  styl: '',
  cls: '' }
[32m[2013-12-12 00:21:28.002] [INFO] console - [39mthis { cc: 
   { incrementFlag: [Function],
     decrementFlag: [Function],
     incrementAttrib: [Function],
     decrementAttrib: [Function],
     startNewLine: [Function],
     notifySelection: [Function],
     doAttrib: [Function],
     collectContent: [Function],
     notifyNextNode: [Function],
     getLines: [Function],
     finish: [Function] },
  state: 
   { flags: {},
     localAttribs: null,
     attribs: { bold: 0 },
     attribString: undefined,
     lineAttributes: {},
     listNesting: 0 },
  tname: 'h2',
  styl: '',
  cls: '' }
[32m[2013-12-12 00:21:28.002] [INFO] console - [39mthis2 { cc: 
   { incrementFlag: [Function],
     decrementFlag: [Function],
     incrementAttrib: [Function],
     decrementAttrib: [Function],
     startNewLine: [Function],
     notifySelection: [Function],
     doAttrib: [Function],
     collectContent: [Function],
     notifyNextNode: [Function],
     getLines: [Function],
     finish: [Function] },
  state: 
   { flags: {},
     localAttribs: null,
     attribs: { bold: 0 },
     attribString: undefined,
     lineAttributes: { heading: 'h2' },
     listNesting: 0 },
  tname: 'h2',
  styl: '',
  cls: '' }
[32m[2013-12-12 00:21:28.002] [INFO] console - [39mthis { cc: 
   { incrementFlag: [Function],
     decrementFlag: [Function],
     incrementAttrib: [Function],
     decrementAttrib: [Function],
     startNewLine: [Function],
     notifySelection: [Function],
     doAttrib: [Function],
     collectContent: [Function],
     notifyNextNode: [Function],
     getLines: [Function],
     finish: [Function] },
  state: 
   { flags: {},
     localAttribs: null,
     attribs: { bold: 0 },
     attribString: undefined,
     lineAttributes: {},
     listNesting: 0 },
  tname: 'p',
  styl: '',
  cls: '' }
[32m[2013-12-12 00:21:28.003] [INFO] console - [39mthis { cc: 
   { incrementFlag: [Function],
     decrementFlag: [Function],
     incrementAttrib: [Function],
     decrementAttrib: [Function],
     startNewLine: [Function],
     notifySelection: [Function],
     doAttrib: [Function],
     collectContent: [Function],
     notifyNextNode: [Function],
     getLines: [Function],
     finish: [Function] },
  state: 
   { flags: {},
     localAttribs: null,
     attribs: { bold: 0 },
     attribString: undefined,
     lineAttributes: {},
     listNesting: 0 },
  tname: 'a',
  styl: '',
  cls: '' }
[32m[2013-12-12 00:21:28.003] [INFO] console - [39mthis2 { cc: 
   { incrementFlag: [Function],
     decrementFlag: [Function],
     incrementAttrib: [Function],
     decrementAttrib: [Function],
     startNewLine: [Function],
     notifySelection: [Function],
     doAttrib: [Function],
     collectContent: [Function],
     notifyNextNode: [Function],
     getLines: [Function],
     finish: [Function] },
  state: 
   { flags: {},
     localAttribs: null,
     attribs: { bold: 0 },
     attribString: undefined,
     lineAttributes: {},
     listNesting: 0 },
  tname: 'a',
  styl: '',
  cls: '' }
[32m[2013-12-12 00:21:28.004] [INFO] console - [39mthis2 { cc: 
   { incrementFlag: [Function],
     decrementFlag: [Function],
     incrementAttrib: [Function],
     decrementAttrib: [Function],
     startNewLine: [Function],
     notifySelection: [Function],
     doAttrib: [Function],
     collectContent: [Function],
     notifyNextNode: [Function],
     getLines: [Function],
     finish: [Function] },
  state: 
   { flags: {},
     localAttribs: null,
     attribs: { bold: 0 },
     attribString: undefined,
     lineAttributes: {},
     listNesting: 0 },
  tname: 'p',
  styl: '',
  cls: '' }
[32m[2013-12-12 00:21:28.005] [INFO] console - [39mthis { cc: 
   { incrementFlag: [Function],
     decrementFlag: [Function],
     incrementAttrib: [Function],
     decrementAttrib: [Function],
     startNewLine: [Function],
     notifySelection: [Function],
     doAttrib: [Function],
     collectContent: [Function],
     notifyNextNode: [Function],
     getLines: [Function],
     finish: [Function] },
  state: 
   { flags: {},
     localAttribs: null,
     attribs: { bold: 0 },
     attribString: undefined,
     lineAttributes: {},
     listNesting: 0 },
  tname: 'h2',
  styl: '',
  cls: '' }
[32m[2013-12-12 00:21:28.005] [INFO] console - [39mthis2 { cc: 
   { incrementFlag: [Function],
     decrementFlag: [Function],
     incrementAttrib: [Function],
     decrementAttrib: [Function],
     startNewLine: [Function],
     notifySelection: [Function],
     doAttrib: [Function],
     collectContent: [Function],
     notifyNextNode: [Function],
     getLines: [Function],
     finish: [Function] },
  state: 
   { flags: {},
     localAttribs: null,
     attribs: { bold: 0 },
     attribString: undefined,
     lineAttributes: { heading: 'h2' },
     listNesting: 0 },
  tname: 'h2',
  styl: '',
  cls: '' }
[32m[2013-12-12 00:21:28.005] [INFO] console - [39mthis { cc: 
   { incrementFlag: [Function],
     decrementFlag: [Function],
     incrementAttrib: [Function],
     decrementAttrib: [Function],
     startNewLine: [Function],
     notifySelection: [Function],
     doAttrib: [Function],
     collectContent: [Function],
     notifyNextNode: [Function],
     getLines: [Function],
     finish: [Function] },
  state: 
   { flags: {},
     localAttribs: null,
     attribs: { bold: 0 },
     attribString: undefined,
     lineAttributes: {},
     listNesting: 0 },
  tname: 'p',
  styl: '',
  cls: '' }
[32m[2013-12-12 00:21:28.006] [INFO] console - [39mthis2 { cc: 
   { incrementFlag: [Function],
     decrementFlag: [Function],
     incrementAttrib: [Function],
     decrementAttrib: [Function],
     startNewLine: [Function],
     notifySelection: [Function],
     doAttrib: [Function],
     collectContent: [Function],
     notifyNextNode: [Function],
     getLines: [Function],
     finish: [Function] },
  state: 
   { flags: {},
     localAttribs: null,
     attribs: { bold: 0 },
     attribString: undefined,
     lineAttributes: {},
     listNesting: 0 },
  tname: 'p',
  styl: '',
  cls: '' }
[32m[2013-12-12 00:21:28.007] [INFO] console - [39mthis { cc: 
   { incrementFlag: [Function],
     decrementFlag: [Function],
     incrementAttrib: [Function],
     decrementAttrib: [Function],
     startNewLine: [Function],
     notifySelection: [Function],
     doAttrib: [Function],
     collectContent: [Function],
     notifyNextNode: [Function],
     getLines: [Function],
     finish: [Function] },
  state: 
   { flags: {},
     localAttribs: null,
     attribs: { bold: 0 },
     attribString: undefined,
     lineAttributes: {},
     listNesting: 0 },
  tname: 'h2',
  styl: '',
  cls: '' }
[32m[2013-12-12 00:21:28.007] [INFO] console - [39mthis2 { cc: 
   { incrementFlag: [Function],
     decrementFlag: [Function],
     incrementAttrib: [Function],
     decrementAttrib: [Function],
     startNewLine: [Function],
     notifySelection: [Function],
     doAttrib: [Function],
     collectContent: [Function],
     notifyNextNode: [Function],
     getLines: [Function],
     finish: [Function] },
  state: 
   { flags: {},
     localAttribs: null,
     attribs: { bold: 0 },
     attribString: undefined,
     lineAttributes: { heading: 'h2' },
     listNesting: 0 },
  tname: 'h2',
  styl: '',
  cls: '' }
[32m[2013-12-12 00:21:28.007] [INFO] console - [39mthis { cc: 
   { incrementFlag: [Function],
     decrementFlag: [Function],
     incrementAttrib: [Function],
     decrementAttrib: [Function],
     startNewLine: [Function],
     notifySelection: [Function],
     doAttrib: [Function],
     collectContent: [Function],
     notifyNextNode: [Function],
     getLines: [Function],
     finish: [Function] },
  state: 
   { flags: {},
     localAttribs: null,
     attribs: { bold: 0 },
     attribString: undefined,
     lineAttributes: {},
     listNesting: 0 },
  tname: 'p',
  styl: '',
  cls: '' }
[32m[2013-12-12 00:21:28.009] [INFO] console - [39mthis2 { cc: 
   { incrementFlag: [Function],
     decrementFlag: [Function],
     incrementAttrib: [Function],
     decrementAttrib: [Function],
     startNewLine: [Function],
     notifySelection: [Function],
     doAttrib: [Function],
     collectContent: [Function],
     notifyNextNode: [Function],
     getLines: [Function],
     finish: [Function] },
  state: 
   { flags: {},
     localAttribs: null,
     attribs: { bold: 0 },
     attribString: undefined,
     lineAttributes: {},
     listNesting: 0 },
  tname: 'p',
  styl: '',
  cls: '' }
[32m[2013-12-12 00:21:28.009] [INFO] console - [39mthis { cc: 
   { incrementFlag: [Function],
     decrementFlag: [Function],
     incrementAttrib: [Function],
     decrementAttrib: [Function],
     startNewLine: [Function],
     notifySelection: [Function],
     doAttrib: [Function],
     collectContent: [Function],
     notifyNextNode: [Function],
     getLines: [Function],
     finish: [Function] },
  state: 
   { flags: {},
     localAttribs: null,
     attribs: { bold: 0 },
     attribString: undefined,
     lineAttributes: {},
     listNesting: 0 },
  tname: 'p',
  styl: '',
  cls: '' }
[32m[2013-12-12 00:21:28.011] [INFO] console - [39mthis2 { cc: 
   { incrementFlag: [Function],
     decrementFlag: [Function],
     incrementAttrib: [Function],
     decrementAttrib: [Function],
     startNewLine: [Function],
     notifySelection: [Function],
     doAttrib: [Function],
     collectContent: [Function],
     notifyNextNode: [Function],
     getLines: [Function],
     finish: [Function] },
  state: 
   { flags: {},
     localAttribs: null,
     attribs: { bold: 0 },
     attribString: undefined,
     lineAttributes: {},
     listNesting: 0 },
  tname: 'p',
  styl: '',
  cls: '' }
[32m[2013-12-12 00:21:28.011] [INFO] console - [39mthis { cc: 
   { incrementFlag: [Function],
     decrementFlag: [Function],
     incrementAttrib: [Function],
     decrementAttrib: [Function],
     startNewLine: [Function],
     notifySelection: [Function],
     doAttrib: [Function],
     collectContent: [Function],
     notifyNextNode: [Function],
     getLines: [Function],
     finish: [Function] },
  state: 
   { flags: {},
     localAttribs: null,
     attribs: { bold: 0 },
     attribString: undefined,
     lineAttributes: {},
     listNesting: 0 },
  tname: 'h1',
  styl: '',
  cls: '' }
[32m[2013-12-12 00:21:28.011] [INFO] console - [39mthis { cc: 
   { incrementFlag: [Function],
     decrementFlag: [Function],
     incrementAttrib: [Function],
     decrementAttrib: [Function],
     startNewLine: [Function],
     notifySelection: [Function],
     doAttrib: [Function],
     collectContent: [Function],
     notifyNextNode: [Function],
     getLines: [Function],
     finish: [Function] },
  state: 
   { flags: {},
     localAttribs: null,
     attribs: { bold: 0 },
     attribString: undefined,
     lineAttributes: { heading: 'h1' },
     listNesting: 0 },
  tname: 'strong',
  styl: '',
  cls: '' }
[32m[2013-12-12 00:21:28.012] [INFO] console - [39mthis2 { cc: 
   { incrementFlag: [Function],
     decrementFlag: [Function],
     incrementAttrib: [Function],
     decrementAttrib: [Function],
     startNewLine: [Function],
     notifySelection: [Function],
     doAttrib: [Function],
     collectContent: [Function],
     notifyNextNode: [Function],
     getLines: [Function],
     finish: [Function] },
  state: 
   { flags: {},
     localAttribs: [ 'bold' ],
     attribs: { bold: 1 },
     attribString: '*7',
     lineAttributes: { heading: 'h1' },
     listNesting: 0 },
  tname: 'strong',
  styl: '',
  cls: '' }
[32m[2013-12-12 00:21:28.012] [INFO] console - [39mthis { cc: 
   { incrementFlag: [Function],
     decrementFlag: [Function],
     incrementAttrib: [Function],
     decrementAttrib: [Function],
     startNewLine: [Function],
     notifySelection: [Function],
     doAttrib: [Function],
     collectContent: [Function],
     notifyNextNode: [Function],
     getLines: [Function],
     finish: [Function] },
  state: 
   { flags: {},
     localAttribs: null,
     attribs: { bold: 0 },
     attribString: undefined,
     lineAttributes: { heading: 'h1' },
     listNesting: 0 },
  tname: 'strong',
  styl: '',
  cls: '' }
[32m[2013-12-12 00:21:28.012] [INFO] console - [39mthis2 { cc: 
   { incrementFlag: [Function],
     decrementFlag: [Function],
     incrementAttrib: [Function],
     decrementAttrib: [Function],
     startNewLine: [Function],
     notifySelection: [Function],
     doAttrib: [Function],
     collectContent: [Function],
     notifyNextNode: [Function],
     getLines: [Function],
     finish: [Function] },
  state: 
   { flags: {},
     localAttribs: [ 'bold' ],
     attribs: { bold: 1 },
     attribString: '*7',
     lineAttributes: { heading: 'h1' },
     listNesting: 0 },
  tname: 'strong',
  styl: '',
  cls: '' }
[32m[2013-12-12 00:21:28.012] [INFO] console - [39mthis { cc: 
   { incrementFlag: [Function],
     decrementFlag: [Function],
     incrementAttrib: [Function],
     decrementAttrib: [Function],
     startNewLine: [Function],
     notifySelection: [Function],
     doAttrib: [Function],
     collectContent: [Function],
     notifyNextNode: [Function],
     getLines: [Function],
     finish: [Function] },
  state: 
   { flags: {},
     localAttribs: null,
     attribs: { bold: 0 },
     attribString: undefined,
     lineAttributes: { heading: 'h1' },
     listNesting: 0 },
  tname: 'strong',
  styl: '',
  cls: '' }
[32m[2013-12-12 00:21:28.013] [INFO] console - [39mthis2 { cc: 
   { incrementFlag: [Function],
     decrementFlag: [Function],
     incrementAttrib: [Function],
     decrementAttrib: [Function],
     startNewLine: [Function],
     notifySelection: [Function],
     doAttrib: [Function],
     collectContent: [Function],
     notifyNextNode: [Function],
     getLines: [Function],
     finish: [Function] },
  state: 
   { flags: {},
     localAttribs: [ 'bold' ],
     attribs: { bold: 1 },
     attribString: '*7',
     lineAttributes: { heading: 'h1' },
     listNesting: 0 },
  tname: 'strong',
  styl: '',
  cls: '' }
[32m[2013-12-12 00:21:28.013] [INFO] console - [39mthis2 { cc: 
   { incrementFlag: [Function],
     decrementFlag: [Function],
     incrementAttrib: [Function],
     decrementAttrib: [Function],
     startNewLine: [Function],
     notifySelection: [Function],
     doAttrib: [Function],
     collectContent: [Function],
     notifyNextNode: [Function],
     getLines: [Function],
     finish: [Function] },
  state: 
   { flags: {},
     localAttribs: null,
     attribs: { bold: 0 },
     attribString: undefined,
     lineAttributes: { heading: 'h1' },
     listNesting: 0 },
  tname: 'h1',
  styl: '',
  cls: '' }
[32m[2013-12-12 00:21:28.013] [INFO] console - [39mthis { cc: 
   { incrementFlag: [Function],
     decrementFlag: [Function],
     incrementAttrib: [Function],
     decrementAttrib: [Function],
     startNewLine: [Function],
     notifySelection: [Function],
     doAttrib: [Function],
     collectContent: [Function],
     notifyNextNode: [Function],
     getLines: [Function],
     finish: [Function] },
  state: 
   { flags: {},
     localAttribs: null,
     attribs: { bold: 0 },
     attribString: undefined,
     lineAttributes: {},
     listNesting: 0 },
  tname: 'p',
  styl: '',
  cls: '' }
[32m[2013-12-12 00:21:28.015] [INFO] console - [39mthis2 { cc: 
   { incrementFlag: [Function],
     decrementFlag: [Function],
     incrementAttrib: [Function],
     decrementAttrib: [Function],
     startNewLine: [Function],
     notifySelection: [Function],
     doAttrib: [Function],
     collectContent: [Function],
     notifyNextNode: [Function],
     getLines: [Function],
     finish: [Function] },
  state: 
   { flags: {},
     localAttribs: null,
     attribs: { bold: 0 },
     attribString: undefined,
     lineAttributes: {},
     listNesting: 0 },
  tname: 'p',
  styl: '',
  cls: '' }
[32m[2013-12-12 00:21:28.015] [INFO] console - [39mthis { cc: 
   { incrementFlag: [Function],
     decrementFlag: [Function],
     incrementAttrib: [Function],
     decrementAttrib: [Function],
     startNewLine: [Function],
     notifySelection: [Function],
     doAttrib: [Function],
     collectContent: [Function],
     notifyNextNode: [Function],
     getLines: [Function],
     finish: [Function] },
  state: 
   { flags: {},
     localAttribs: null,
     attribs: { bold: 0 },
     attribString: undefined,
     lineAttributes: {},
     listNesting: 0 },
  tname: 'h2',
  styl: '',
  cls: '' }
[32m[2013-12-12 00:21:28.016] [INFO] console - [39mthis2 { cc: 
   { incrementFlag: [Function],
     decrementFlag: [Function],
     incrementAttrib: [Function],
     decrementAttrib: [Function],
     startNewLine: [Function],
     notifySelection: [Function],
     doAttrib: [Function],
     collectContent: [Function],
     notifyNextNode: [Function],
     getLines: [Function],
     finish: [Function] },
  state: 
   { flags: {},
     localAttribs: null,
     attribs: { bold: 0 },
     attribString: undefined,
     lineAttributes: { heading: 'h2' },
     listNesting: 0 },
  tname: 'h2',
  styl: '',
  cls: '' }
[32m[2013-12-12 00:21:28.016] [INFO] console - [39mthis { cc: 
   { incrementFlag: [Function],
     decrementFlag: [Function],
     incrementAttrib: [Function],
     decrementAttrib: [Function],
     startNewLine: [Function],
     notifySelection: [Function],
     doAttrib: [Function],
     collectContent: [Function],
     notifyNextNode: [Function],
     getLines: [Function],
     finish: [Function] },
  state: 
   { flags: {},
     localAttribs: null,
     attribs: { bold: 0 },
     attribString: undefined,
     lineAttributes: {},
     listNesting: 0 },
  tname: 'p',
  styl: '',
  cls: '' }
[32m[2013-12-12 00:21:28.019] [INFO] console - [39mthis2 { cc: 
   { incrementFlag: [Function],
     decrementFlag: [Function],
     incrementAttrib: [Function],
     decrementAttrib: [Function],
     startNewLine: [Function],
     notifySelection: [Function],
     doAttrib: [Function],
     collectContent: [Function],
     notifyNextNode: [Function],
     getLines: [Function],
     finish: [Function] },
  state: 
   { flags: {},
     localAttribs: null,
     attribs: { bold: 0 },
     attribString: undefined,
     lineAttributes: {},
     listNesting: 0 },
  tname: 'p',
  styl: '',
  cls: '' }
[32m[2013-12-12 00:21:28.020] [INFO] console - [39mthis { cc: 
   { incrementFlag: [Function],
     decrementFlag: [Function],
     incrementAttrib: [Function],
     decrementAttrib: [Function],
     startNewLine: [Function],
     notifySelection: [Function],
     doAttrib: [Function],
     collectContent: [Function],
     notifyNextNode: [Function],
     getLines: [Function],
     finish: [Function] },
  state: 
   { flags: {},
     localAttribs: null,
     attribs: { bold: 0 },
     attribString: undefined,
     lineAttributes: {},
     listNesting: 0 },
  tname: 'h1',
  styl: '',
  cls: '' }
[32m[2013-12-12 00:21:28.020] [INFO] console - [39mthis { cc: 
   { incrementFlag: [Function],
     decrementFlag: [Function],
     incrementAttrib: [Function],
     decrementAttrib: [Function],
     startNewLine: [Function],
     notifySelection: [Function],
     doAttrib: [Function],
     collectContent: [Function],
     notifyNextNode: [Function],
     getLines: [Function],
     finish: [Function] },
  state: 
   { flags: {},
     localAttribs: null,
     attribs: { bold: 0 },
     attribString: undefined,
     lineAttributes: { heading: 'h1' },
     listNesting: 0 },
  tname: 'strong',
  styl: '',
  cls: '' }
[32m[2013-12-12 00:21:28.020] [INFO] console - [39mthis2 { cc: 
   { incrementFlag: [Function],
     decrementFlag: [Function],
     incrementAttrib: [Function],
     decrementAttrib: [Function],
     startNewLine: [Function],
     notifySelection: [Function],
     doAttrib: [Function],
     collectContent: [Function],
     notifyNextNode: [Function],
     getLines: [Function],
     finish: [Function] },
  state: 
   { flags: {},
     localAttribs: [ 'bold' ],
     attribs: { bold: 1 },
     attribString: '*7',
     lineAttributes: { heading: 'h1' },
     listNesting: 0 },
  tname: 'strong',
  styl: '',
  cls: '' }
[32m[2013-12-12 00:21:28.021] [INFO] console - [39mthis { cc: 
   { incrementFlag: [Function],
     decrementFlag: [Function],
     incrementAttrib: [Function],
     decrementAttrib: [Function],
     startNewLine: [Function],
     notifySelection: [Function],
     doAttrib: [Function],
     collectContent: [Function],
     notifyNextNode: [Function],
     getLines: [Function],
     finish: [Function] },
  state: 
   { flags: {},
     localAttribs: null,
     attribs: { bold: 0 },
     attribString: undefined,
     lineAttributes: { heading: 'h1' },
     listNesting: 0 },
  tname: 'strong',
  styl: '',
  cls: '' }
[32m[2013-12-12 00:21:28.021] [INFO] console - [39mthis2 { cc: 
   { incrementFlag: [Function],
     decrementFlag: [Function],
     incrementAttrib: [Function],
     decrementAttrib: [Function],
     startNewLine: [Function],
     notifySelection: [Function],
     doAttrib: [Function],
     collectContent: [Function],
     notifyNextNode: [Function],
     getLines: [Function],
     finish: [Function] },
  state: 
   { flags: {},
     localAttribs: [ 'bold' ],
     attribs: { bold: 1 },
     attribString: '*7',
     lineAttributes: { heading: 'h1' },
     listNesting: 0 },
  tname: 'strong',
  styl: '',
  cls: '' }
[32m[2013-12-12 00:21:28.021] [INFO] console - [39mthis { cc: 
   { incrementFlag: [Function],
     decrementFlag: [Function],
     incrementAttrib: [Function],
     decrementAttrib: [Function],
     startNewLine: [Function],
     notifySelection: [Function],
     doAttrib: [Function],
     collectContent: [Function],
     notifyNextNode: [Function],
     getLines: [Function],
     finish: [Function] },
  state: 
   { flags: {},
     localAttribs: null,
     attribs: { bold: 0 },
     attribString: undefined,
     lineAttributes: { heading: 'h1' },
     listNesting: 0 },
  tname: 'strong',
  styl: '',
  cls: '' }
[32m[2013-12-12 00:21:28.021] [INFO] console - [39mthis2 { cc: 
   { incrementFlag: [Function],
     decrementFlag: [Function],
     incrementAttrib: [Function],
     decrementAttrib: [Function],
     startNewLine: [Function],
     notifySelection: [Function],
     doAttrib: [Function],
     collectContent: [Function],
     notifyNextNode: [Function],
     getLines: [Function],
     finish: [Function] },
  state: 
   { flags: {},
     localAttribs: [ 'bold' ],
     attribs: { bold: 1 },
     attribString: '*7',
     lineAttributes: { heading: 'h1' },
     listNesting: 0 },
  tname: 'strong',
  styl: '',
  cls: '' }
[32m[2013-12-12 00:21:28.022] [INFO] console - [39mthis { cc: 
   { incrementFlag: [Function],
     decrementFlag: [Function],
     incrementAttrib: [Function],
     decrementAttrib: [Function],
     startNewLine: [Function],
     notifySelection: [Function],
     doAttrib: [Function],
     collectContent: [Function],
     notifyNextNode: [Function],
     getLines: [Function],
     finish: [Function] },
  state: 
   { flags: {},
     localAttribs: null,
     attribs: { bold: 0 },
     attribString: undefined,
     lineAttributes: { heading: 'h1' },
     listNesting: 0 },
  tname: 'strong',
  styl: '',
  cls: '' }
[32m[2013-12-12 00:21:28.022] [INFO] console - [39mthis2 { cc: 
   { incrementFlag: [Function],
     decrementFlag: [Function],
     incrementAttrib: [Function],
     decrementAttrib: [Function],
     startNewLine: [Function],
     notifySelection: [Function],
     doAttrib: [Function],
     collectContent: [Function],
     notifyNextNode: [Function],
     getLines: [Function],
     finish: [Function] },
  state: 
   { flags: {},
     localAttribs: [ 'bold' ],
     attribs: { bold: 1 },
     attribString: '*7',
     lineAttributes: { heading: 'h1' },
     listNesting: 0 },
  tname: 'strong',
  styl: '',
  cls: '' }
[32m[2013-12-12 00:21:28.022] [INFO] console - [39mthis { cc: 
   { incrementFlag: [Function],
     decrementFlag: [Function],
     incrementAttrib: [Function],
     decrementAttrib: [Function],
     startNewLine: [Function],
     notifySelection: [Function],
     doAttrib: [Function],
     collectContent: [Function],
     notifyNextNode: [Function],
     getLines: [Function],
     finish: [Function] },
  state: 
   { flags: {},
     localAttribs: null,
     attribs: { bold: 0 },
     attribString: undefined,
     lineAttributes: { heading: 'h1' },
     listNesting: 0 },
  tname: 'strong',
  styl: '',
  cls: '' }
[32m[2013-12-12 00:21:28.023] [INFO] console - [39mthis2 { cc: 
   { incrementFlag: [Function],
     decrementFlag: [Function],
     incrementAttrib: [Function],
     decrementAttrib: [Function],
     startNewLine: [Function],
     notifySelection: [Function],
     doAttrib: [Function],
     collectContent: [Function],
     notifyNextNode: [Function],
     getLines: [Function],
     finish: [Function] },
  state: 
   { flags: {},
     localAttribs: [ 'bold' ],
     attribs: { bold: 1 },
     attribString: '*7',
     lineAttributes: { heading: 'h1' },
     listNesting: 0 },
  tname: 'strong',
  styl: '',
  cls: '' }
[32m[2013-12-12 00:21:28.024] [INFO] console - [39mthis { cc: 
   { incrementFlag: [Function],
     decrementFlag: [Function],
     incrementAttrib: [Function],
     decrementAttrib: [Function],
     startNewLine: [Function],
     notifySelection: [Function],
     doAttrib: [Function],
     collectContent: [Function],
     notifyNextNode: [Function],
     getLines: [Function],
     finish: [Function] },
  state: 
   { flags: {},
     localAttribs: null,
     attribs: { bold: 0 },
     attribString: undefined,
     lineAttributes: { heading: 'h1' },
     listNesting: 0 },
  tname: 'strong',
  styl: '',
  cls: '' }
[32m[2013-12-12 00:21:28.024] [INFO] console - [39mthis2 { cc: 
   { incrementFlag: [Function],
     decrementFlag: [Function],
     incrementAttrib: [Function],
     decrementAttrib: [Function],
     startNewLine: [Function],
     notifySelection: [Function],
     doAttrib: [Function],
     collectContent: [Function],
     notifyNextNode: [Function],
     getLines: [Function],
     finish: [Function] },
  state: 
   { flags: {},
     localAttribs: [ 'bold' ],
     attribs: { bold: 1 },
     attribString: '*7',
     lineAttributes: { heading: 'h1' },
     listNesting: 0 },
  tname: 'strong',
  styl: '',
  cls: '' }
[32m[2013-12-12 00:21:28.024] [INFO] console - [39mthis2 { cc: 
   { incrementFlag: [Function],
     decrementFlag: [Function],
     incrementAttrib: [Function],
     decrementAttrib: [Function],
     startNewLine: [Function],
     notifySelection: [Function],
     doAttrib: [Function],
     collectContent: [Function],
     notifyNextNode: [Function],
     getLines: [Function],
     finish: [Function] },
  state: 
   { flags: {},
     localAttribs: null,
     attribs: { bold: 0 },
     attribString: undefined,
     lineAttributes: { heading: 'h1' },
     listNesting: 0 },
  tname: 'h1',
  styl: '',
  cls: '' }
[32m[2013-12-12 00:21:28.024] [INFO] console - [39mthis { cc: 
   { incrementFlag: [Function],
     decrementFlag: [Function],
     incrementAttrib: [Function],
     decrementAttrib: [Function],
     startNewLine: [Function],
     notifySelection: [Function],
     doAttrib: [Function],
     collectContent: [Function],
     notifyNextNode: [Function],
     getLines: [Function],
     finish: [Function] },
  state: 
   { flags: {},
     localAttribs: null,
     attribs: { bold: 0 },
     attribString: undefined,
     lineAttributes: {},
     listNesting: 0 },
  tname: 'p',
  styl: '',
  cls: '' }
[32m[2013-12-12 00:21:28.026] [INFO] console - [39mthis2 { cc: 
   { incrementFlag: [Function],
     decrementFlag: [Function],
     incrementAttrib: [Function],
     decrementAttrib: [Function],
     startNewLine: [Function],
     notifySelection: [Function],
     doAttrib: [Function],
     collectContent: [Function],
     notifyNextNode: [Function],
     getLines: [Function],
     finish: [Function] },
  state: 
   { flags: {},
     localAttribs: null,
     attribs: { bold: 0 },
     attribString: undefined,
     lineAttributes: {},
     listNesting: 0 },
  tname: 'p',
  styl: '',
  cls: '' }
[32m[2013-12-12 00:21:28.026] [INFO] console - [39mthis { cc: 
   { incrementFlag: [Function],
     decrementFlag: [Function],
     incrementAttrib: [Function],
     decrementAttrib: [Function],
     startNewLine: [Function],
     notifySelection: [Function],
     doAttrib: [Function],
     collectContent: [Function],
     notifyNextNode: [Function],
     getLines: [Function],
     finish: [Function] },
  state: 
   { flags: {},
     localAttribs: null,
     attribs: { bold: 0 },
     attribString: undefined,
     lineAttributes: {},
     listNesting: 0 },
  tname: 'h2',
  styl: '',
  cls: '' }
[32m[2013-12-12 00:21:28.027] [INFO] console - [39mthis2 { cc: 
   { incrementFlag: [Function],
     decrementFlag: [Function],
     incrementAttrib: [Function],
     decrementAttrib: [Function],
     startNewLine: [Function],
     notifySelection: [Function],
     doAttrib: [Function],
     collectContent: [Function],
     notifyNextNode: [Function],
     getLines: [Function],
     finish: [Function] },
  state: 
   { flags: {},
     localAttribs: null,
     attribs: { bold: 0 },
     attribString: undefined,
     lineAttributes: { heading: 'h2' },
     listNesting: 0 },
  tname: 'h2',
  styl: '',
  cls: '' }
[32m[2013-12-12 00:21:28.027] [INFO] console - [39mthis { cc: 
   { incrementFlag: [Function],
     decrementFlag: [Function],
     incrementAttrib: [Function],
     decrementAttrib: [Function],
     startNewLine: [Function],
     notifySelection: [Function],
     doAttrib: [Function],
     collectContent: [Function],
     notifyNextNode: [Function],
     getLines: [Function],
     finish: [Function] },
  state: 
   { flags: {},
     localAttribs: null,
     attribs: { bold: 0 },
     attribString: undefined,
     lineAttributes: {},
     listNesting: 0 },
  tname: 'p',
  styl: '',
  cls: '' }
[32m[2013-12-12 00:21:28.028] [INFO] console - [39mthis2 { cc: 
   { incrementFlag: [Function],
     decrementFlag: [Function],
     incrementAttrib: [Function],
     decrementAttrib: [Function],
     startNewLine: [Function],
     notifySelection: [Function],
     doAttrib: [Function],
     collectContent: [Function],
     notifyNextNode: [Function],
     getLines: [Function],
     finish: [Function] },
  state: 
   { flags: {},
     localAttribs: null,
     attribs: { bold: 0 },
     attribString: undefined,
     lineAttributes: {},
     listNesting: 0 },
  tname: 'p',
  styl: '',
  cls: '' }
[32m[2013-12-12 00:21:28.029] [INFO] console - [39mthis { cc: 
   { incrementFlag: [Function],
     decrementFlag: [Function],
     incrementAttrib: [Function],
     decrementAttrib: [Function],
     startNewLine: [Function],
     notifySelection: [Function],
     doAttrib: [Function],
     collectContent: [Function],
     notifyNextNode: [Function],
     getLines: [Function],
     finish: [Function] },
  state: 
   { flags: {},
     localAttribs: null,
     attribs: { bold: 0 },
     attribString: undefined,
     lineAttributes: {},
     listNesting: 0 },
  tname: 'ul',
  styl: '',
  cls: '' }
[32m[2013-12-12 00:21:28.029] [INFO] console - [39mthis { cc: 
   { incrementFlag: [Function],
     decrementFlag: [Function],
     incrementAttrib: [Function],
     decrementAttrib: [Function],
     startNewLine: [Function],
     notifySelection: [Function],
     doAttrib: [Function],
     collectContent: [Function],
     notifyNextNode: [Function],
     getLines: [Function],
     finish: [Function] },
  state: 
   { flags: {},
     localAttribs: null,
     attribs: { bold: 0 },
     attribString: undefined,
     lineAttributes: { list: 'bullet1' },
     listNesting: 1 },
  tname: 'li',
  styl: '',
  cls: '' }
[32m[2013-12-12 00:21:28.029] [INFO] console - [39mthis2 { cc: 
   { incrementFlag: [Function],
     decrementFlag: [Function],
     incrementAttrib: [Function],
     decrementAttrib: [Function],
     startNewLine: [Function],
     notifySelection: [Function],
     doAttrib: [Function],
     collectContent: [Function],
     notifyNextNode: [Function],
     getLines: [Function],
     finish: [Function] },
  state: 
   { flags: {},
     localAttribs: null,
     attribs: { bold: 0 },
     attribString: undefined,
     lineAttributes: { list: 'bullet1' },
     listNesting: 1 },
  tname: 'li',
  styl: '',
  cls: '' }
[32m[2013-12-12 00:21:28.029] [INFO] console - [39mthis { cc: 
   { incrementFlag: [Function],
     decrementFlag: [Function],
     incrementAttrib: [Function],
     decrementAttrib: [Function],
     startNewLine: [Function],
     notifySelection: [Function],
     doAttrib: [Function],
     collectContent: [Function],
     notifyNextNode: [Function],
     getLines: [Function],
     finish: [Function] },
  state: 
   { flags: {},
     localAttribs: null,
     attribs: { bold: 0 },
     attribString: undefined,
     lineAttributes: { list: 'bullet1' },
     listNesting: 1 },
  tname: 'li',
  styl: '',
  cls: '' }
[32m[2013-12-12 00:21:28.032] [INFO] console - [39mthis2 { cc: 
   { incrementFlag: [Function],
     decrementFlag: [Function],
     incrementAttrib: [Function],
     decrementAttrib: [Function],
     startNewLine: [Function],
     notifySelection: [Function],
     doAttrib: [Function],
     collectContent: [Function],
     notifyNextNode: [Function],
     getLines: [Function],
     finish: [Function] },
  state: 
   { flags: {},
     localAttribs: null,
     attribs: { bold: 0 },
     attribString: undefined,
     lineAttributes: { list: 'bullet1' },
     listNesting: 1 },
  tname: 'li',
  styl: '',
  cls: '' }
[32m[2013-12-12 00:21:28.032] [INFO] console - [39mthis { cc: 
   { incrementFlag: [Function],
     decrementFlag: [Function],
     incrementAttrib: [Function],
     decrementAttrib: [Function],
     startNewLine: [Function],
     notifySelection: [Function],
     doAttrib: [Function],
     collectContent: [Function],
     notifyNextNode: [Function],
     getLines: [Function],
     finish: [Function] },
  state: 
   { flags: {},
     localAttribs: null,
     attribs: { bold: 0 },
     attribString: undefined,
     lineAttributes: { list: 'bullet1' },
     listNesting: 1 },
  tname: 'li',
  styl: '',
  cls: '' }
[32m[2013-12-12 00:21:28.033] [INFO] console - [39mthis2 { cc: 
   { incrementFlag: [Function],
     decrementFlag: [Function],
     incrementAttrib: [Function],
     decrementAttrib: [Function],
     startNewLine: [Function],
     notifySelection: [Function],
     doAttrib: [Function],
     collectContent: [Function],
     notifyNextNode: [Function],
     getLines: [Function],
     finish: [Function] },
  state: 
   { flags: {},
     localAttribs: null,
     attribs: { bold: 0 },
     attribString: undefined,
     lineAttributes: { list: 'bullet1' },
     listNesting: 1 },
  tname: 'li',
  styl: '',
  cls: '' }
[32m[2013-12-12 00:21:28.033] [INFO] console - [39mthis2 { cc: 
   { incrementFlag: [Function],
     decrementFlag: [Function],
     incrementAttrib: [Function],
     decrementAttrib: [Function],
     startNewLine: [Function],
     notifySelection: [Function],
     doAttrib: [Function],
     collectContent: [Function],
     notifyNextNode: [Function],
     getLines: [Function],
     finish: [Function] },
  state: 
   { flags: {},
     localAttribs: null,
     attribs: { bold: 0 },
     attribString: undefined,
     lineAttributes: { list: 'bullet1' },
     listNesting: 1 },
  tname: 'ul',
  styl: '',
  cls: '' }
[32m[2013-12-12 00:21:28.033] [INFO] console - [39mthis { cc: 
   { incrementFlag: [Function],
     decrementFlag: [Function],
     incrementAttrib: [Function],
     decrementAttrib: [Function],
     startNewLine: [Function],
     notifySelection: [Function],
     doAttrib: [Function],
     collectContent: [Function],
     notifyNextNode: [Function],
     getLines: [Function],
     finish: [Function] },
  state: 
   { flags: {},
     localAttribs: null,
     attribs: { bold: 0 },
     attribString: undefined,
     lineAttributes: {},
     listNesting: 0 },
  tname: 'p',
  styl: '',
  cls: '' }
[32m[2013-12-12 00:21:28.034] [INFO] console - [39mthis2 { cc: 
   { incrementFlag: [Function],
     decrementFlag: [Function],
     incrementAttrib: [Function],
     decrementAttrib: [Function],
     startNewLine: [Function],
     notifySelection: [Function],
     doAttrib: [Function],
     collectContent: [Function],
     notifyNextNode: [Function],
     getLines: [Function],
     finish: [Function] },
  state: 
   { flags: {},
     localAttribs: null,
     attribs: { bold: 0 },
     attribString: undefined,
     lineAttributes: {},
     listNesting: 0 },
  tname: 'p',
  styl: '',
  cls: '' }
[32m[2013-12-12 00:21:28.035] [INFO] console - [39mthis { cc: 
   { incrementFlag: [Function],
     decrementFlag: [Function],
     incrementAttrib: [Function],
     decrementAttrib: [Function],
     startNewLine: [Function],
     notifySelection: [Function],
     doAttrib: [Function],
     collectContent: [Function],
     notifyNextNode: [Function],
     getLines: [Function],
     finish: [Function] },
  state: 
   { flags: {},
     localAttribs: null,
     attribs: { bold: 0 },
     attribString: undefined,
     lineAttributes: {},
     listNesting: 0 },
  tname: 'h2',
  styl: '',
  cls: '' }
[32m[2013-12-12 00:21:28.035] [INFO] console - [39mthis2 { cc: 
   { incrementFlag: [Function],
     decrementFlag: [Function],
     incrementAttrib: [Function],
     decrementAttrib: [Function],
     startNewLine: [Function],
     notifySelection: [Function],
     doAttrib: [Function],
     collectContent: [Function],
     notifyNextNode: [Function],
     getLines: [Function],
     finish: [Function] },
  state: 
   { flags: {},
     localAttribs: null,
     attribs: { bold: 0 },
     attribString: undefined,
     lineAttributes: { heading: 'h2' },
     listNesting: 0 },
  tname: 'h2',
  styl: '',
  cls: '' }
[32m[2013-12-12 00:21:28.035] [INFO] console - [39mthis { cc: 
   { incrementFlag: [Function],
     decrementFlag: [Function],
     incrementAttrib: [Function],
     decrementAttrib: [Function],
     startNewLine: [Function],
     notifySelection: [Function],
     doAttrib: [Function],
     collectContent: [Function],
     notifyNextNode: [Function],
     getLines: [Function],
     finish: [Function] },
  state: 
   { flags: {},
     localAttribs: null,
     attribs: { bold: 0 },
     attribString: undefined,
     lineAttributes: {},
     listNesting: 0 },
  tname: 'p',
  styl: '',
  cls: '' }
[32m[2013-12-12 00:21:28.036] [INFO] console - [39mthis2 { cc: 
   { incrementFlag: [Function],
     decrementFlag: [Function],
     incrementAttrib: [Function],
     decrementAttrib: [Function],
     startNewLine: [Function],
     notifySelection: [Function],
     doAttrib: [Function],
     collectContent: [Function],
     notifyNextNode: [Function],
     getLines: [Function],
     finish: [Function] },
  state: 
   { flags: {},
     localAttribs: null,
     attribs: { bold: 0 },
     attribString: undefined,
     lineAttributes: {},
     listNesting: 0 },
  tname: 'p',
  styl: '',
  cls: '' }
[32m[2013-12-12 00:21:28.037] [INFO] console - [39mthis { cc: 
   { incrementFlag: [Function],
     decrementFlag: [Function],
     incrementAttrib: [Function],
     decrementAttrib: [Function],
     startNewLine: [Function],
     notifySelection: [Function],
     doAttrib: [Function],
     collectContent: [Function],
     notifyNextNode: [Function],
     getLines: [Function],
     finish: [Function] },
  state: 
   { flags: {},
     localAttribs: null,
     attribs: { bold: 0 },
     attribString: undefined,
     lineAttributes: {},
     listNesting: 0 },
  tname: 'h1',
  styl: '',
  cls: '' }
[32m[2013-12-12 00:21:28.037] [INFO] console - [39mthis { cc: 
   { incrementFlag: [Function],
     decrementFlag: [Function],
     incrementAttrib: [Function],
     decrementAttrib: [Function],
     startNewLine: [Function],
     notifySelection: [Function],
     doAttrib: [Function],
     collectContent: [Function],
     notifyNextNode: [Function],
     getLines: [Function],
     finish: [Function] },
  state: 
   { flags: {},
     localAttribs: null,
     attribs: { bold: 0 },
     attribString: undefined,
     lineAttributes: { heading: 'h1' },
     listNesting: 0 },
  tname: 'strong',
  styl: '',
  cls: '' }
[32m[2013-12-12 00:21:28.037] [INFO] console - [39mthis2 { cc: 
   { incrementFlag: [Function],
     decrementFlag: [Function],
     incrementAttrib: [Function],
     decrementAttrib: [Function],
     startNewLine: [Function],
     notifySelection: [Function],
     doAttrib: [Function],
     collectContent: [Function],
     notifyNextNode: [Function],
     getLines: [Function],
     finish: [Function] },
  state: 
   { flags: {},
     localAttribs: [ 'bold' ],
     attribs: { bold: 1 },
     attribString: '*7',
     lineAttributes: { heading: 'h1' },
     listNesting: 0 },
  tname: 'strong',
  styl: '',
  cls: '' }
[32m[2013-12-12 00:21:28.038] [INFO] console - [39mthis { cc: 
   { incrementFlag: [Function],
     decrementFlag: [Function],
     incrementAttrib: [Function],
     decrementAttrib: [Function],
     startNewLine: [Function],
     notifySelection: [Function],
     doAttrib: [Function],
     collectContent: [Function],
     notifyNextNode: [Function],
     getLines: [Function],
     finish: [Function] },
  state: 
   { flags: {},
     localAttribs: null,
     attribs: { bold: 0 },
     attribString: undefined,
     lineAttributes: { heading: 'h1' },
     listNesting: 0 },
  tname: 'strong',
  styl: '',
  cls: '' }
[32m[2013-12-12 00:21:28.039] [INFO] console - [39mthis2 { cc: 
   { incrementFlag: [Function],
     decrementFlag: [Function],
     incrementAttrib: [Function],
     decrementAttrib: [Function],
     startNewLine: [Function],
     notifySelection: [Function],
     doAttrib: [Function],
     collectContent: [Function],
     notifyNextNode: [Function],
     getLines: [Function],
     finish: [Function] },
  state: 
   { flags: {},
     localAttribs: [ 'bold' ],
     attribs: { bold: 1 },
     attribString: '*7',
     lineAttributes: { heading: 'h1' },
     listNesting: 0 },
  tname: 'strong',
  styl: '',
  cls: '' }
[32m[2013-12-12 00:21:28.040] [INFO] console - [39mthis { cc: 
   { incrementFlag: [Function],
     decrementFlag: [Function],
     incrementAttrib: [Function],
     decrementAttrib: [Function],
     startNewLine: [Function],
     notifySelection: [Function],
     doAttrib: [Function],
     collectContent: [Function],
     notifyNextNode: [Function],
     getLines: [Function],
     finish: [Function] },
  state: 
   { flags: {},
     localAttribs: null,
     attribs: { bold: 0 },
     attribString: undefined,
     lineAttributes: { heading: 'h1' },
     listNesting: 0 },
  tname: 'strong',
  styl: '',
  cls: '' }
[32m[2013-12-12 00:21:28.040] [INFO] console - [39mthis2 { cc: 
   { incrementFlag: [Function],
     decrementFlag: [Function],
     incrementAttrib: [Function],
     decrementAttrib: [Function],
     startNewLine: [Function],
     notifySelection: [Function],
     doAttrib: [Function],
     collectContent: [Function],
     notifyNextNode: [Function],
     getLines: [Function],
     finish: [Function] },
  state: 
   { flags: {},
     localAttribs: [ 'bold' ],
     attribs: { bold: 1 },
     attribString: '*7',
     lineAttributes: { heading: 'h1' },
     listNesting: 0 },
  tname: 'strong',
  styl: '',
  cls: '' }
[32m[2013-12-12 00:21:28.040] [INFO] console - [39mthis { cc: 
   { incrementFlag: [Function],
     decrementFlag: [Function],
     incrementAttrib: [Function],
     decrementAttrib: [Function],
     startNewLine: [Function],
     notifySelection: [Function],
     doAttrib: [Function],
     collectContent: [Function],
     notifyNextNode: [Function],
     getLines: [Function],
     finish: [Function] },
  state: 
   { flags: {},
     localAttribs: null,
     attribs: { bold: 0 },
     attribString: undefined,
     lineAttributes: { heading: 'h1' },
     listNesting: 0 },
  tname: 'strong',
  styl: '',
  cls: '' }
[32m[2013-12-12 00:21:28.041] [INFO] console - [39mthis2 { cc: 
   { incrementFlag: [Function],
     decrementFlag: [Function],
     incrementAttrib: [Function],
     decrementAttrib: [Function],
     startNewLine: [Function],
     notifySelection: [Function],
     doAttrib: [Function],
     collectContent: [Function],
     notifyNextNode: [Function],
     getLines: [Function],
     finish: [Function] },
  state: 
   { flags: {},
     localAttribs: [ 'bold' ],
     attribs: { bold: 1 },
     attribString: '*7',
     lineAttributes: { heading: 'h1' },
     listNesting: 0 },
  tname: 'strong',
  styl: '',
  cls: '' }
[32m[2013-12-12 00:21:28.042] [INFO] console - [39mthis2 { cc: 
   { incrementFlag: [Function],
     decrementFlag: [Function],
     incrementAttrib: [Function],
     decrementAttrib: [Function],
     startNewLine: [Function],
     notifySelection: [Function],
     doAttrib: [Function],
     collectContent: [Function],
     notifyNextNode: [Function],
     getLines: [Function],
     finish: [Function] },
  state: 
   { flags: {},
     localAttribs: null,
     attribs: { bold: 0 },
     attribString: undefined,
     lineAttributes: { heading: 'h1' },
     listNesting: 0 },
  tname: 'h1',
  styl: '',
  cls: '' }
[32m[2013-12-12 00:21:28.042] [INFO] console - [39mthis { cc: 
   { incrementFlag: [Function],
     decrementFlag: [Function],
     incrementAttrib: [Function],
     decrementAttrib: [Function],
     startNewLine: [Function],
     notifySelection: [Function],
     doAttrib: [Function],
     collectContent: [Function],
     notifyNextNode: [Function],
     getLines: [Function],
     finish: [Function] },
  state: 
   { flags: {},
     localAttribs: null,
     attribs: { bold: 0 },
     attribString: undefined,
     lineAttributes: {},
     listNesting: 0 },
  tname: 'p',
  styl: '',
  cls: '' }
[32m[2013-12-12 00:21:28.042] [INFO] console - [39mthis2 { cc: 
   { incrementFlag: [Function],
     decrementFlag: [Function],
     incrementAttrib: [Function],
     decrementAttrib: [Function],
     startNewLine: [Function],
     notifySelection: [Function],
     doAttrib: [Function],
     collectContent: [Function],
     notifyNextNode: [Function],
     getLines: [Function],
     finish: [Function] },
  state: 
   { flags: {},
     localAttribs: null,
     attribs: { bold: 0 },
     attribString: undefined,
     lineAttributes: {},
     listNesting: 0 },
  tname: 'p',
  styl: '',
  cls: '' }
[32m[2013-12-12 00:21:28.043] [INFO] console - [39mthis { cc: 
   { incrementFlag: [Function],
     decrementFlag: [Function],
     incrementAttrib: [Function],
     decrementAttrib: [Function],
     startNewLine: [Function],
     notifySelection: [Function],
     doAttrib: [Function],
     collectContent: [Function],
     notifyNextNode: [Function],
     getLines: [Function],
     finish: [Function] },
  state: 
   { flags: {},
     localAttribs: null,
     attribs: { bold: 0 },
     attribString: undefined,
     lineAttributes: {},
     listNesting: 0 },
  tname: 'h2',
  styl: '',
  cls: '' }
[32m[2013-12-12 00:21:28.043] [INFO] console - [39mthis2 { cc: 
   { incrementFlag: [Function],
     decrementFlag: [Function],
     incrementAttrib: [Function],
     decrementAttrib: [Function],
     startNewLine: [Function],
     notifySelection: [Function],
     doAttrib: [Function],
     collectContent: [Function],
     notifyNextNode: [Function],
     getLines: [Function],
     finish: [Function] },
  state: 
   { flags: {},
     localAttribs: null,
     attribs: { bold: 0 },
     attribString: undefined,
     lineAttributes: { heading: 'h2' },
     listNesting: 0 },
  tname: 'h2',
  styl: '',
  cls: '' }
[32m[2013-12-12 00:21:28.043] [INFO] console - [39mthis { cc: 
   { incrementFlag: [Function],
     decrementFlag: [Function],
     incrementAttrib: [Function],
     decrementAttrib: [Function],
     startNewLine: [Function],
     notifySelection: [Function],
     doAttrib: [Function],
     collectContent: [Function],
     notifyNextNode: [Function],
     getLines: [Function],
     finish: [Function] },
  state: 
   { flags: {},
     localAttribs: null,
     attribs: { bold: 0 },
     attribString: undefined,
     lineAttributes: {},
     listNesting: 0 },
  tname: 'p',
  styl: '',
  cls: '' }
[32m[2013-12-12 00:21:28.045] [INFO] console - [39mthis2 { cc: 
   { incrementFlag: [Function],
     decrementFlag: [Function],
     incrementAttrib: [Function],
     decrementAttrib: [Function],
     startNewLine: [Function],
     notifySelection: [Function],
     doAttrib: [Function],
     collectContent: [Function],
     notifyNextNode: [Function],
     getLines: [Function],
     finish: [Function] },
  state: 
   { flags: {},
     localAttribs: null,
     attribs: { bold: 0 },
     attribString: undefined,
     lineAttributes: {},
     listNesting: 0 },
  tname: 'p',
  styl: '',
  cls: '' }
[32m[2013-12-12 00:21:28.046] [INFO] console - [39mthis { cc: 
   { incrementFlag: [Function],
     decrementFlag: [Function],
     incrementAttrib: [Function],
     decrementAttrib: [Function],
     startNewLine: [Function],
     notifySelection: [Function],
     doAttrib: [Function],
     collectContent: [Function],
     notifyNextNode: [Function],
     getLines: [Function],
     finish: [Function] },
  state: 
   { flags: {},
     localAttribs: null,
     attribs: { bold: 0 },
     attribString: undefined,
     lineAttributes: {},
     listNesting: 0 },
  tname: 'h2',
  styl: '',
  cls: '' }
[32m[2013-12-12 00:21:28.046] [INFO] console - [39mthis2 { cc: 
   { incrementFlag: [Function],
     decrementFlag: [Function],
     incrementAttrib: [Function],
     decrementAttrib: [Function],
     startNewLine: [Function],
     notifySelection: [Function],
     doAttrib: [Function],
     collectContent: [Function],
     notifyNextNode: [Function],
     getLines: [Function],
     finish: [Function] },
  state: 
   { flags: {},
     localAttribs: null,
     attribs: { bold: 0 },
     attribString: undefined,
     lineAttributes: { heading: 'h2' },
     listNesting: 0 },
  tname: 'h2',
  styl: '',
  cls: '' }
[32m[2013-12-12 00:21:28.046] [INFO] console - [39mthis { cc: 
   { incrementFlag: [Function],
     decrementFlag: [Function],
     incrementAttrib: [Function],
     decrementAttrib: [Function],
     startNewLine: [Function],
     notifySelection: [Function],
     doAttrib: [Function],
     collectContent: [Function],
     notifyNextNode: [Function],
     getLines: [Function],
     finish: [Function] },
  state: 
   { flags: {},
     localAttribs: null,
     attribs: { bold: 0 },
     attribString: undefined,
     lineAttributes: {},
     listNesting: 0 },
  tname: 'p',
  styl: '',
  cls: '' }
[32m[2013-12-12 00:21:28.047] [INFO] console - [39mthis2 { cc: 
   { incrementFlag: [Function],
     decrementFlag: [Function],
     incrementAttrib: [Function],
     decrementAttrib: [Function],
     startNewLine: [Function],
     notifySelection: [Function],
     doAttrib: [Function],
     collectContent: [Function],
     notifyNextNode: [Function],
     getLines: [Function],
     finish: [Function] },
  state: 
   { flags: {},
     localAttribs: null,
     attribs: { bold: 0 },
     attribString: undefined,
     lineAttributes: {},
     listNesting: 0 },
  tname: 'p',
  styl: '',
  cls: '' }
[32m[2013-12-12 00:21:28.048] [INFO] console - [39mthis { cc: 
   { incrementFlag: [Function],
     decrementFlag: [Function],
     incrementAttrib: [Function],
     decrementAttrib: [Function],
     startNewLine: [Function],
     notifySelection: [Function],
     doAttrib: [Function],
     collectContent: [Function],
     notifyNextNode: [Function],
     getLines: [Function],
     finish: [Function] },
  state: 
   { flags: {},
     localAttribs: null,
     attribs: { bold: 0 },
     attribString: undefined,
     lineAttributes: {},
     listNesting: 0 },
  tname: 'h2',
  styl: '',
  cls: '' }
[32m[2013-12-12 00:21:28.048] [INFO] console - [39mthis2 { cc: 
   { incrementFlag: [Function],
     decrementFlag: [Function],
     incrementAttrib: [Function],
     decrementAttrib: [Function],
     startNewLine: [Function],
     notifySelection: [Function],
     doAttrib: [Function],
     collectContent: [Function],
     notifyNextNode: [Function],
     getLines: [Function],
     finish: [Function] },
  state: 
   { flags: {},
     localAttribs: null,
     attribs: { bold: 0 },
     attribString: undefined,
     lineAttributes: { heading: 'h2' },
     listNesting: 0 },
  tname: 'h2',
  styl: '',
  cls: '' }
[32m[2013-12-12 00:21:28.048] [INFO] console - [39mthis { cc: 
   { incrementFlag: [Function],
     decrementFlag: [Function],
     incrementAttrib: [Function],
     decrementAttrib: [Function],
     startNewLine: [Function],
     notifySelection: [Function],
     doAttrib: [Function],
     collectContent: [Function],
     notifyNextNode: [Function],
     getLines: [Function],
     finish: [Function] },
  state: 
   { flags: {},
     localAttribs: null,
     attribs: { bold: 0 },
     attribString: undefined,
     lineAttributes: {},
     listNesting: 0 },
  tname: 'p',
  styl: '',
  cls: '' }
[32m[2013-12-12 00:21:28.050] [INFO] console - [39mthis2 { cc: 
   { incrementFlag: [Function],
     decrementFlag: [Function],
     incrementAttrib: [Function],
     decrementAttrib: [Function],
     startNewLine: [Function],
     notifySelection: [Function],
     doAttrib: [Function],
     collectContent: [Function],
     notifyNextNode: [Function],
     getLines: [Function],
     finish: [Function] },
  state: 
   { flags: {},
     localAttribs: null,
     attribs: { bold: 0 },
     attribString: undefined,
     lineAttributes: {},
     listNesting: 0 },
  tname: 'p',
  styl: '',
  cls: '' }
[32m[2013-12-12 00:21:28.050] [INFO] console - [39mthis { cc: 
   { incrementFlag: [Function],
     decrementFlag: [Function],
     incrementAttrib: [Function],
     decrementAttrib: [Function],
     startNewLine: [Function],
     notifySelection: [Function],
     doAttrib: [Function],
     collectContent: [Function],
     notifyNextNode: [Function],
     getLines: [Function],
     finish: [Function] },
  state: 
   { flags: {},
     localAttribs: null,
     attribs: { bold: 0 },
     attribString: undefined,
     lineAttributes: {},
     listNesting: 0 },
  tname: 'h2',
  styl: '',
  cls: '' }
[32m[2013-12-12 00:21:28.051] [INFO] console - [39mthis2 { cc: 
   { incrementFlag: [Function],
     decrementFlag: [Function],
     incrementAttrib: [Function],
     decrementAttrib: [Function],
     startNewLine: [Function],
     notifySelection: [Function],
     doAttrib: [Function],
     collectContent: [Function],
     notifyNextNode: [Function],
     getLines: [Function],
     finish: [Function] },
  state: 
   { flags: {},
     localAttribs: null,
     attribs: { bold: 0 },
     attribString: undefined,
     lineAttributes: { heading: 'h2' },
     listNesting: 0 },
  tname: 'h2',
  styl: '',
  cls: '' }
[32m[2013-12-12 00:21:28.051] [INFO] console - [39mthis { cc: 
   { incrementFlag: [Function],
     decrementFlag: [Function],
     incrementAttrib: [Function],
     decrementAttrib: [Function],
     startNewLine: [Function],
     notifySelection: [Function],
     doAttrib: [Function],
     collectContent: [Function],
     notifyNextNode: [Function],
     getLines: [Function],
     finish: [Function] },
  state: 
   { flags: {},
     localAttribs: null,
     attribs: { bold: 0 },
     attribString: undefined,
     lineAttributes: {},
     listNesting: 0 },
  tname: 'p',
  styl: '',
  cls: '' }
[32m[2013-12-12 00:21:28.052] [INFO] console - [39mthis2 { cc: 
   { incrementFlag: [Function],
     decrementFlag: [Function],
     incrementAttrib: [Function],
     decrementAttrib: [Function],
     startNewLine: [Function],
     notifySelection: [Function],
     doAttrib: [Function],
     collectContent: [Function],
     notifyNextNode: [Function],
     getLines: [Function],
     finish: [Function] },
  state: 
   { flags: {},
     localAttribs: null,
     attribs: { bold: 0 },
     attribString: undefined,
     lineAttributes: {},
     listNesting: 0 },
  tname: 'p',
  styl: '',
  cls: '' }
[32m[2013-12-12 00:21:28.053] [INFO] console - [39mthis { cc: 
   { incrementFlag: [Function],
     decrementFlag: [Function],
     incrementAttrib: [Function],
     decrementAttrib: [Function],
     startNewLine: [Function],
     notifySelection: [Function],
     doAttrib: [Function],
     collectContent: [Function],
     notifyNextNode: [Function],
     getLines: [Function],
     finish: [Function] },
  state: 
   { flags: {},
     localAttribs: null,
     attribs: { bold: 0 },
     attribString: undefined,
     lineAttributes: {},
     listNesting: 0 },
  tname: 'h1',
  styl: '',
  cls: '' }
[32m[2013-12-12 00:21:28.053] [INFO] console - [39mthis { cc: 
   { incrementFlag: [Function],
     decrementFlag: [Function],
     incrementAttrib: [Function],
     decrementAttrib: [Function],
     startNewLine: [Function],
     notifySelection: [Function],
     doAttrib: [Function],
     collectContent: [Function],
     notifyNextNode: [Function],
     getLines: [Function],
     finish: [Function] },
  state: 
   { flags: {},
     localAttribs: null,
     attribs: { bold: 0 },
     attribString: undefined,
     lineAttributes: { heading: 'h1' },
     listNesting: 0 },
  tname: 'strong',
  styl: '',
  cls: '' }
[32m[2013-12-12 00:21:28.054] [INFO] console - [39mthis2 { cc: 
   { incrementFlag: [Function],
     decrementFlag: [Function],
     incrementAttrib: [Function],
     decrementAttrib: [Function],
     startNewLine: [Function],
     notifySelection: [Function],
     doAttrib: [Function],
     collectContent: [Function],
     notifyNextNode: [Function],
     getLines: [Function],
     finish: [Function] },
  state: 
   { flags: {},
     localAttribs: [ 'bold' ],
     attribs: { bold: 1 },
     attribString: '*7',
     lineAttributes: { heading: 'h1' },
     listNesting: 0 },
  tname: 'strong',
  styl: '',
  cls: '' }
[32m[2013-12-12 00:21:28.054] [INFO] console - [39mthis { cc: 
   { incrementFlag: [Function],
     decrementFlag: [Function],
     incrementAttrib: [Function],
     decrementAttrib: [Function],
     startNewLine: [Function],
     notifySelection: [Function],
     doAttrib: [Function],
     collectContent: [Function],
     notifyNextNode: [Function],
     getLines: [Function],
     finish: [Function] },
  state: 
   { flags: {},
     localAttribs: null,
     attribs: { bold: 0 },
     attribString: undefined,
     lineAttributes: { heading: 'h1' },
     listNesting: 0 },
  tname: 'strong',
  styl: '',
  cls: '' }
[32m[2013-12-12 00:21:28.055] [INFO] console - [39mthis2 { cc: 
   { incrementFlag: [Function],
     decrementFlag: [Function],
     incrementAttrib: [Function],
     decrementAttrib: [Function],
     startNewLine: [Function],
     notifySelection: [Function],
     doAttrib: [Function],
     collectContent: [Function],
     notifyNextNode: [Function],
     getLines: [Function],
     finish: [Function] },
  state: 
   { flags: {},
     localAttribs: [ 'bold' ],
     attribs: { bold: 1 },
     attribString: '*7',
     lineAttributes: { heading: 'h1' },
     listNesting: 0 },
  tname: 'strong',
  styl: '',
  cls: '' }
[32m[2013-12-12 00:21:28.055] [INFO] console - [39mthis { cc: 
   { incrementFlag: [Function],
     decrementFlag: [Function],
     incrementAttrib: [Function],
     decrementAttrib: [Function],
     startNewLine: [Function],
     notifySelection: [Function],
     doAttrib: [Function],
     collectContent: [Function],
     notifyNextNode: [Function],
     getLines: [Function],
     finish: [Function] },
  state: 
   { flags: {},
     localAttribs: null,
     attribs: { bold: 0 },
     attribString: undefined,
     lineAttributes: { heading: 'h1' },
     listNesting: 0 },
  tname: 'strong',
  styl: '',
  cls: '' }
[32m[2013-12-12 00:21:28.055] [INFO] console - [39mthis2 { cc: 
   { incrementFlag: [Function],
     decrementFlag: [Function],
     incrementAttrib: [Function],
     decrementAttrib: [Function],
     startNewLine: [Function],
     notifySelection: [Function],
     doAttrib: [Function],
     collectContent: [Function],
     notifyNextNode: [Function],
     getLines: [Function],
     finish: [Function] },
  state: 
   { flags: {},
     localAttribs: [ 'bold' ],
     attribs: { bold: 1 },
     attribString: '*7',
     lineAttributes: { heading: 'h1' },
     listNesting: 0 },
  tname: 'strong',
  styl: '',
  cls: '' }
[32m[2013-12-12 00:21:28.055] [INFO] console - [39mthis { cc: 
   { incrementFlag: [Function],
     decrementFlag: [Function],
     incrementAttrib: [Function],
     decrementAttrib: [Function],
     startNewLine: [Function],
     notifySelection: [Function],
     doAttrib: [Function],
     collectContent: [Function],
     notifyNextNode: [Function],
     getLines: [Function],
     finish: [Function] },
  state: 
   { flags: {},
     localAttribs: null,
     attribs: { bold: 0 },
     attribString: undefined,
     lineAttributes: { heading: 'h1' },
     listNesting: 0 },
  tname: 'strong',
  styl: '',
  cls: '' }
[32m[2013-12-12 00:21:28.056] [INFO] console - [39mthis2 { cc: 
   { incrementFlag: [Function],
     decrementFlag: [Function],
     incrementAttrib: [Function],
     decrementAttrib: [Function],
     startNewLine: [Function],
     notifySelection: [Function],
     doAttrib: [Function],
     collectContent: [Function],
     notifyNextNode: [Function],
     getLines: [Function],
     finish: [Function] },
  state: 
   { flags: {},
     localAttribs: [ 'bold' ],
     attribs: { bold: 1 },
     attribString: '*7',
     lineAttributes: { heading: 'h1' },
     listNesting: 0 },
  tname: 'strong',
  styl: '',
  cls: '' }
[32m[2013-12-12 00:21:28.056] [INFO] console - [39mthis { cc: 
   { incrementFlag: [Function],
     decrementFlag: [Function],
     incrementAttrib: [Function],
     decrementAttrib: [Function],
     startNewLine: [Function],
     notifySelection: [Function],
     doAttrib: [Function],
     collectContent: [Function],
     notifyNextNode: [Function],
     getLines: [Function],
     finish: [Function] },
  state: 
   { flags: {},
     localAttribs: null,
     attribs: { bold: 0 },
     attribString: undefined,
     lineAttributes: { heading: 'h1' },
     listNesting: 0 },
  tname: 'strong',
  styl: '',
  cls: '' }
[32m[2013-12-12 00:21:28.056] [INFO] console - [39mthis2 { cc: 
   { incrementFlag: [Function],
     decrementFlag: [Function],
     incrementAttrib: [Function],
     decrementAttrib: [Function],
     startNewLine: [Function],
     notifySelection: [Function],
     doAttrib: [Function],
     collectContent: [Function],
     notifyNextNode: [Function],
     getLines: [Function],
     finish: [Function] },
  state: 
   { flags: {},
     localAttribs: [ 'bold' ],
     attribs: { bold: 1 },
     attribString: '*7',
     lineAttributes: { heading: 'h1' },
     listNesting: 0 },
  tname: 'strong',
  styl: '',
  cls: '' }
[32m[2013-12-12 00:21:28.056] [INFO] console - [39mthis { cc: 
   { incrementFlag: [Function],
     decrementFlag: [Function],
     incrementAttrib: [Function],
     decrementAttrib: [Function],
     startNewLine: [Function],
     notifySelection: [Function],
     doAttrib: [Function],
     collectContent: [Function],
     notifyNextNode: [Function],
     getLines: [Function],
     finish: [Function] },
  state: 
   { flags: {},
     localAttribs: null,
     attribs: { bold: 0 },
     attribString: undefined,
     lineAttributes: { heading: 'h1' },
     listNesting: 0 },
  tname: 'strong',
  styl: '',
  cls: '' }
[32m[2013-12-12 00:21:28.057] [INFO] console - [39mthis2 { cc: 
   { incrementFlag: [Function],
     decrementFlag: [Function],
     incrementAttrib: [Function],
     decrementAttrib: [Function],
     startNewLine: [Function],
     notifySelection: [Function],
     doAttrib: [Function],
     collectContent: [Function],
     notifyNextNode: [Function],
     getLines: [Function],
     finish: [Function] },
  state: 
   { flags: {},
     localAttribs: [ 'bold' ],
     attribs: { bold: 1 },
     attribString: '*7',
     lineAttributes: { heading: 'h1' },
     listNesting: 0 },
  tname: 'strong',
  styl: '',
  cls: '' }
[32m[2013-12-12 00:21:28.057] [INFO] console - [39mthis { cc: 
   { incrementFlag: [Function],
     decrementFlag: [Function],
     incrementAttrib: [Function],
     decrementAttrib: [Function],
     startNewLine: [Function],
     notifySelection: [Function],
     doAttrib: [Function],
     collectContent: [Function],
     notifyNextNode: [Function],
     getLines: [Function],
     finish: [Function] },
  state: 
   { flags: {},
     localAttribs: null,
     attribs: { bold: 0 },
     attribString: undefined,
     lineAttributes: { heading: 'h1' },
     listNesting: 0 },
  tname: 'strong',
  styl: '',
  cls: '' }
[32m[2013-12-12 00:21:28.057] [INFO] console - [39mthis2 { cc: 
   { incrementFlag: [Function],
     decrementFlag: [Function],
     incrementAttrib: [Function],
     decrementAttrib: [Function],
     startNewLine: [Function],
     notifySelection: [Function],
     doAttrib: [Function],
     collectContent: [Function],
     notifyNextNode: [Function],
     getLines: [Function],
     finish: [Function] },
  state: 
   { flags: {},
     localAttribs: [ 'bold' ],
     attribs: { bold: 1 },
     attribString: '*7',
     lineAttributes: { heading: 'h1' },
     listNesting: 0 },
  tname: 'strong',
  styl: '',
  cls: '' }
[32m[2013-12-12 00:21:28.057] [INFO] console - [39mthis { cc: 
   { incrementFlag: [Function],
     decrementFlag: [Function],
     incrementAttrib: [Function],
     decrementAttrib: [Function],
     startNewLine: [Function],
     notifySelection: [Function],
     doAttrib: [Function],
     collectContent: [Function],
     notifyNextNode: [Function],
     getLines: [Function],
     finish: [Function] },
  state: 
   { flags: {},
     localAttribs: null,
     attribs: { bold: 0 },
     attribString: undefined,
     lineAttributes: { heading: 'h1' },
     listNesting: 0 },
  tname: 'strong',
  styl: '',
  cls: '' }
[32m[2013-12-12 00:21:28.058] [INFO] console - [39mthis2 { cc: 
   { incrementFlag: [Function],
     decrementFlag: [Function],
     incrementAttrib: [Function],
     decrementAttrib: [Function],
     startNewLine: [Function],
     notifySelection: [Function],
     doAttrib: [Function],
     collectContent: [Function],
     notifyNextNode: [Function],
     getLines: [Function],
     finish: [Function] },
  state: 
   { flags: {},
     localAttribs: [ 'bold' ],
     attribs: { bold: 1 },
     attribString: '*7',
     lineAttributes: { heading: 'h1' },
     listNesting: 0 },
  tname: 'strong',
  styl: '',
  cls: '' }
[32m[2013-12-12 00:21:28.058] [INFO] console - [39mthis2 { cc: 
   { incrementFlag: [Function],
     decrementFlag: [Function],
     incrementAttrib: [Function],
     decrementAttrib: [Function],
     startNewLine: [Function],
     notifySelection: [Function],
     doAttrib: [Function],
     collectContent: [Function],
     notifyNextNode: [Function],
     getLines: [Function],
     finish: [Function] },
  state: 
   { flags: {},
     localAttribs: null,
     attribs: { bold: 0 },
     attribString: undefined,
     lineAttributes: { heading: 'h1' },
     listNesting: 0 },
  tname: 'h1',
  styl: '',
  cls: '' }
[32m[2013-12-12 00:21:28.058] [INFO] console - [39mthis { cc: 
   { incrementFlag: [Function],
     decrementFlag: [Function],
     incrementAttrib: [Function],
     decrementAttrib: [Function],
     startNewLine: [Function],
     notifySelection: [Function],
     doAttrib: [Function],
     collectContent: [Function],
     notifyNextNode: [Function],
     getLines: [Function],
     finish: [Function] },
  state: 
   { flags: {},
     localAttribs: null,
     attribs: { bold: 0 },
     attribString: undefined,
     lineAttributes: {},
     listNesting: 0 },
  tname: 'p',
  styl: '',
  cls: '' }
[32m[2013-12-12 00:21:28.059] [INFO] console - [39mthis2 { cc: 
   { incrementFlag: [Function],
     decrementFlag: [Function],
     incrementAttrib: [Function],
     decrementAttrib: [Function],
     startNewLine: [Function],
     notifySelection: [Function],
     doAttrib: [Function],
     collectContent: [Function],
     notifyNextNode: [Function],
     getLines: [Function],
     finish: [Function] },
  state: 
   { flags: {},
     localAttribs: null,
     attribs: { bold: 0 },
     attribString: undefined,
     lineAttributes: {},
     listNesting: 0 },
  tname: 'p',
  styl: '',
  cls: '' }
[32m[2013-12-12 00:21:28.059] [INFO] console - [39mthis { cc: 
   { incrementFlag: [Function],
     decrementFlag: [Function],
     incrementAttrib: [Function],
     decrementAttrib: [Function],
     startNewLine: [Function],
     notifySelection: [Function],
     doAttrib: [Function],
     collectContent: [Function],
     notifyNextNode: [Function],
     getLines: [Function],
     finish: [Function] },
  state: 
   { flags: {},
     localAttribs: null,
     attribs: { bold: 0 },
     attribString: undefined,
     lineAttributes: {},
     listNesting: 0 },
  tname: 'p',
  styl: '',
  cls: '' }
[32m[2013-12-12 00:21:28.060] [INFO] console - [39mthis2 { cc: 
   { incrementFlag: [Function],
     decrementFlag: [Function],
     incrementAttrib: [Function],
     decrementAttrib: [Function],
     startNewLine: [Function],
     notifySelection: [Function],
     doAttrib: [Function],
     collectContent: [Function],
     notifyNextNode: [Function],
     getLines: [Function],
     finish: [Function] },
  state: 
   { flags: {},
     localAttribs: null,
     attribs: { bold: 0 },
     attribString: undefined,
     lineAttributes: {},
     listNesting: 0 },
  tname: 'p',
  styl: '',
  cls: '' }
[32m[2013-12-12 00:21:28.060] [INFO] console - [39mthis { cc: 
   { incrementFlag: [Function],
     decrementFlag: [Function],
     incrementAttrib: [Function],
     decrementAttrib: [Function],
     startNewLine: [Function],
     notifySelection: [Function],
     doAttrib: [Function],
     collectContent: [Function],
     notifyNextNode: [Function],
     getLines: [Function],
     finish: [Function] },
  state: 
   { flags: {},
     localAttribs: null,
     attribs: { bold: 0 },
     attribString: undefined,
     lineAttributes: {},
     listNesting: 0 },
  tname: 'p',
  styl: '',
  cls: '' }
[32m[2013-12-12 00:21:28.061] [INFO] console - [39mthis2 { cc: 
   { incrementFlag: [Function],
     decrementFlag: [Function],
     incrementAttrib: [Function],
     decrementAttrib: [Function],
     startNewLine: [Function],
     notifySelection: [Function],
     doAttrib: [Function],
     collectContent: [Function],
     notifyNextNode: [Function],
     getLines: [Function],
     finish: [Function] },
  state: 
   { flags: {},
     localAttribs: null,
     attribs: { bold: 0 },
     attribString: undefined,
     lineAttributes: {},
     listNesting: 0 },
  tname: 'p',
  styl: '',
  cls: '' }
[32m[2013-12-12 00:21:28.061] [INFO] console - [39mthis { cc: 
   { incrementFlag: [Function],
     decrementFlag: [Function],
     incrementAttrib: [Function],
     decrementAttrib: [Function],
     startNewLine: [Function],
     notifySelection: [Function],
     doAttrib: [Function],
     collectContent: [Function],
     notifyNextNode: [Function],
     getLines: [Function],
     finish: [Function] },
  state: 
   { flags: {},
     localAttribs: null,
     attribs: { bold: 0 },
     attribString: undefined,
     lineAttributes: {},
     listNesting: 0 },
  tname: 'h1',
  styl: '',
  cls: '' }
[32m[2013-12-12 00:21:28.062] [INFO] console - [39mthis { cc: 
   { incrementFlag: [Function],
     decrementFlag: [Function],
     incrementAttrib: [Function],
     decrementAttrib: [Function],
     startNewLine: [Function],
     notifySelection: [Function],
     doAttrib: [Function],
     collectContent: [Function],
     notifyNextNode: [Function],
     getLines: [Function],
     finish: [Function] },
  state: 
   { flags: {},
     localAttribs: null,
     attribs: { bold: 0 },
     attribString: undefined,
     lineAttributes: { heading: 'h1' },
     listNesting: 0 },
  tname: 'strong',
  styl: '',
  cls: '' }
[32m[2013-12-12 00:21:28.062] [INFO] console - [39mthis2 { cc: 
   { incrementFlag: [Function],
     decrementFlag: [Function],
     incrementAttrib: [Function],
     decrementAttrib: [Function],
     startNewLine: [Function],
     notifySelection: [Function],
     doAttrib: [Function],
     collectContent: [Function],
     notifyNextNode: [Function],
     getLines: [Function],
     finish: [Function] },
  state: 
   { flags: {},
     localAttribs: [ 'bold' ],
     attribs: { bold: 1 },
     attribString: '*7',
     lineAttributes: { heading: 'h1' },
     listNesting: 0 },
  tname: 'strong',
  styl: '',
  cls: '' }
[32m[2013-12-12 00:21:28.062] [INFO] console - [39mthis { cc: 
   { incrementFlag: [Function],
     decrementFlag: [Function],
     incrementAttrib: [Function],
     decrementAttrib: [Function],
     startNewLine: [Function],
     notifySelection: [Function],
     doAttrib: [Function],
     collectContent: [Function],
     notifyNextNode: [Function],
     getLines: [Function],
     finish: [Function] },
  state: 
   { flags: {},
     localAttribs: null,
     attribs: { bold: 0 },
     attribString: undefined,
     lineAttributes: { heading: 'h1' },
     listNesting: 0 },
  tname: 'strong',
  styl: '',
  cls: '' }
[32m[2013-12-12 00:21:28.062] [INFO] console - [39mthis2 { cc: 
   { incrementFlag: [Function],
     decrementFlag: [Function],
     incrementAttrib: [Function],
     decrementAttrib: [Function],
     startNewLine: [Function],
     notifySelection: [Function],
     doAttrib: [Function],
     collectContent: [Function],
     notifyNextNode: [Function],
     getLines: [Function],
     finish: [Function] },
  state: 
   { flags: {},
     localAttribs: [ 'bold' ],
     attribs: { bold: 1 },
     attribString: '*7',
     lineAttributes: { heading: 'h1' },
     listNesting: 0 },
  tname: 'strong',
  styl: '',
  cls: '' }
[32m[2013-12-12 00:21:28.063] [INFO] console - [39mthis { cc: 
   { incrementFlag: [Function],
     decrementFlag: [Function],
     incrementAttrib: [Function],
     decrementAttrib: [Function],
     startNewLine: [Function],
     notifySelection: [Function],
     doAttrib: [Function],
     collectContent: [Function],
     notifyNextNode: [Function],
     getLines: [Function],
     finish: [Function] },
  state: 
   { flags: {},
     localAttribs: null,
     attribs: { bold: 0 },
     attribString: undefined,
     lineAttributes: { heading: 'h1' },
     listNesting: 0 },
  tname: 'strong',
  styl: '',
  cls: '' }
[32m[2013-12-12 00:21:28.063] [INFO] console - [39mthis2 { cc: 
   { incrementFlag: [Function],
     decrementFlag: [Function],
     incrementAttrib: [Function],
     decrementAttrib: [Function],
     startNewLine: [Function],
     notifySelection: [Function],
     doAttrib: [Function],
     collectContent: [Function],
     notifyNextNode: [Function],
     getLines: [Function],
     finish: [Function] },
  state: 
   { flags: {},
     localAttribs: [ 'bold' ],
     attribs: { bold: 1 },
     attribString: '*7',
     lineAttributes: { heading: 'h1' },
     listNesting: 0 },
  tname: 'strong',
  styl: '',
  cls: '' }
[32m[2013-12-12 00:21:28.063] [INFO] console - [39mthis { cc: 
   { incrementFlag: [Function],
     decrementFlag: [Function],
     incrementAttrib: [Function],
     decrementAttrib: [Function],
     startNewLine: [Function],
     notifySelection: [Function],
     doAttrib: [Function],
     collectContent: [Function],
     notifyNextNode: [Function],
     getLines: [Function],
     finish: [Function] },
  state: 
   { flags: {},
     localAttribs: null,
     attribs: { bold: 0 },
     attribString: undefined,
     lineAttributes: { heading: 'h1' },
     listNesting: 0 },
  tname: 'strong',
  styl: '',
  cls: '' }
[32m[2013-12-12 00:21:28.063] [INFO] console - [39mthis2 { cc: 
   { incrementFlag: [Function],
     decrementFlag: [Function],
     incrementAttrib: [Function],
     decrementAttrib: [Function],
     startNewLine: [Function],
     notifySelection: [Function],
     doAttrib: [Function],
     collectContent: [Function],
     notifyNextNode: [Function],
     getLines: [Function],
     finish: [Function] },
  state: 
   { flags: {},
     localAttribs: [ 'bold' ],
     attribs: { bold: 1 },
     attribString: '*7',
     lineAttributes: { heading: 'h1' },
     listNesting: 0 },
  tname: 'strong',
  styl: '',
  cls: '' }
[32m[2013-12-12 00:21:28.064] [INFO] console - [39mthis { cc: 
   { incrementFlag: [Function],
     decrementFlag: [Function],
     incrementAttrib: [Function],
     decrementAttrib: [Function],
     startNewLine: [Function],
     notifySelection: [Function],
     doAttrib: [Function],
     collectContent: [Function],
     notifyNextNode: [Function],
     getLines: [Function],
     finish: [Function] },
  state: 
   { flags: {},
     localAttribs: null,
     attribs: { bold: 0 },
     attribString: undefined,
     lineAttributes: { heading: 'h1' },
     listNesting: 0 },
  tname: 'strong',
  styl: '',
  cls: '' }
[32m[2013-12-12 00:21:28.064] [INFO] console - [39mthis2 { cc: 
   { incrementFlag: [Function],
     decrementFlag: [Function],
     incrementAttrib: [Function],
     decrementAttrib: [Function],
     startNewLine: [Function],
     notifySelection: [Function],
     doAttrib: [Function],
     collectContent: [Function],
     notifyNextNode: [Function],
     getLines: [Function],
     finish: [Function] },
  state: 
   { flags: {},
     localAttribs: [ 'bold' ],
     attribs: { bold: 1 },
     attribString: '*7',
     lineAttributes: { heading: 'h1' },
     listNesting: 0 },
  tname: 'strong',
  styl: '',
  cls: '' }
[32m[2013-12-12 00:21:28.064] [INFO] console - [39mthis { cc: 
   { incrementFlag: [Function],
     decrementFlag: [Function],
     incrementAttrib: [Function],
     decrementAttrib: [Function],
     startNewLine: [Function],
     notifySelection: [Function],
     doAttrib: [Function],
     collectContent: [Function],
     notifyNextNode: [Function],
     getLines: [Function],
     finish: [Function] },
  state: 
   { flags: {},
     localAttribs: null,
     attribs: { bold: 0 },
     attribString: undefined,
     lineAttributes: { heading: 'h1' },
     listNesting: 0 },
  tname: 'strong',
  styl: '',
  cls: '' }
[32m[2013-12-12 00:21:28.064] [INFO] console - [39mthis2 { cc: 
   { incrementFlag: [Function],
     decrementFlag: [Function],
     incrementAttrib: [Function],
     decrementAttrib: [Function],
     startNewLine: [Function],
     notifySelection: [Function],
     doAttrib: [Function],
     collectContent: [Function],
     notifyNextNode: [Function],
     getLines: [Function],
     finish: [Function] },
  state: 
   { flags: {},
     localAttribs: [ 'bold' ],
     attribs: { bold: 1 },
     attribString: '*7',
     lineAttributes: { heading: 'h1' },
     listNesting: 0 },
  tname: 'strong',
  styl: '',
  cls: '' }
[32m[2013-12-12 00:21:28.064] [INFO] console - [39mthis2 { cc: 
   { incrementFlag: [Function],
     decrementFlag: [Function],
     incrementAttrib: [Function],
     decrementAttrib: [Function],
     startNewLine: [Function],
     notifySelection: [Function],
     doAttrib: [Function],
     collectContent: [Function],
     notifyNextNode: [Function],
     getLines: [Function],
     finish: [Function] },
  state: 
   { flags: {},
     localAttribs: null,
     attribs: { bold: 0 },
     attribString: undefined,
     lineAttributes: { heading: 'h1' },
     listNesting: 0 },
  tname: 'h1',
  styl: '',
  cls: '' }
[32m[2013-12-12 00:21:28.065] [INFO] console - [39mthis { cc: 
   { incrementFlag: [Function],
     decrementFlag: [Function],
     incrementAttrib: [Function],
     decrementAttrib: [Function],
     startNewLine: [Function],
     notifySelection: [Function],
     doAttrib: [Function],
     collectContent: [Function],
     notifyNextNode: [Function],
     getLines: [Function],
     finish: [Function] },
  state: 
   { flags: {},
     localAttribs: null,
     attribs: { bold: 0 },
     attribString: undefined,
     lineAttributes: {},
     listNesting: 0 },
  tname: 'p',
  styl: '',
  cls: '' }
[32m[2013-12-12 00:21:28.065] [INFO] console - [39mthis2 { cc: 
   { incrementFlag: [Function],
     decrementFlag: [Function],
     incrementAttrib: [Function],
     decrementAttrib: [Function],
     startNewLine: [Function],
     notifySelection: [Function],
     doAttrib: [Function],
     collectContent: [Function],
     notifyNextNode: [Function],
     getLines: [Function],
     finish: [Function] },
  state: 
   { flags: {},
     localAttribs: null,
     attribs: { bold: 0 },
     attribString: undefined,
     lineAttributes: {},
     listNesting: 0 },
  tname: 'p',
  styl: '',
  cls: '' }
[32m[2013-12-12 00:21:28.066] [INFO] console - [39mthis { cc: 
   { incrementFlag: [Function],
     decrementFlag: [Function],
     incrementAttrib: [Function],
     decrementAttrib: [Function],
     startNewLine: [Function],
     notifySelection: [Function],
     doAttrib: [Function],
     collectContent: [Function],
     notifyNextNode: [Function],
     getLines: [Function],
     finish: [Function] },
  state: 
   { flags: {},
     localAttribs: null,
     attribs: { bold: 0 },
     attribString: undefined,
     lineAttributes: {},
     listNesting: 0 },
  tname: 'p',
  styl: '',
  cls: '' }
[32m[2013-12-12 00:21:28.067] [INFO] console - [39mthis2 { cc: 
   { incrementFlag: [Function],
     decrementFlag: [Function],
     incrementAttrib: [Function],
     decrementAttrib: [Function],
     startNewLine: [Function],
     notifySelection: [Function],
     doAttrib: [Function],
     collectContent: [Function],
     notifyNextNode: [Function],
     getLines: [Function],
     finish: [Function] },
  state: 
   { flags: {},
     localAttribs: null,
     attribs: { bold: 0 },
     attribString: undefined,
     lineAttributes: {},
     listNesting: 0 },
  tname: 'p',
  styl: '',
  cls: '' }
[32m[2013-12-12 00:21:28.068] [INFO] console - [39mthis { cc: 
   { incrementFlag: [Function],
     decrementFlag: [Function],
     incrementAttrib: [Function],
     decrementAttrib: [Function],
     startNewLine: [Function],
     notifySelection: [Function],
     doAttrib: [Function],
     collectContent: [Function],
     notifyNextNode: [Function],
     getLines: [Function],
     finish: [Function] },
  state: 
   { flags: {},
     localAttribs: null,
     attribs: { bold: 0 },
     attribString: undefined,
     lineAttributes: {},
     listNesting: 0 },
  tname: 'h2',
  styl: '',
  cls: '' }
[32m[2013-12-12 00:21:28.068] [INFO] console - [39mthis2 { cc: 
   { incrementFlag: [Function],
     decrementFlag: [Function],
     incrementAttrib: [Function],
     decrementAttrib: [Function],
     startNewLine: [Function],
     notifySelection: [Function],
     doAttrib: [Function],
     collectContent: [Function],
     notifyNextNode: [Function],
     getLines: [Function],
     finish: [Function] },
  state: 
   { flags: {},
     localAttribs: null,
     attribs: { bold: 0 },
     attribString: undefined,
     lineAttributes: { heading: 'h2' },
     listNesting: 0 },
  tname: 'h2',
  styl: '',
  cls: '' }
[32m[2013-12-12 00:21:28.068] [INFO] console - [39mthis { cc: 
   { incrementFlag: [Function],
     decrementFlag: [Function],
     incrementAttrib: [Function],
     decrementAttrib: [Function],
     startNewLine: [Function],
     notifySelection: [Function],
     doAttrib: [Function],
     collectContent: [Function],
     notifyNextNode: [Function],
     getLines: [Function],
     finish: [Function] },
  state: 
   { flags: {},
     localAttribs: null,
     attribs: { bold: 0 },
     attribString: undefined,
     lineAttributes: {},
     listNesting: 0 },
  tname: 'p',
  styl: '',
  cls: '' }
[32m[2013-12-12 00:21:28.069] [INFO] console - [39mthis2 { cc: 
   { incrementFlag: [Function],
     decrementFlag: [Function],
     incrementAttrib: [Function],
     decrementAttrib: [Function],
     startNewLine: [Function],
     notifySelection: [Function],
     doAttrib: [Function],
     collectContent: [Function],
     notifyNextNode: [Function],
     getLines: [Function],
     finish: [Function] },
  state: 
   { flags: {},
     localAttribs: null,
     attribs: { bold: 0 },
     attribString: undefined,
     lineAttributes: {},
     listNesting: 0 },
  tname: 'p',
  styl: '',
  cls: '' }
[32m[2013-12-12 00:21:28.069] [INFO] console - [39mthis { cc: 
   { incrementFlag: [Function],
     decrementFlag: [Function],
     incrementAttrib: [Function],
     decrementAttrib: [Function],
     startNewLine: [Function],
     notifySelection: [Function],
     doAttrib: [Function],
     collectContent: [Function],
     notifyNextNode: [Function],
     getLines: [Function],
     finish: [Function] },
  state: 
   { flags: {},
     localAttribs: null,
     attribs: { bold: 0 },
     attribString: undefined,
     lineAttributes: {},
     listNesting: 0 },
  tname: 'h2',
  styl: '',
  cls: '' }
[32m[2013-12-12 00:21:28.069] [INFO] console - [39mthis2 { cc: 
   { incrementFlag: [Function],
     decrementFlag: [Function],
     incrementAttrib: [Function],
     decrementAttrib: [Function],
     startNewLine: [Function],
     notifySelection: [Function],
     doAttrib: [Function],
     collectContent: [Function],
     notifyNextNode: [Function],
     getLines: [Function],
     finish: [Function] },
  state: 
   { flags: {},
     localAttribs: null,
     attribs: { bold: 0 },
     attribString: undefined,
     lineAttributes: { heading: 'h2' },
     listNesting: 0 },
  tname: 'h2',
  styl: '',
  cls: '' }
[32m[2013-12-12 00:21:28.069] [INFO] console - [39mthis { cc: 
   { incrementFlag: [Function],
     decrementFlag: [Function],
     incrementAttrib: [Function],
     decrementAttrib: [Function],
     startNewLine: [Function],
     notifySelection: [Function],
     doAttrib: [Function],
     collectContent: [Function],
     notifyNextNode: [Function],
     getLines: [Function],
     finish: [Function] },
  state: 
   { flags: {},
     localAttribs: null,
     attribs: { bold: 0 },
     attribString: undefined,
     lineAttributes: {},
     listNesting: 0 },
  tname: 'p',
  styl: '',
  cls: '' }
[32m[2013-12-12 00:21:28.070] [INFO] console - [39mthis2 { cc: 
   { incrementFlag: [Function],
     decrementFlag: [Function],
     incrementAttrib: [Function],
     decrementAttrib: [Function],
     startNewLine: [Function],
     notifySelection: [Function],
     doAttrib: [Function],
     collectContent: [Function],
     notifyNextNode: [Function],
     getLines: [Function],
     finish: [Function] },
  state: 
   { flags: {},
     localAttribs: null,
     attribs: { bold: 0 },
     attribString: undefined,
     lineAttributes: {},
     listNesting: 0 },
  tname: 'p',
  styl: '',
  cls: '' }
[32m[2013-12-12 00:21:28.070] [INFO] console - [39mthis { cc: 
   { incrementFlag: [Function],
     decrementFlag: [Function],
     incrementAttrib: [Function],
     decrementAttrib: [Function],
     startNewLine: [Function],
     notifySelection: [Function],
     doAttrib: [Function],
     collectContent: [Function],
     notifyNextNode: [Function],
     getLines: [Function],
     finish: [Function] },
  state: 
   { flags: {},
     localAttribs: null,
     attribs: { bold: 0 },
     attribString: undefined,
     lineAttributes: {},
     listNesting: 0 },
  tname: 'h2',
  styl: '',
  cls: '' }
[32m[2013-12-12 00:21:28.071] [INFO] console - [39mthis2 { cc: 
   { incrementFlag: [Function],
     decrementFlag: [Function],
     incrementAttrib: [Function],
     decrementAttrib: [Function],
     startNewLine: [Function],
     notifySelection: [Function],
     doAttrib: [Function],
     collectContent: [Function],
     notifyNextNode: [Function],
     getLines: [Function],
     finish: [Function] },
  state: 
   { flags: {},
     localAttribs: null,
     attribs: { bold: 0 },
     attribString: undefined,
     lineAttributes: { heading: 'h2' },
     listNesting: 0 },
  tname: 'h2',
  styl: '',
  cls: '' }
[32m[2013-12-12 00:21:28.071] [INFO] console - [39mthis { cc: 
   { incrementFlag: [Function],
     decrementFlag: [Function],
     incrementAttrib: [Function],
     decrementAttrib: [Function],
     startNewLine: [Function],
     notifySelection: [Function],
     doAttrib: [Function],
     collectContent: [Function],
     notifyNextNode: [Function],
     getLines: [Function],
     finish: [Function] },
  state: 
   { flags: {},
     localAttribs: null,
     attribs: { bold: 0 },
     attribString: undefined,
     lineAttributes: {},
     listNesting: 0 },
  tname: 'p',
  styl: '',
  cls: '' }
[32m[2013-12-12 00:21:28.073] [INFO] console - [39mthis2 { cc: 
   { incrementFlag: [Function],
     decrementFlag: [Function],
     incrementAttrib: [Function],
     decrementAttrib: [Function],
     startNewLine: [Function],
     notifySelection: [Function],
     doAttrib: [Function],
     collectContent: [Function],
     notifyNextNode: [Function],
     getLines: [Function],
     finish: [Function] },
  state: 
   { flags: {},
     localAttribs: null,
     attribs: { bold: 0 },
     attribString: undefined,
     lineAttributes: {},
     listNesting: 0 },
  tname: 'p',
  styl: '',
  cls: '' }
[32m[2013-12-12 00:21:28.074] [INFO] console - [39mthis { cc: 
   { incrementFlag: [Function],
     decrementFlag: [Function],
     incrementAttrib: [Function],
     decrementAttrib: [Function],
     startNewLine: [Function],
     notifySelection: [Function],
     doAttrib: [Function],
     collectContent: [Function],
     notifyNextNode: [Function],
     getLines: [Function],
     finish: [Function] },
  state: 
   { flags: {},
     localAttribs: null,
     attribs: { bold: 0 },
     attribString: undefined,
     lineAttributes: {},
     listNesting: 0 },
  tname: 'h2',
  styl: '',
  cls: '' }
[32m[2013-12-12 00:21:28.074] [INFO] console - [39mthis2 { cc: 
   { incrementFlag: [Function],
     decrementFlag: [Function],
     incrementAttrib: [Function],
     decrementAttrib: [Function],
     startNewLine: [Function],
     notifySelection: [Function],
     doAttrib: [Function],
     collectContent: [Function],
     notifyNextNode: [Function],
     getLines: [Function],
     finish: [Function] },
  state: 
   { flags: {},
     localAttribs: null,
     attribs: { bold: 0 },
     attribString: undefined,
     lineAttributes: { heading: 'h2' },
     listNesting: 0 },
  tname: 'h2',
  styl: '',
  cls: '' }
[32m[2013-12-12 00:21:28.075] [INFO] console - [39mthis { cc: 
   { incrementFlag: [Function],
     decrementFlag: [Function],
     incrementAttrib: [Function],
     decrementAttrib: [Function],
     startNewLine: [Function],
     notifySelection: [Function],
     doAttrib: [Function],
     collectContent: [Function],
     notifyNextNode: [Function],
     getLines: [Function],
     finish: [Function] },
  state: 
   { flags: {},
     localAttribs: null,
     attribs: { bold: 0 },
     attribString: undefined,
     lineAttributes: {},
     listNesting: 0 },
  tname: 'p',
  styl: '',
  cls: '' }
[32m[2013-12-12 00:21:28.076] [INFO] console - [39mthis2 { cc: 
   { incrementFlag: [Function],
     decrementFlag: [Function],
     incrementAttrib: [Function],
     decrementAttrib: [Function],
     startNewLine: [Function],
     notifySelection: [Function],
     doAttrib: [Function],
     collectContent: [Function],
     notifyNextNode: [Function],
     getLines: [Function],
     finish: [Function] },
  state: 
   { flags: {},
     localAttribs: null,
     attribs: { bold: 0 },
     attribString: undefined,
     lineAttributes: {},
     listNesting: 0 },
  tname: 'p',
  styl: '',
  cls: '' }
[32m[2013-12-12 00:21:28.076] [INFO] console - [39mthis { cc: 
   { incrementFlag: [Function],
     decrementFlag: [Function],
     incrementAttrib: [Function],
     decrementAttrib: [Function],
     startNewLine: [Function],
     notifySelection: [Function],
     doAttrib: [Function],
     collectContent: [Function],
     notifyNextNode: [Function],
     getLines: [Function],
     finish: [Function] },
  state: 
   { flags: {},
     localAttribs: null,
     attribs: { bold: 0 },
     attribString: undefined,
     lineAttributes: {},
     listNesting: 0 },
  tname: 'h2',
  styl: '',
  cls: '' }
[32m[2013-12-12 00:21:28.077] [INFO] console - [39mthis2 { cc: 
   { incrementFlag: [Function],
     decrementFlag: [Function],
     incrementAttrib: [Function],
     decrementAttrib: [Function],
     startNewLine: [Function],
     notifySelection: [Function],
     doAttrib: [Function],
     collectContent: [Function],
     notifyNextNode: [Function],
     getLines: [Function],
     finish: [Function] },
  state: 
   { flags: {},
     localAttribs: null,
     attribs: { bold: 0 },
     attribString: undefined,
     lineAttributes: { heading: 'h2' },
     listNesting: 0 },
  tname: 'h2',
  styl: '',
  cls: '' }
[32m[2013-12-12 00:21:28.081] [INFO] console - [39mthis { cc: 
   { incrementFlag: [Function],
     decrementFlag: [Function],
     incrementAttrib: [Function],
     decrementAttrib: [Function],
     startNewLine: [Function],
     notifySelection: [Function],
     doAttrib: [Function],
     collectContent: [Function],
     notifyNextNode: [Function],
     getLines: [Function],
     finish: [Function] },
  state: 
   { flags: {},
     localAttribs: null,
     attribs: { bold: 0 },
     attribString: undefined,
     lineAttributes: {},
     listNesting: 0 },
  tname: 'p',
  styl: '',
  cls: '' }
[32m[2013-12-12 00:21:28.082] [INFO] console - [39mthis { cc: 
   { incrementFlag: [Function],
     decrementFlag: [Function],
     incrementAttrib: [Function],
     decrementAttrib: [Function],
     startNewLine: [Function],
     notifySelection: [Function],
     doAttrib: [Function],
     collectContent: [Function],
     notifyNextNode: [Function],
     getLines: [Function],
     finish: [Function] },
  state: 
   { flags: {},
     localAttribs: null,
     attribs: { bold: 0 },
     attribString: undefined,
     lineAttributes: {},
     listNesting: 0 },
  tname: 'a',
  styl: '',
  cls: '' }
[32m[2013-12-12 00:21:28.082] [INFO] console - [39mthis2 { cc: 
   { incrementFlag: [Function],
     decrementFlag: [Function],
     incrementAttrib: [Function],
     decrementAttrib: [Function],
     startNewLine: [Function],
     notifySelection: [Function],
     doAttrib: [Function],
     collectContent: [Function],
     notifyNextNode: [Function],
     getLines: [Function],
     finish: [Function] },
  state: 
   { flags: {},
     localAttribs: null,
     attribs: { bold: 0 },
     attribString: undefined,
     lineAttributes: {},
     listNesting: 0 },
  tname: 'a',
  styl: '',
  cls: '' }
[32m[2013-12-12 00:21:28.083] [INFO] console - [39mthis { cc: 
   { incrementFlag: [Function],
     decrementFlag: [Function],
     incrementAttrib: [Function],
     decrementAttrib: [Function],
     startNewLine: [Function],
     notifySelection: [Function],
     doAttrib: [Function],
     collectContent: [Function],
     notifyNextNode: [Function],
     getLines: [Function],
     finish: [Function] },
  state: 
   { flags: {},
     localAttribs: null,
     attribs: { bold: 0 },
     attribString: undefined,
     lineAttributes: {},
     listNesting: 0 },
  tname: 'a',
  styl: '',
  cls: '' }
[32m[2013-12-12 00:21:28.083] [INFO] console - [39mthis2 { cc: 
   { incrementFlag: [Function],
     decrementFlag: [Function],
     incrementAttrib: [Function],
     decrementAttrib: [Function],
     startNewLine: [Function],
     notifySelection: [Function],
     doAttrib: [Function],
     collectContent: [Function],
     notifyNextNode: [Function],
     getLines: [Function],
     finish: [Function] },
  state: 
   { flags: {},
     localAttribs: null,
     attribs: { bold: 0 },
     attribString: undefined,
     lineAttributes: {},
     listNesting: 0 },
  tname: 'a',
  styl: '',
  cls: '' }
[32m[2013-12-12 00:21:28.084] [INFO] console - [39mthis2 { cc: 
   { incrementFlag: [Function],
     decrementFlag: [Function],
     incrementAttrib: [Function],
     decrementAttrib: [Function],
     startNewLine: [Function],
     notifySelection: [Function],
     doAttrib: [Function],
     collectContent: [Function],
     notifyNextNode: [Function],
     getLines: [Function],
     finish: [Function] },
  state: 
   { flags: {},
     localAttribs: null,
     attribs: { bold: 0 },
     attribString: undefined,
     lineAttributes: {},
     listNesting: 0 },
  tname: 'p',
  styl: '',
  cls: '' }
[32m[2013-12-12 00:21:28.084] [INFO] console - [39mthis { cc: 
   { incrementFlag: [Function],
     decrementFlag: [Function],
     incrementAttrib: [Function],
     decrementAttrib: [Function],
     startNewLine: [Function],
     notifySelection: [Function],
     doAttrib: [Function],
     collectContent: [Function],
     notifyNextNode: [Function],
     getLines: [Function],
     finish: [Function] },
  state: 
   { flags: {},
     localAttribs: null,
     attribs: { bold: 0 },
     attribString: undefined,
     lineAttributes: {},
     listNesting: 0 },
  tname: 'h1',
  styl: '',
  cls: '' }
[32m[2013-12-12 00:21:28.084] [INFO] console - [39mthis { cc: 
   { incrementFlag: [Function],
     decrementFlag: [Function],
     incrementAttrib: [Function],
     decrementAttrib: [Function],
     startNewLine: [Function],
     notifySelection: [Function],
     doAttrib: [Function],
     collectContent: [Function],
     notifyNextNode: [Function],
     getLines: [Function],
     finish: [Function] },
  state: 
   { flags: {},
     localAttribs: null,
     attribs: { bold: 0 },
     attribString: undefined,
     lineAttributes: { heading: 'h1' },
     listNesting: 0 },
  tname: 'strong',
  styl: '',
  cls: '' }
[32m[2013-12-12 00:21:28.085] [INFO] console - [39mthis2 { cc: 
   { incrementFlag: [Function],
     decrementFlag: [Function],
     incrementAttrib: [Function],
     decrementAttrib: [Function],
     startNewLine: [Function],
     notifySelection: [Function],
     doAttrib: [Function],
     collectContent: [Function],
     notifyNextNode: [Function],
     getLines: [Function],
     finish: [Function] },
  state: 
   { flags: {},
     localAttribs: [ 'bold' ],
     attribs: { bold: 1 },
     attribString: '*7',
     lineAttributes: { heading: 'h1' },
     listNesting: 0 },
  tname: 'strong',
  styl: '',
  cls: '' }
[32m[2013-12-12 00:21:28.085] [INFO] console - [39mthis2 { cc: 
   { incrementFlag: [Function],
     decrementFlag: [Function],
     incrementAttrib: [Function],
     decrementAttrib: [Function],
     startNewLine: [Function],
     notifySelection: [Function],
     doAttrib: [Function],
     collectContent: [Function],
     notifyNextNode: [Function],
     getLines: [Function],
     finish: [Function] },
  state: 
   { flags: {},
     localAttribs: null,
     attribs: { bold: 0 },
     attribString: undefined,
     lineAttributes: { heading: 'h1' },
     listNesting: 0 },
  tname: 'h1',
  styl: '',
  cls: '' }
[32m[2013-12-12 00:21:28.085] [INFO] console - [39mthis { cc: 
   { incrementFlag: [Function],
     decrementFlag: [Function],
     incrementAttrib: [Function],
     decrementAttrib: [Function],
     startNewLine: [Function],
     notifySelection: [Function],
     doAttrib: [Function],
     collectContent: [Function],
     notifyNextNode: [Function],
     getLines: [Function],
     finish: [Function] },
  state: 
   { flags: {},
     localAttribs: null,
     attribs: { bold: 0 },
     attribString: undefined,
     lineAttributes: {},
     listNesting: 0 },
  tname: 'p',
  styl: '',
  cls: '' }
[32m[2013-12-12 00:21:28.086] [INFO] console - [39mthis { cc: 
   { incrementFlag: [Function],
     decrementFlag: [Function],
     incrementAttrib: [Function],
     decrementAttrib: [Function],
     startNewLine: [Function],
     notifySelection: [Function],
     doAttrib: [Function],
     collectContent: [Function],
     notifyNextNode: [Function],
     getLines: [Function],
     finish: [Function] },
  state: 
   { flags: {},
     localAttribs: null,
     attribs: { bold: 0 },
     attribString: undefined,
     lineAttributes: {},
     listNesting: 0 },
  tname: 'a',
  styl: '',
  cls: '' }
[32m[2013-12-12 00:21:28.086] [INFO] console - [39mthis2 { cc: 
   { incrementFlag: [Function],
     decrementFlag: [Function],
     incrementAttrib: [Function],
     decrementAttrib: [Function],
     startNewLine: [Function],
     notifySelection: [Function],
     doAttrib: [Function],
     collectContent: [Function],
     notifyNextNode: [Function],
     getLines: [Function],
     finish: [Function] },
  state: 
   { flags: {},
     localAttribs: null,
     attribs: { bold: 0 },
     attribString: undefined,
     lineAttributes: {},
     listNesting: 0 },
  tname: 'a',
  styl: '',
  cls: '' }
[32m[2013-12-12 00:21:28.087] [INFO] console - [39mthis2 { cc: 
   { incrementFlag: [Function],
     decrementFlag: [Function],
     incrementAttrib: [Function],
     decrementAttrib: [Function],
     startNewLine: [Function],
     notifySelection: [Function],
     doAttrib: [Function],
     collectContent: [Function],
     notifyNextNode: [Function],
     getLines: [Function],
     finish: [Function] },
  state: 
   { flags: {},
     localAttribs: null,
     attribs: { bold: 0 },
     attribString: undefined,
     lineAttributes: {},
     listNesting: 0 },
  tname: 'p',
  styl: '',
  cls: '' }
[32m[2013-12-12 00:21:28.087] [INFO] console - [39mthis { cc: 
   { incrementFlag: [Function],
     decrementFlag: [Function],
     incrementAttrib: [Function],
     decrementAttrib: [Function],
     startNewLine: [Function],
     notifySelection: [Function],
     doAttrib: [Function],
     collectContent: [Function],
     notifyNextNode: [Function],
     getLines: [Function],
     finish: [Function] },
  state: 
   { flags: {},
     localAttribs: null,
     attribs: { bold: 0 },
     attribString: undefined,
     lineAttributes: {},
     listNesting: 0 },
  tname: 'p',
  styl: '',
  cls: '' }
[32m[2013-12-12 00:21:28.088] [INFO] console - [39mthis2 { cc: 
   { incrementFlag: [Function],
     decrementFlag: [Function],
     incrementAttrib: [Function],
     decrementAttrib: [Function],
     startNewLine: [Function],
     notifySelection: [Function],
     doAttrib: [Function],
     collectContent: [Function],
     notifyNextNode: [Function],
     getLines: [Function],
     finish: [Function] },
  state: 
   { flags: {},
     localAttribs: null,
     attribs: { bold: 0 },
     attribString: undefined,
     lineAttributes: {},
     listNesting: 0 },
  tname: 'p',
  styl: '',
  cls: '' }
[32m[2013-12-12 00:21:28.088] [INFO] console - [39mthis2 { cc: 
   { incrementFlag: [Function],
     decrementFlag: [Function],
     incrementAttrib: [Function],
     decrementAttrib: [Function],
     startNewLine: [Function],
     notifySelection: [Function],
     doAttrib: [Function],
     collectContent: [Function],
     notifyNextNode: [Function],
     getLines: [Function],
     finish: [Function] },
  state: 
   { flags: {},
     localAttribs: null,
     attribs: { bold: 0 },
     attribString: undefined,
     lineAttributes: {},
     listNesting: 0 },
  tname: 'body',
  styl: '',
  cls: '' }
[32m[2013-12-12 00:22:23.461] [INFO] console - [39mgraceful shutdown...
[32m[2013-12-12 00:22:23.462] [INFO] console - [39mdb sucessfully closed.
